@0 GITREV=df432627bb654094529d1833ff61374cc6918893, GITCLEAN=1
@0 Create from elfs
@0 dimX=11, dimY=4
@0 Reading ELF file out/generated/default.elf
@0 Reading ELF file out/generated/coord.elf
@0 Reading ELF file out/bin/out_2_0.elf
@0 Reading ELF file out/bin/out_4_0.elf
@0 Reading ELF file out/bin/out_5_0.elf
@0 Reading ELF file out/bin/out_3_0.elf
@0 Reading ELF file out/bin/out_6_0.elf
@0 Reading ELF file out/bin/out_7_0.elf
@0 Reading ELF file out/bin/out_0_0.elf
@0 Reading ELF file out/bin/out_1_0.elf
@0 Reading ELF file out/east/bin/out_2_0.elf
@0 Reading ELF file out/east/bin/out_3_0.elf
@0 Reading ELF file out/east/bin/out_0_0.elf
@0 Reading ELF file out/east/bin/out_1_0.elf
@0 Reading ELF file out/west/bin/out_2_0.elf
@0 Reading ELF file out/west/bin/out_4_0.elf
@0 Reading ELF file out/west/bin/out_5_0.elf
@0 Reading ELF file out/west/bin/out_3_0.elf
@0 Reading ELF file out/west/bin/out_0_0.elf
@0 Reading ELF file out/west/bin/out_1_0.elf
@0 Reading ELF file out/generated/MEMCPY_XY_ROUTES.elf
@0 Invocation key is: simCB6B8868B91D475629ADCAEBF0C77B18
@0 Plan key is: plan8C1885582DFC6EAE07FA76181FABD675
@0 SimTraceCtf, flags:  wavelets=0 landing=1 inst=1 switch_positions=0 stalls=1
@0 P0.0 (nul) tile trace flag: inst_trace,landing,stalls
@0 P1.0 (nul) tile trace flag: inst_trace,landing,stalls
@0 P2.0 (nul) tile trace flag: inst_trace,landing,stalls
@0 P3.0 (nul) tile trace flag: inst_trace,landing,stalls
@0 P4.0 (nul) tile trace flag: inst_trace,landing,stalls
@0 P5.0 (nul) tile trace flag: inst_trace,landing,stalls
@0 P6.0 (nul) tile trace flag: inst_trace,landing,stalls
@0 P7.0 (nul) tile trace flag: inst_trace,landing,stalls
@0 P8.0 (nul) tile trace flag: inst_trace,landing,stalls
@0 P9.0 (nul) tile trace flag: inst_trace,landing,stalls
@0 P10.0 (nul) tile trace flag: inst_trace,landing,stalls
@0 P0.1 (hwtile) tile trace flag: inst_trace,landing,stalls
@0 P1.1 (hwtile) tile trace flag: inst_trace,landing,stalls
@0 P2.1 (hwtile) tile trace flag: inst_trace,landing,stalls
@0 P3.1 (hwtile) tile trace flag: inst_trace,landing,stalls
@0 P4.1 (hwtile) tile trace flag: inst_trace,landing,stalls
@0 P5.1 (hwtile) tile trace flag: inst_trace,landing,stalls
@0 P6.1 (hwtile) tile trace flag: inst_trace,landing,stalls
@0 P7.1 (hwtile) tile trace flag: inst_trace,landing,stalls
@0 P8.1 (hwtile) tile trace flag: inst_trace,landing,stalls
@0 P9.1 (hwtile) tile trace flag: inst_trace,landing,stalls
@0 P10.1 (hwtile) tile trace flag: inst_trace,landing,stalls
@0 P0.2 (hwtile) tile trace flag: inst_trace,landing,stalls
@0 P1.2 (hwtile) tile trace flag: inst_trace,landing,stalls
@0 P2.2 (hwtile) tile trace flag: inst_trace,landing,stalls
@0 P3.2 (hwtile) tile trace flag: inst_trace,landing,stalls
@0 P4.2 (hwtile) tile trace flag: inst_trace,landing,stalls
@0 P5.2 (hwtile) tile trace flag: inst_trace,landing,stalls
@0 P6.2 (hwtile) tile trace flag: inst_trace,landing,stalls
@0 P7.2 (hwtile) tile trace flag: inst_trace,landing,stalls
@0 P8.2 (hwtile) tile trace flag: inst_trace,landing,stalls
@0 P9.2 (hwtile) tile trace flag: inst_trace,landing,stalls
@0 P10.2 (hwtile) tile trace flag: inst_trace,landing,stalls
@0 P0.3 (nul) tile trace flag: inst_trace,landing,stalls
@0 P1.3 (nul) tile trace flag: inst_trace,landing,stalls
@0 P2.3 (nul) tile trace flag: inst_trace,landing,stalls
@0 P3.3 (nul) tile trace flag: inst_trace,landing,stalls
@0 P4.3 (nul) tile trace flag: inst_trace,landing,stalls
@0 P5.3 (nul) tile trace flag: inst_trace,landing,stalls
@0 P6.3 (nul) tile trace flag: inst_trace,landing,stalls
@0 P7.3 (nul) tile trace flag: inst_trace,landing,stalls
@0 P8.3 (nul) tile trace flag: inst_trace,landing,stalls
@0 P9.3 (nul) tile trace flag: inst_trace,landing,stalls
@0 P10.3 (nul) tile trace flag: inst_trace,landing,stalls
@0 LW0 (nul) tile trace flag: inst_trace,landing,stalls
@0 LW1 (iotile) tile trace flag: inst_trace,landing,stalls
@0 LW2 (iotile) tile trace flag: inst_trace,landing,stalls
@0 LW3 (nul) tile trace flag: inst_trace,landing,stalls
@0 LE0 (nul) tile trace flag: inst_trace,landing,stalls
@0 LE1 (iotile) tile trace flag: inst_trace,landing,stalls
@0 LE2 (iotile) tile trace flag: inst_trace,landing,stalls
@0 LE3 (nul) tile trace flag: inst_trace,landing,stalls
@0 LN0 (nul) tile trace flag: inst_trace,landing,stalls
@0 LN1 (nul) tile trace flag: inst_trace,landing,stalls
@0 LN2 (nul) tile trace flag: inst_trace,landing,stalls
@0 LN3 (nul) tile trace flag: inst_trace,landing,stalls
@0 LN4 (nul) tile trace flag: inst_trace,landing,stalls
@0 LN5 (nul) tile trace flag: inst_trace,landing,stalls
@0 LN6 (nul) tile trace flag: inst_trace,landing,stalls
@0 LN7 (nul) tile trace flag: inst_trace,landing,stalls
@0 LN8 (nul) tile trace flag: inst_trace,landing,stalls
@0 LN9 (nul) tile trace flag: inst_trace,landing,stalls
@0 LN10 (nul) tile trace flag: inst_trace,landing,stalls
@0 LS0 (nul) tile trace flag: inst_trace,landing,stalls
@0 LS1 (nul) tile trace flag: inst_trace,landing,stalls
@0 LS2 (nul) tile trace flag: inst_trace,landing,stalls
@0 LS3 (nul) tile trace flag: inst_trace,landing,stalls
@0 LS4 (nul) tile trace flag: inst_trace,landing,stalls
@0 LS5 (nul) tile trace flag: inst_trace,landing,stalls
@0 LS6 (nul) tile trace flag: inst_trace,landing,stalls
@0 LS7 (nul) tile trace flag: inst_trace,landing,stalls
@0 LS8 (nul) tile trace flag: inst_trace,landing,stalls
@0 LS9 (nul) tile trace flag: inst_trace,landing,stalls
@0 LS10 (nul) tile trace flag: inst_trace,landing,stalls
@0 Architecture is: FYN
@0 Simtile is: hwtile
@0 Sim stats: config-time=0.02, nodes=1, threads=5
@0 Sim stats: tiles=74, simulated_tiles=26, hwtile=22, iotile=4, nultile=48
@15808 PE(0,0): Received b_val = 1.000000
@15812 PE(1,0): Received b_val = 1.000000
@15821 PE(0,1): Received b_val = 1.000000
@15825 PE(1,1): Received b_val = 1.000000
@15886 PE(0,0): Received b_val = 1.000000
@15897 PE(1,0): Received b_val = 1.000000
@15899 PE(0,1): Received b_val = 1.000000
@15910 PE(1,1): Received b_val = 1.000000
@15964 PE(0,0): Received b_val = 1.000000
@15977 PE(0,1): Received b_val = 1.000000
@15982 PE(1,0): Received b_val = 1.000000
@15995 PE(1,1): Received b_val = 1.000000
@16042 PE(0,0): Received b_val = 1.000000
@16055 PE(0,1): Received b_val = 1.000000
@16067 PE(1,0): Received b_val = 1.000000
@16080 PE(1,1): Received b_val = 1.000000
@16120 PE(0,0): Received b_val = 1.000000
@16133 PE(0,1): Received b_val = 1.000000
@16152 PE(1,0): Received b_val = 1.000000
@16165 PE(1,1): Received b_val = 1.000000
@16198 PE(0,0): Received b_val = 1.000000
@16211 PE(0,1): Received b_val = 1.000000
@16237 PE(1,0): Received b_val = 1.000000
@16250 PE(1,1): Received b_val = 1.000000
@16276 PE(0,0): Received b_val = 1.000000
@16289 PE(0,1): Received b_val = 1.000000
@16322 PE(1,0): Received b_val = 1.000000
@16335 PE(1,1): Received b_val = 1.000000
@16354 PE(0,0): Received b_val = 1.000000
@16367 PE(0,1): Received b_val = 1.000000
@16407 PE(1,0): Received b_val = 1.000000
@16420 PE(1,1): Received b_val = 1.000000
@16432 PE(0,0): Received b_val = 1.000000
@16445 PE(0,1): Received b_val = 1.000000
@16492 PE(1,0): Received b_val = 1.000000
@16505 PE(1,1): Received b_val = 1.000000
@16510 PE(0,0): Received b_val = 1.000000
@16523 PE(0,1): Received b_val = 1.000000
@16577 PE(1,0): Received b_val = 1.000000
@16588 PE(0,0): Received b_val = 1.000000
@16590 PE(1,1): Received b_val = 1.000000
@16601 PE(0,1): Received b_val = 1.000000
@16662 PE(1,0): Received b_val = 1.000000
@16666 PE(0,0): Received b_val = 1.000000
@16675 PE(1,1): Received b_val = 1.000000
@16679 PE(0,1): Received b_val = 1.000000
@16744 PE(0,0): Received b_val = 1.000000
@16747 PE(1,0): Received b_val = 1.000000
@16757 PE(0,1): Received b_val = 1.000000
@16760 PE(1,1): Received b_val = 1.000000
@16822 PE(0,0): Received b_val = 1.000000
@16832 PE(1,0): Received b_val = 1.000000
@16835 PE(0,1): Received b_val = 1.000000
@16845 PE(1,1): Received b_val = 1.000000
@16900 PE(0,0): Received b_val = 1.000000
@16913 PE(0,1): Received b_val = 1.000000
@16917 PE(1,0): Received b_val = 1.000000
@16930 PE(1,1): Received b_val = 1.000000
@16978 PE(0,0): Received b_val = 1.000000
@16991 PE(0,1): Received b_val = 1.000000
@17002 PE(1,0): Received b_val = 1.000000
@17015 PE(1,1): Received b_val = 1.000000
@17056 PE(0,0): Received b_val = 1.000000
@17069 PE(0,1): Received b_val = 1.000000
@17087 PE(1,0): Received b_val = 1.000000
@17100 PE(1,1): Received b_val = 1.000000
@17134 PE(0,0): Received b_val = 1.000000
@17147 PE(0,1): Received b_val = 1.000000
@17172 PE(1,0): Received b_val = 1.000000
@17185 PE(1,1): Received b_val = 1.000000
@17212 PE(0,0): Received b_val = 1.000000
@17225 PE(0,1): Received b_val = 1.000000
@17257 PE(1,0): Received b_val = 1.000000
@17270 PE(1,1): Received b_val = 1.000000
@17290 PE(0,0): Received b_val = 1.000000
@17303 PE(0,1): Received b_val = 1.000000
@17342 PE(1,0): Received b_val = 1.000000
@17355 PE(1,1): Received b_val = 1.000000
@17368 PE(0,0): Received b_val = 1.000000
@17381 PE(0,1): Received b_val = 1.000000
@17427 PE(1,0): Received b_val = 1.000000
@17440 PE(1,1): Received b_val = 1.000000
@17446 PE(0,0): Received b_val = 1.000000
@17459 PE(0,1): Received b_val = 1.000000
@17512 PE(1,0): Received b_val = 1.000000
@17522 PE(0,0): exit_task 0
@17525 PE(1,1): Received b_val = 1.000000
@17535 PE(0,1): exit_task 0
@17587 PE(0,0): Received b_val = 1.000000
@17597 PE(1,0): Received b_val = 1.000000
@17600 PE(0,1): Received b_val = 1.000000
@17610 PE(1,1): Received b_val = 1.000000
@17682 PE(0,0): Received b_val = 1.000000
@17682 PE(1,0): Received b_val = 1.000000
@17695 PE(1,1): Received b_val = 1.000000
@17695 PE(0,1): Received b_val = 1.000000
@17767 PE(1,0): Received b_val = 1.000000
@17777 PE(0,0): Received b_val = 1.000000
@17780 PE(1,1): Received b_val = 1.000000
@17790 PE(0,1): Received b_val = 0.000000
@17846 PE(0,0): unblocked layer_index=0
@17852 PE(1,0): Received b_val = 1.000000
@17859 PE(0,1): unblocked layer_index=0
@17865 PE(1,1): Received b_val = 0.000000
@17922 PE(0,0): STATE_INIT, layer_index=0
@17926 PE(1,0): unblocked layer_index=0
@17935 PE(0,1): STATE_INIT, layer_index=0
@17939 PE(1,1): unblocked layer_index=0
@18002 PE(1,0): STATE_INIT, layer_index=0
@18015 PE(1,1): STATE_INIT, layer_index=0
@18019 PE(0,0): Px and Py: 0, 0
@18032 PE(0,1): Px and Py: 0, 1
@18099 PE(1,0): Px and Py: 1, 0
@18112 PE(1,1): Px and Py: 1, 1
@20564 STATE_COMPUTE_JACOBI
@20565 STATE_COMPUTE_JACOBI
@20566 STATE_COMPUTE_JACOBI
@20567 STATE_COMPUTE_JACOBI
@23354 STATE_COMPUTE_JACOBI
@23355 STATE_COMPUTE_JACOBI
@23399 STATE_COMPUTE_JACOBI
@23400 STATE_COMPUTE_JACOBI
@26144 STATE_COMPUTE_JACOBI
@26145 STATE_COMPUTE_JACOBI
@26232 STATE_COMPUTE_JACOBI
@26233 STATE_COMPUTE_JACOBI
@28934 STATE_COMPUTE_JACOBI
@28935 STATE_COMPUTE_JACOBI
@29065 STATE_COMPUTE_JACOBI
@29066 STATE_COMPUTE_JACOBI
@31724 STATE_COMPUTE_JACOBI
@31725 STATE_COMPUTE_JACOBI
@31898 STATE_COMPUTE_JACOBI
@31899 STATE_COMPUTE_JACOBI
@34558 STATE_COMPUTE_RESIDUAL
@34559 STATE_COMPUTE_RESIDUAL
@34739 STATE_COMPUTE_RESIDUAL
@34740 STATE_COMPUTE_RESIDUAL
@37292 STATE_COMPUTE_RESTRICTION
@37293 STATE_COMPUTE_RESTRICTION
@37307 STATE_COMPUTE_RESTRICTION
@37308 STATE_COMPUTE_RESTRICTION
@38822 PE(1,0): send_right_bnext layer_index=0 
@38823 PE(1,1): send_right_bnext layer_index=0 
@38895 PE(1,0): sending b_next[0]... = 2.031090
@38896 PE(1,1): sending b_next[0]... = 1.954875
@38966 PE(1,0): sending b_next[1]... = 2.917220
@38967 PE(1,1): sending b_next[1]... = 3.378419
@39040 PE(1,0): exit_task 0
@39041 PE(1,1): exit_task 0
@39113 PE(2,0): Received b_tile[0] = 2.031090
@39114 PE(2,1): Received b_tile[0] = 1.954875
@39198 PE(2,0): Received b_tile[1] = 2.917220
@39199 PE(2,1): Received b_tile[1] = 3.378419
@39280 PE(2,0): exit_task 1
@39281 PE(2,1): exit_task 1
@39287 PE(3,0): Received b_val = 2.031090
@39288 PE(3,1): Received b_val = 1.954875
@39345 PE(2,0): Received b_val = 2.031090
@39346 PE(2,1): Received b_val = 1.954875
@39364 PE(3,0): Received b_val = 2.917220
@39365 PE(3,1): Received b_val = 3.378419
@39432 PE(3,0): unblocked layer_index=1
@39433 PE(3,1): unblocked layer_index=1
@39439 PE(2,0): Received b_val = 2.917220
@39440 PE(2,1): Received b_val = 3.378419
@39507 PE(2,0): unblocked layer_index=1
@39507 PE(3,0): STATE_INIT, layer_index=1
@39508 PE(2,1): unblocked layer_index=1
@39508 PE(3,1): STATE_INIT, layer_index=1
@39582 PE(2,0): STATE_INIT, layer_index=1
@39583 PE(2,1): STATE_INIT, layer_index=1
@39604 PE(3,0): Px and Py: 1, 0
@39605 PE(3,1): Px and Py: 1, 1
@39679 PE(2,0): Px and Py: 0, 0
@39680 PE(2,1): Px and Py: 0, 1
