Compile command: --arch=wse3 --fabric-dims=762,1172 --fabric-offsets=4,1 --params=width:4,height:4,MAX_ZDIM:4,LEVELS:2 --params=BLOCK_SIZE:4 --memcpy --channels=4 --width-west-buf=0 --width-east-buf=0 -o out_vcycle4 --llvm-option=--inline-threshold=256 --llvm-option=--unroll-threshold=256
Run command: cs_python run_gmg_vcycle.py -m=4 -n=4 -k=4 --latestlink out_vcycle4 --channels=4 --width-west-buf=0 --width-east-buf=0 --zDim=4 --run-only --levels=2 --max-ite=1 --blockSize=4 --pre-iter=6 --post-iter=6 --bottom-iter=100 --tolerance=1e-05 --cmaddr %CMADDR%
Firing compile+run job for 4x4x4...
Job submitted for 4x4x4 - moving to next problem
Compile command: --arch=wse3 --fabric-dims=762,1172 --fabric-offsets=4,1 --params=width:8,height:8,MAX_ZDIM:8,LEVELS:3 --params=BLOCK_SIZE:8 --memcpy --channels=8 --width-west-buf=0 --width-east-buf=0 -o out_vcycle8 --llvm-option=--inline-threshold=256 --llvm-option=--unroll-threshold=256
Run command: cs_python run_gmg_vcycle.py -m=8 -n=8 -k=8 --latestlink out_vcycle8 --channels=8 --width-west-buf=0 --width-east-buf=0 --zDim=8 --run-only --levels=3 --max-ite=1 --blockSize=8 --pre-iter=6 --post-iter=6 --bottom-iter=100 --tolerance=1e-05 --cmaddr %CMADDR%
Compiling...
Firing compile+run job for 8x8x8...
Job submitted for 8x8x8 - moving to next problem
Compile command: --arch=wse3 --fabric-dims=762,1172 --fabric-offsets=4,1 --params=width:16,height:16,MAX_ZDIM:16,LEVELS:4 --params=BLOCK_SIZE:16 --memcpy --channels=16 --width-west-buf=0 --width-east-buf=0 -o out_vcycle16 --llvm-option=--inline-threshold=256 --llvm-option=--unroll-threshold=256
Run command: cs_python run_gmg_vcycle.py -m=16 -n=16 -k=16 --latestlink out_vcycle16 --channels=16 --width-west-buf=0 --width-east-buf=0 --zDim=16 --run-only --levels=4 --max-ite=1 --blockSize=16 --pre-iter=6 --post-iter=6 --bottom-iter=100 --tolerance=1e-05 --cmaddr %CMADDR%
Compiling...
Firing compile+run job for 16x16x16...
Job submitted for 16x16x16 - moving to next problem
Compile command: --arch=wse3 --fabric-dims=762,1172 --fabric-offsets=4,1 --params=width:32,height:32,MAX_ZDIM:32,LEVELS:5 --params=BLOCK_SIZE:32 --memcpy --channels=16 --width-west-buf=0 --width-east-buf=0 -o out_vcycle32 --llvm-option=--inline-threshold=256 --llvm-option=--unroll-threshold=256
Run command: cs_python run_gmg_vcycle.py -m=32 -n=32 -k=32 --latestlink out_vcycle32 --channels=16 --width-west-buf=0 --width-east-buf=0 --zDim=32 --run-only --levels=5 --max-ite=1 --blockSize=32 --pre-iter=6 --post-iter=6 --bottom-iter=100 --tolerance=1e-05 --cmaddr %CMADDR%
Found cached artifact for out_dir_S16x_L4_M1_P6_P6_B100: out_dir_S16x_L4_M1_P6_P6_B100/cs_d23915d975bbfc284cd2b0e280b5354a5c13eecaebcf48f7173f8ea906d540b9.tar.gz
Using cached artifact, skipping compilation for out_dir_S16x_L4_M1_P6_P6_B100
Firing compile+run job for 32x32x32...
Job submitted for 32x32x32 - moving to next problem
Compile command: --arch=wse3 --fabric-dims=762,1172 --fabric-offsets=4,1 --params=width:64,height:64,MAX_ZDIM:64,LEVELS:6 --params=BLOCK_SIZE:64 --memcpy --channels=16 --width-west-buf=0 --width-east-buf=0 -o out_vcycle64 --llvm-option=--inline-threshold=256 --llvm-option=--unroll-threshold=256
Run command: cs_python run_gmg_vcycle.py -m=64 -n=64 -k=64 --latestlink out_vcycle64 --channels=16 --width-west-buf=0 --width-east-buf=0 --zDim=64 --run-only --levels=6 --max-ite=1 --blockSize=64 --pre-iter=6 --post-iter=6 --bottom-iter=100 --tolerance=1e-05 --cmaddr %CMADDR%
Firing compile+run job for 64x64x64...
Job submitted for 64x64x64 - moving to next problem
Compile command: --arch=wse3 --fabric-dims=762,1172 --fabric-offsets=4,1 --params=width:128,height:128,MAX_ZDIM:128,LEVELS:7 --params=BLOCK_SIZE:128 --memcpy --channels=16 --width-west-buf=0 --width-east-buf=0 -o out_vcycle128 --llvm-option=--inline-threshold=256 --llvm-option=--unroll-threshold=256
Run command: cs_python run_gmg_vcycle.py -m=128 -n=128 -k=128 --latestlink out_vcycle128 --channels=16 --width-west-buf=0 --width-east-buf=0 --zDim=128 --run-only --levels=7 --max-ite=1 --blockSize=128 --pre-iter=6 --post-iter=6 --bottom-iter=100 --tolerance=1e-05 --cmaddr %CMADDR%
Compiling...
Compiling...
Firing compile+run job for 128x128x128...
Job submitted for 128x128x128 - moving to next problem
Compile command: --arch=wse3 --fabric-dims=762,1172 --fabric-offsets=4,1 --params=width:256,height:256,MAX_ZDIM:256,LEVELS:8 --params=BLOCK_SIZE:256 --memcpy --channels=16 --width-west-buf=0 --width-east-buf=0 -o out_vcycle256 --llvm-option=--inline-threshold=256 --llvm-option=--unroll-threshold=256
Run command: cs_python run_gmg_vcycle.py -m=256 -n=256 -k=256 --latestlink out_vcycle256 --channels=16 --width-west-buf=0 --width-east-buf=0 --zDim=256 --run-only --levels=8 --max-ite=1 --blockSize=256 --pre-iter=6 --post-iter=6 --bottom-iter=100 --tolerance=1e-05 --cmaddr %CMADDR%
Compiling...
Firing compile+run job for 256x256x256...
Job submitted for 256x256x256 - moving to next problem
Compile command: --arch=wse3 --fabric-dims=762,1172 --fabric-offsets=4,1 --params=width:512,height:512,MAX_ZDIM:512,LEVELS:9 --params=BLOCK_SIZE:256 --memcpy --channels=16 --width-west-buf=0 --width-east-buf=0 -o out_vcycle512 --llvm-option=--inline-threshold=256 --llvm-option=--unroll-threshold=256
Run command: cs_python run_gmg_vcycle.py -m=512 -n=512 -k=512 --latestlink out_vcycle512 --channels=16 --width-west-buf=0 --width-east-buf=0 --zDim=512 --run-only --levels=9 --max-ite=1 --blockSize=256 --pre-iter=6 --post-iter=6 --bottom-iter=100 --tolerance=1e-05 --cmaddr %CMADDR%
Compiling...
Firing compile+run job for 512x512x512...
Job submitted for 512x512x512 - moving to next problem
Event 2026-01-23 16:39:22 +0000 UTC reason=InconsistentVersion wsjob=wsjob-ovnrz3tchfftjrkiqbd4hj message='Warning: job image version 2.6.0-202506211141-14-0c2f21fd is inconsistent with cluster server version 3.0.3-202509190737-236-c8acd3e9+c8acd3e9cb, there's a risk job could fail due to inconsistent setup.'
Event 2026-01-23 16:39:22 +0000 UTC reason=InconsistentVersion wsjob=wsjob-czsspiqai5qnptcljvfske message='Warning: job image version 2.6.0-202506211141-14-0c2f21fd is inconsistent with cluster server version 3.0.3-202509190737-236-c8acd3e9+c8acd3e9cb, there's a risk job could fail due to inconsistent setup.'
Event 2026-01-23 16:39:22 +0000 UTC reason=InconsistentVersion wsjob=wsjob-fmw8exb6sbmrjlk674clfo message='Warning: job image version 2.6.0-202506211141-14-0c2f21fd is inconsistent with cluster server version 3.0.3-202509190737-236-c8acd3e9+c8acd3e9cb, there's a risk job could fail due to inconsistent setup.'
Event 2026-01-23 16:39:22 +0000 UTC reason=InconsistentVersion wsjob=wsjob-knzxwchi7bvhx8d8mjbesz message='Warning: job image version 2.6.0-202506211141-14-0c2f21fd is inconsistent with cluster server version 3.0.3-202509190737-236-c8acd3e9+c8acd3e9cb, there's a risk job could fail due to inconsistent setup.'
Event 2026-01-23 16:39:22 +0000 UTC reason=InconsistentVersion wsjob=wsjob-h4jdtdmc2p6munji7ttrzh message='Warning: job image version 2.6.0-202506211141-14-0c2f21fd is inconsistent with cluster server version 3.0.3-202509190737-236-c8acd3e9+c8acd3e9cb, there's a risk job could fail due to inconsistent setup.'
There is no job record with the id wsjob-czsspiqai5qnptcljvfske in run meta.
There is no job record with the id wsjob-czsspiqai5qnptcljvfske in run meta.
There is no job record with the id wsjob-knzxwchi7bvhx8d8mjbesz in run meta.
There is no job record with the id wsjob-knzxwchi7bvhx8d8mjbesz in run meta.
There is no job record with the id wsjob-fmw8exb6sbmrjlk674clfo in run meta.
There is no job record with the id wsjob-fmw8exb6sbmrjlk674clfo in run meta.
There is no job record with the id wsjob-h4jdtdmc2p6munji7ttrzh in run meta.
There is no job record with the id wsjob-h4jdtdmc2p6munji7ttrzh in run meta.
2026-01-23 16:39:56,055 INFO     CSL compiler output:
	CSL compiler produced no messages. Compilation successful.
2026-01-23 16:39:56,078 INFO     CSL compiler output:
	CSL compiler produced no messages. Compilation successful.
There is no job record with the id wsjob-ovnrz3tchfftjrkiqbd4hj in run meta.
There is no job record with the id wsjob-ovnrz3tchfftjrkiqbd4hj in run meta.
2026-01-23 16:40:07,249 INFO     CSL compiler output:
	CSL compiler produced no messages. Compilation successful.
2026-01-23 16:40:10,433 INFO     CSL compiler output:
	CSL compiler produced no messages. Compilation successful.
Event 2026-01-23 16:40:00 +0000 UTC reason=InconsistentVersion wsjob=wsjob-gwxmm4kpxtieluqsvh4xb9 message='Warning: job image version 2.6.0-202506211141-14-0c2f21fd is inconsistent with cluster server version 3.0.3-202509190737-236-c8acd3e9+c8acd3e9cb, there's a risk job could fail due to inconsistent setup.'
Event 2026-01-23 16:39:59 +0000 UTC reason=InconsistentVersion wsjob=wsjob-csvmhit9cvv2kw3s99rpte message='Warning: job image version 2.6.0-202506211141-14-0c2f21fd is inconsistent with cluster server version 3.0.3-202509190737-236-c8acd3e9+c8acd3e9cb, there's a risk job could fail due to inconsistent setup.'
Event 2026-01-23 16:40:02 +0000 UTC reason=InconsistentVersion wsjob=wsjob-hlghkav3pxywbmtemvsfbq message='Warning: job image version 2.6.0-202506211141-14-0c2f21fd is inconsistent with cluster server version 3.0.3-202509190737-236-c8acd3e9+c8acd3e9cb, there's a risk job could fail due to inconsistent setup.'
Event 2026-01-23 16:40:02 +0000 UTC reason=InconsistentVersion wsjob=wsjob-qtyujdqcuigpen6da38rdh message='Warning: job image version 2.6.0-202506211141-14-0c2f21fd is inconsistent with cluster server version 3.0.3-202509190737-236-c8acd3e9+c8acd3e9cb, there's a risk job could fail due to inconsistent setup.'
Event 2026-01-23 16:40:11 +0000 UTC reason=InconsistentVersion wsjob=wsjob-snznpxpcadnvohav4jqp2j message='Warning: job image version 2.6.0-202506211141-14-0c2f21fd is inconsistent with cluster server version 3.0.3-202509190737-236-c8acd3e9+c8acd3e9cb, there's a risk job could fail due to inconsistent setup.'
There is no job record with the id wsjob-csvmhit9cvv2kw3s99rpte in run meta.
There is no job record with the id wsjob-gwxmm4kpxtieluqsvh4xb9 in run meta.
There is no job record with the id wsjob-gwxmm4kpxtieluqsvh4xb9 in run meta.
There is no job record with the id wsjob-csvmhit9cvv2kw3s99rpte in run meta.
There is no job record with the id wsjob-snznpxpcadnvohav4jqp2j in run meta.
There is no job record with the id wsjob-snznpxpcadnvohav4jqp2j in run meta.
2026-01-23 16:40:57,802 INFO     CSL compiler output:
	CSL compiler produced no messages. Compilation successful.
Event 2026-01-23 16:40:42 +0000 UTC reason=InconsistentVersion wsjob=wsjob-xc7gharwejfftqy97yqjga message='Warning: job image version 2.6.0-202506211141-14-0c2f21fd is inconsistent with cluster server version 3.0.3-202509190737-236-c8acd3e9+c8acd3e9cb, there's a risk job could fail due to inconsistent setup.'
2026-01-23 16:41:20,769 INFO     CSL compiler output:
	CSL compiler produced no messages. Compilation successful.
Event 2026-01-23 16:41:19 +0000 UTC reason=InconsistentVersion wsjob=wsjob-g4qj6cyqbrv4lh9ji3erzj message='Warning: job image version 2.6.0-202506211141-14-0c2f21fd is inconsistent with cluster server version 3.0.3-202509190737-236-c8acd3e9+c8acd3e9cb, there's a risk job could fail due to inconsistent setup.'
Event 2026-01-23 16:41:23 +0000 UTC reason=InconsistentVersion wsjob=wsjob-2rgmyvwvinpnqnhrguhilb message='Warning: job image version 2.6.0-202506211141-14-0c2f21fd is inconsistent with cluster server version 3.0.3-202509190737-236-c8acd3e9+c8acd3e9cb, there's a risk job could fail due to inconsistent setup.'
Event 2026-01-23 16:42:37 +0000 UTC reason=InconsistentVersion wsjob=wsjob-paxtytympaymcwjrahbw8x message='Warning: job image version 2.6.0-202506211141-14-0c2f21fd is inconsistent with cluster server version 3.0.3-202509190737-236-c8acd3e9+c8acd3e9cb, there's a risk job could fail due to inconsistent setup.'
2026-01-23 16:42:57,299 INFO     CSL compiler output:
	CSL compiler produced no messages. Compilation successful.
Event 2026-01-23 16:43:12 +0000 UTC reason=InconsistentVersion wsjob=wsjob-tim8hbecqeba2skkv6hxpv message='Warning: job image version 2.6.0-202506211141-14-0c2f21fd is inconsistent with cluster server version 3.0.3-202509190737-236-c8acd3e9+c8acd3e9cb, there's a risk job could fail due to inconsistent setup.'
Compiling...
Compile command: --arch=wse3 --fabric-dims=762,1172 --fabric-offsets=4,1 --params=width:4,height:4,MAX_ZDIM:4,LEVELS:2 --params=BLOCK_SIZE:4 --memcpy --channels=4 --width-west-buf=0 --width-east-buf=0 -o out_vcycle4 --llvm-option=--inline-threshold=256 --llvm-option=--unroll-threshold=256
Run command: cs_python run_gmg_vcycle.py -m=4 -n=4 -k=4 --latestlink out_vcycle4 --channels=4 --width-west-buf=0 --width-east-buf=0 --zDim=4 --run-only --levels=2 --max-ite=100 --blockSize=4 --pre-iter=6 --post-iter=6 --bottom-iter=100 --tolerance=1e-05 --cmaddr %CMADDR%
Firing compile+run job for 4x4x4...
Job submitted for 4x4x4 - moving to next problem
Compile command: --arch=wse3 --fabric-dims=762,1172 --fabric-offsets=4,1 --params=width:8,height:8,MAX_ZDIM:8,LEVELS:3 --params=BLOCK_SIZE:8 --memcpy --channels=8 --width-west-buf=0 --width-east-buf=0 -o out_vcycle8 --llvm-option=--inline-threshold=256 --llvm-option=--unroll-threshold=256
Run command: cs_python run_gmg_vcycle.py -m=8 -n=8 -k=8 --latestlink out_vcycle8 --channels=8 --width-west-buf=0 --width-east-buf=0 --zDim=8 --run-only --levels=3 --max-ite=100 --blockSize=8 --pre-iter=6 --post-iter=6 --bottom-iter=100 --tolerance=1e-05 --cmaddr %CMADDR%
Compiling...
Firing compile+run job for 8x8x8...
Job submitted for 8x8x8 - moving to next problem
Compile command: --arch=wse3 --fabric-dims=762,1172 --fabric-offsets=4,1 --params=width:16,height:16,MAX_ZDIM:16,LEVELS:4 --params=BLOCK_SIZE:16 --memcpy --channels=16 --width-west-buf=0 --width-east-buf=0 -o out_vcycle16 --llvm-option=--inline-threshold=256 --llvm-option=--unroll-threshold=256
Run command: cs_python run_gmg_vcycle.py -m=16 -n=16 -k=16 --latestlink out_vcycle16 --channels=16 --width-west-buf=0 --width-east-buf=0 --zDim=16 --run-only --levels=4 --max-ite=100 --blockSize=16 --pre-iter=6 --post-iter=6 --bottom-iter=100 --tolerance=1e-05 --cmaddr %CMADDR%
Compiling...
Firing compile+run job for 16x16x16...
Job submitted for 16x16x16 - moving to next problem
Compile command: --arch=wse3 --fabric-dims=762,1172 --fabric-offsets=4,1 --params=width:32,height:32,MAX_ZDIM:32,LEVELS:5 --params=BLOCK_SIZE:32 --memcpy --channels=16 --width-west-buf=0 --width-east-buf=0 -o out_vcycle32 --llvm-option=--inline-threshold=256 --llvm-option=--unroll-threshold=256
Run command: cs_python run_gmg_vcycle.py -m=32 -n=32 -k=32 --latestlink out_vcycle32 --channels=16 --width-west-buf=0 --width-east-buf=0 --zDim=32 --run-only --levels=5 --max-ite=100 --blockSize=32 --pre-iter=6 --post-iter=6 --bottom-iter=100 --tolerance=1e-05 --cmaddr %CMADDR%
Firing compile+run job for 32x32x32...
Job submitted for 32x32x32 - moving to next problem
Compile command: --arch=wse3 --fabric-dims=762,1172 --fabric-offsets=4,1 --params=width:64,height:64,MAX_ZDIM:64,LEVELS:6 --params=BLOCK_SIZE:64 --memcpy --channels=16 --width-west-buf=0 --width-east-buf=0 -o out_vcycle64 --llvm-option=--inline-threshold=256 --llvm-option=--unroll-threshold=256
Run command: cs_python run_gmg_vcycle.py -m=64 -n=64 -k=64 --latestlink out_vcycle64 --channels=16 --width-west-buf=0 --width-east-buf=0 --zDim=64 --run-only --levels=6 --max-ite=100 --blockSize=64 --pre-iter=6 --post-iter=6 --bottom-iter=100 --tolerance=1e-05 --cmaddr %CMADDR%
Compiling...
Compiling...
Firing compile+run job for 64x64x64...
Job submitted for 64x64x64 - moving to next problem
Compile command: --arch=wse3 --fabric-dims=762,1172 --fabric-offsets=4,1 --params=width:128,height:128,MAX_ZDIM:128,LEVELS:7 --params=BLOCK_SIZE:128 --memcpy --channels=16 --width-west-buf=0 --width-east-buf=0 -o out_vcycle128 --llvm-option=--inline-threshold=256 --llvm-option=--unroll-threshold=256
Run command: cs_python run_gmg_vcycle.py -m=128 -n=128 -k=128 --latestlink out_vcycle128 --channels=16 --width-west-buf=0 --width-east-buf=0 --zDim=128 --run-only --levels=7 --max-ite=100 --blockSize=128 --pre-iter=6 --post-iter=6 --bottom-iter=100 --tolerance=1e-05 --cmaddr %CMADDR%
Compiling...
Firing compile+run job for 128x128x128...
Job submitted for 128x128x128 - moving to next problem
Compile command: --arch=wse3 --fabric-dims=762,1172 --fabric-offsets=4,1 --params=width:256,height:256,MAX_ZDIM:256,LEVELS:8 --params=BLOCK_SIZE:256 --memcpy --channels=16 --width-west-buf=0 --width-east-buf=0 -o out_vcycle256 --llvm-option=--inline-threshold=256 --llvm-option=--unroll-threshold=256
Run command: cs_python run_gmg_vcycle.py -m=256 -n=256 -k=256 --latestlink out_vcycle256 --channels=16 --width-west-buf=0 --width-east-buf=0 --zDim=256 --run-only --levels=8 --max-ite=100 --blockSize=256 --pre-iter=6 --post-iter=6 --bottom-iter=100 --tolerance=1e-05 --cmaddr %CMADDR%
Compiling...
Firing compile+run job for 256x256x256...
Job submitted for 256x256x256 - moving to next problem
Compile command: --arch=wse3 --fabric-dims=762,1172 --fabric-offsets=4,1 --params=width:512,height:512,MAX_ZDIM:512,LEVELS:9 --params=BLOCK_SIZE:256 --memcpy --channels=16 --width-west-buf=0 --width-east-buf=0 -o out_vcycle512 --llvm-option=--inline-threshold=256 --llvm-option=--unroll-threshold=256
Run command: cs_python run_gmg_vcycle.py -m=512 -n=512 -k=512 --latestlink out_vcycle512 --channels=16 --width-west-buf=0 --width-east-buf=0 --zDim=512 --run-only --levels=9 --max-ite=100 --blockSize=256 --pre-iter=6 --post-iter=6 --bottom-iter=100 --tolerance=1e-05 --cmaddr %CMADDR%
Compiling...
Firing compile+run job for 512x512x512...
Job submitted for 512x512x512 - moving to next problem
Event 2026-01-23 17:59:44 +0000 UTC reason=InconsistentVersion wsjob=wsjob-xmorcecje9cicvwihdyoum message='Warning: job image version 2.6.0-202506211141-14-0c2f21fd is inconsistent with cluster server version 3.0.3-202509190737-236-c8acd3e9+c8acd3e9cb, there's a risk job could fail due to inconsistent setup.'
Event 2026-01-23 17:59:44 +0000 UTC reason=InconsistentVersion wsjob=wsjob-a79byaw44bgwv6x9tu8zsp message='Warning: job image version 2.6.0-202506211141-14-0c2f21fd is inconsistent with cluster server version 3.0.3-202509190737-236-c8acd3e9+c8acd3e9cb, there's a risk job could fail due to inconsistent setup.'
Event 2026-01-23 17:59:44 +0000 UTC reason=InconsistentVersion wsjob=wsjob-dt3p2vsmfphqkxkntyir2e message='Warning: job image version 2.6.0-202506211141-14-0c2f21fd is inconsistent with cluster server version 3.0.3-202509190737-236-c8acd3e9+c8acd3e9cb, there's a risk job could fail due to inconsistent setup.'
Event 2026-01-23 17:59:44 +0000 UTC reason=InconsistentVersion wsjob=wsjob-s8mjvfdfr3dwclepyesy4j message='Warning: job image version 2.6.0-202506211141-14-0c2f21fd is inconsistent with cluster server version 3.0.3-202509190737-236-c8acd3e9+c8acd3e9cb, there's a risk job could fail due to inconsistent setup.'
There is no job record with the id wsjob-s8mjvfdfr3dwclepyesy4j in run meta.
There is no job record with the id wsjob-s8mjvfdfr3dwclepyesy4j in run meta.
2026-01-23 18:00:48,494 INFO     CSL compiler output:
	CSL compiler produced no messages. Compilation successful.
2026-01-23 18:00:58,562 INFO     CSL compiler output:
	CSL compiler produced no messages. Compilation successful.
2026-01-23 18:00:58,644 INFO     CSL compiler output:
	CSL compiler produced no messages. Compilation successful.
Event 2026-01-23 18:00:52 +0000 UTC reason=InconsistentVersion wsjob=wsjob-4fannvraee8ksiwqir3wze message='Warning: job image version 2.6.0-202506211141-14-0c2f21fd is inconsistent with cluster server version 3.0.3-202509190737-236-c8acd3e9+c8acd3e9cb, there's a risk job could fail due to inconsistent setup.'
2026-01-23 18:01:09,514 INFO     CSL compiler output:
	CSL compiler produced no messages. Compilation successful.
Event 2026-01-23 18:01:02 +0000 UTC reason=InconsistentVersion wsjob=wsjob-bucuceeyxvfarkgux8vngb message='Warning: job image version 2.6.0-202506211141-14-0c2f21fd is inconsistent with cluster server version 3.0.3-202509190737-236-c8acd3e9+c8acd3e9cb, there's a risk job could fail due to inconsistent setup.'
Event 2026-01-23 18:01:03 +0000 UTC reason=InconsistentVersion wsjob=wsjob-v24zxxrlmesiexwurh4kga message='Warning: job image version 2.6.0-202506211141-14-0c2f21fd is inconsistent with cluster server version 3.0.3-202509190737-236-c8acd3e9+c8acd3e9cb, there's a risk job could fail due to inconsistent setup.'
Event 2026-01-23 18:00:54 +0000 UTC reason=InconsistentVersion wsjob=wsjob-xmpux9unfdlzpzbid78ud4 message='Warning: job image version 2.6.0-202506211141-14-0c2f21fd is inconsistent with cluster server version 3.0.3-202509190737-236-c8acd3e9+c8acd3e9cb, there's a risk job could fail due to inconsistent setup.'
Event 2026-01-23 18:01:04 +0000 UTC reason=InconsistentVersion wsjob=wsjob-iradna9xpqdcredgxnnhcp message='Warning: job image version 2.6.0-202506211141-14-0c2f21fd is inconsistent with cluster server version 3.0.3-202509190737-236-c8acd3e9+c8acd3e9cb, there's a risk job could fail due to inconsistent setup.'
Event 2026-01-23 18:01:14 +0000 UTC reason=InconsistentVersion wsjob=wsjob-ztuy9hjwenjd4qa9fqfd2g message='Warning: job image version 2.6.0-202506211141-14-0c2f21fd is inconsistent with cluster server version 3.0.3-202509190737-236-c8acd3e9+c8acd3e9cb, there's a risk job could fail due to inconsistent setup.'
There is no job record with the id wsjob-bucuceeyxvfarkgux8vngb in run meta.
There is no job record with the id wsjob-4fannvraee8ksiwqir3wze in run meta.
There is no job record with the id wsjob-4fannvraee8ksiwqir3wze in run meta.
There is no job record with the id wsjob-ztuy9hjwenjd4qa9fqfd2g in run meta.
There is no job record with the id wsjob-ztuy9hjwenjd4qa9fqfd2g in run meta.
There is no job record with the id wsjob-bucuceeyxvfarkgux8vngb in run meta.
There is no job record with the id wsjob-v24zxxrlmesiexwurh4kga in run meta.
There is no job record with the id wsjob-v24zxxrlmesiexwurh4kga in run meta.
2026-01-23 18:02:00,758 INFO     CSL compiler output:
	CSL compiler produced no messages. Compilation successful.
2026-01-23 18:02:03,403 INFO     CSL compiler output:
	CSL compiler produced no messages. Compilation successful.
Event 2026-01-23 18:02:18 +0000 UTC reason=InconsistentVersion wsjob=wsjob-kmbsehjqzqqeckdhqctlsr message='Warning: job image version 2.6.0-202506211141-14-0c2f21fd is inconsistent with cluster server version 3.0.3-202509190737-236-c8acd3e9+c8acd3e9cb, there's a risk job could fail due to inconsistent setup.'
2026-01-23 18:02:33,556 INFO     CSL compiler output:
	CSL compiler produced no messages. Compilation successful.
Event 2026-01-23 18:02:21 +0000 UTC reason=InconsistentVersion wsjob=wsjob-4s2wcmvwswznsvglz5fmcw message='Warning: job image version 2.6.0-202506211141-14-0c2f21fd is inconsistent with cluster server version 3.0.3-202509190737-236-c8acd3e9+c8acd3e9cb, there's a risk job could fail due to inconsistent setup.'
Event 2026-01-23 18:03:26 +0000 UTC reason=InconsistentVersion wsjob=wsjob-lc2yb5rzg65nwkvnky3frz message='Warning: job image version 2.6.0-202506211141-14-0c2f21fd is inconsistent with cluster server version 3.0.3-202509190737-236-c8acd3e9+c8acd3e9cb, there's a risk job could fail due to inconsistent setup.'
Event 2026-01-23 18:03:53 +0000 UTC reason=InconsistentVersion wsjob=wsjob-eewellhfvqqqndnutjmuc7 message='Warning: job image version 2.6.0-202506211141-14-0c2f21fd is inconsistent with cluster server version 3.0.3-202509190737-236-c8acd3e9+c8acd3e9cb, there's a risk job could fail due to inconsistent setup.'
Event 2026-01-23 18:03:45 +0000 UTC reason=InconsistentVersion wsjob=wsjob-xsenahopn6kou8jksnp8mj message='Warning: job image version 2.6.0-202506211141-14-0c2f21fd is inconsistent with cluster server version 3.0.3-202509190737-236-c8acd3e9+c8acd3e9cb, there's a risk job could fail due to inconsistent setup.'
2026-01-23 18:04:08,575 INFO     CSL compiler output:
	CSL compiler produced no messages. Compilation successful.
Event 2026-01-23 18:04:47 +0000 UTC reason=InconsistentVersion wsjob=wsjob-zg9mc67qeedgdzykrffmrp message='Warning: job image version 2.6.0-202506211141-14-0c2f21fd is inconsistent with cluster server version 3.0.3-202509190737-236-c8acd3e9+c8acd3e9cb, there's a risk job could fail due to inconsistent setup.'
Compiling...
