Process 0 selecting device 0
AMGX version 2.5.0
Built on Sep 10 2025, 17:59:13
Compiled with CUDA Runtime 11.6, using CUDA driver 12.8
Warning: No mode specified, using dDDI by default.
Using Normal MPI (Hostbuffer) communicator...
Reading matrix dimensions in file: ../examples/matrix.mtx
Reading data...
RHS vector was not found. Using RHS b=[1,…,1]^T
Solution vector was not found. Setting initial solution to x=[0,…,0]^T
Finished reading
Using Normal MPI (Hostbuffer) communicator...
Matrix A is scalar and has 12 rows
AMG Grid:
         Number of Levels: 1
            LVL         ROWS               NNZ  PARTS    SPRSTY       Mem (GB)
        ----------------------------------------------------------------------
           0(D)           12                61      1     0.424       8.75e-07
         ----------------------------------------------------------------------
         Grid Complexity: 1
         Operator Complexity: 1
         Total Memory Usage: 8.75443e-07 GB
         ----------------------------------------------------------------------
           iter      Mem Usage (GB)       residual           rate
         ----------------------------------------------------------------------
            Ini             1.23535   1.200000e+01
              0             1.23535   4.185541e-14         0.0000
         ----------------------------------------------------------------------
         Total Iterations: 1
         Avg Convergence Rate: 		         0.0000
         Final Residual: 		   4.185541e-14
         Total Reduction in Residual: 	   3.487951e-15
         Maximum Memory Usage: 		          1.235 GB
         ----------------------------------------------------------------------
Total Time: 0.00205782
    setup: 0.000597568 s
    solve: 0.00146026 s
    solve(per iteration): 0.00146026 s
