Process 0 selecting device 0
AMGX version 2.5.0
Built on Sep 10 2025, 17:59:13
Compiled with CUDA Runtime 11.6, using CUDA driver 12.8
Warning: No mode specified, using dDDI by default.
Using Normal MPI (Hostbuffer) communicator...
Reading matrix dimensions in file: ../examples/matrix.mtx
Reading data...
RHS vector was not found. Using RHS b=[1,…,1]^T
Solution vector was not found. Setting initial solution to x=[0,…,0]^T
Finished reading
Using Normal MPI (Hostbuffer) communicator...
Matrix A is scalar and has 12 rows
AMG Grid:
         Number of Levels: 1
            LVL         ROWS               NNZ  PARTS    SPRSTY       Mem (GB)
        ----------------------------------------------------------------------
           0(D)           12                61      1     0.424       8.75e-07
         ----------------------------------------------------------------------
         Grid Complexity: 1
         Operator Complexity: 1
         Total Memory Usage: 8.75443e-07 GB
         ----------------------------------------------------------------------
           iter      Mem Usage (GB)       residual           rate
         ----------------------------------------------------------------------
            Ini             1.16699   3.464102e+00
              0             1.16699   3.498351e+01        10.0989
              1              1.1670   2.512054e+02         7.1807
              2              1.1670   1.784940e+03         7.1055
              3              1.1670   1.267257e+04         7.0997
              4              1.1670   8.992246e+04         7.0958
              5              1.1670   6.375286e+05         7.0898
              6              1.1670   4.515805e+06         7.0833
              7              1.1670   3.196127e+07         7.0776
              8              1.1670   2.260676e+08         7.0732
              9              1.1670   1.598263e+09         7.0698
             10              1.1670   1.129565e+10         7.0675
             11              1.1670   7.981247e+10         7.0658
             12              1.1670   5.638437e+11         7.0646
             13              1.1670   3.982885e+12         7.0638
             14              1.1670   2.813218e+13         7.0633
             15              1.1670   1.986947e+14         7.0629
             16              1.1670   1.403311e+15         7.0626
             17              1.1670   9.910857e+15         7.0625
             18              1.1670   6.999412e+16         7.0624
             19              1.1670   4.943189e+17         7.0623
             20              1.1670   3.490998e+18         7.0622
             21              1.1670   2.465415e+19         7.0622
             22              1.1670   1.741121e+20         7.0622
             23              1.1670   1.229609e+21         7.0622
             24              1.1670   8.683689e+21         7.0622
             25              1.1670   6.132550e+22         7.0621
             26              1.1670   4.330896e+23         7.0621
             27              1.1670   3.058540e+24         7.0621
             28              1.1670   2.159983e+25         7.0621
             29              1.1670   1.525410e+26         7.0621
             30              1.1670   1.077265e+27         7.0621
             31              1.1670   7.607795e+27         7.0621
             32              1.1670   5.372728e+28         7.0621
             33              1.1670   3.794293e+29         7.0621
             34              1.1670   2.679581e+30         7.0621
             35              1.1670   1.892356e+31         7.0621
             36              1.1670   1.336408e+32         7.0621
             37              1.1670   9.437891e+32         7.0621
             38              1.1670   6.665166e+33         7.0621
             39              1.1670   4.707030e+34         7.0621
             40              1.1670   3.324168e+35         7.0621
             41              1.1670   2.347572e+36         7.0621
             42              1.1670   1.657887e+37         7.0621
             43              1.1670   1.170822e+38         7.0621
             44              1.1670   8.268504e+38         7.0621
             45              1.1670   5.839329e+39         7.0621
             46              1.1670   4.123813e+40         7.0621
             47              1.1670   2.912292e+41         7.0621
             48              1.1670   2.056700e+42         7.0621
             49              1.1670   1.452469e+43         7.0621
             50              1.1670   1.025753e+44         7.0621
             51              1.1670   7.244009e+44         7.0621
             52              1.1670   5.115816e+45         7.0621
             53              1.1670   3.612859e+46         7.0621
             54              1.1670   2.551449e+47         7.0621
             55              1.1670   1.801868e+48         7.0621
             56              1.1670   1.272503e+49         7.0621
             57              1.1670   8.986591e+49         7.0621
             58              1.1670   6.346451e+50         7.0621
             59              1.1670   4.481949e+51         7.0621
             60              1.1670   3.165213e+52         7.0621
             61              1.1670   2.235316e+53         7.0621
             62              1.1670   1.578610e+54         7.0621
             63              1.1670   1.114836e+55         7.0621
             64              1.1670   7.873121e+55         7.0621
             65              1.1670   5.560104e+56         7.0621
             66              1.1670   3.926621e+57         7.0621
             67              1.1670   2.773032e+58         7.0621
             68              1.1670   1.958353e+59         7.0621
             69              1.1670   1.383015e+60         7.0621
             70              1.1670   9.767040e+60         7.0621
             71              1.1670   6.897615e+61         7.0621
             72              1.1670   4.871189e+62         7.0621
             73              1.1670   3.440099e+63         7.0621
             74              1.1670   2.429444e+64         7.0621
             75              1.1670   1.715706e+65         7.0621
             76              1.1670   1.211655e+66         7.0621
             77              1.1670   8.556870e+66         7.0621
             78              1.1670   6.042977e+67         7.0621
             79              1.1670   4.267632e+68         7.0621
             80              1.1670   3.013859e+69         7.0621
             81              1.1670   2.128428e+70         7.0621
             82              1.1670   1.503124e+71         7.0621
             83              1.1670   1.061527e+72         7.0621
             84              1.1670   7.496645e+72         7.0621
             85              1.1670   5.294232e+73         7.0621
             86              1.1670   3.738858e+74         7.0621
             87              1.1670   2.640432e+75         7.0621
             88              1.1670   1.864709e+76         7.0621
             89              1.1670   1.316882e+77         7.0621
             90              1.1670   9.300000e+77         7.0621
             91              1.1670   6.567785e+78         7.0621
             92              1.1670   4.638259e+79         7.0621
             93              1.1670   3.275601e+80         7.0621
             94              1.1670   2.313273e+81         7.0621
             95              1.1670   1.633665e+82         7.0621
             96              1.1670   1.153716e+83         7.0621
             97              1.1670   8.147699e+83         7.0621
             98              1.1670   5.754014e+84         7.0621
             99              1.1670   4.063563e+85         7.0621
         ----------------------------------------------------------------------
         Total Iterations: 100
         Avg Convergence Rate: 		         7.0908
         Final Residual: 		   4.063563e+85
         Total Reduction in Residual: 	   1.173049e+85
         Maximum Memory Usage: 		          1.167 GB
         ----------------------------------------------------------------------
Total Time: 0.013851
    setup: 0.00118838 s
    solve: 0.0126626 s
    solve(per iteration): 0.000126626 s
***Solver Did Not Converge
