Process 0 selecting device 0
AMGX version 2.5.0
Built on Sep 10 2025, 17:59:13
Compiled with CUDA Runtime 11.6, using CUDA driver 12.8
Warning: No mode specified, using dDDI by default.
Using Normal MPI (Hostbuffer) communicator...
Reading matrix dimensions in file: ../examples/matrix.mtx
Reading data...
RHS vector was not found. Using RHS b=[1,…,1]^T
Solution vector was not found. Setting initial solution to x=[0,…,0]^T
Finished reading
Using Normal MPI (Hostbuffer) communicator...
Matrix A is scalar and has 12 rows
           iter      Mem Usage (GB)       residual           rate
         ----------------------------------------------------------------------
            Ini                   0   3.464102e+00
              1                   0   2.033427e+01         5.8700
              3              0.0000   1.753400e+01         0.8623
              5              0.0000   1.291007e+01         0.7363
              7              0.0000   1.779301e+01         1.3782
              9              0.0000   6.381550e+00         0.3587
             11              0.0000   1.401509e+01         2.1962
             13              0.0000   2.795585e+01         1.9947
             15              0.0000   5.371196e+00         0.1921
             17              0.0000   4.180226e+02        77.8267
             19              0.0000   1.027899e+02         0.2459
             21              0.0000   6.455930e+02         6.2807
             23              0.0000   1.461335e+01         0.0226
             25              0.0000   6.861548e+00         0.4695
             27              0.0000   7.107077e+00         1.0358
             29              0.0000   6.371437e+00         0.8965
             31              0.0000   6.178571e+00         0.9697
             33              0.0000   3.538376e-02         0.0057
             35              0.0000   5.277319e-03         0.1491
             37              0.0000   4.288105e-05         0.0081
             39              0.0000   3.028982e-05         0.7064
             41              0.0000   1.635938e-08         0.0005
         ----------------------------------------------------------------------
         Total Iterations: 42
         Avg Convergence Rate: 		         0.6335
         Final Residual: 		   1.635938e-08
         Total Reduction in Residual: 	   4.722547e-09
         Maximum Memory Usage: 		          0.000 GB
         ----------------------------------------------------------------------
Total Time: 0.0249609
    setup: 0.000597952 s
    solve: 0.0243629 s
    solve(per iteration): 0.000580069 s
