Process 0 selecting device 0
AMGX version 2.5.0
Built on Sep 10 2025, 17:59:13
Compiled with CUDA Runtime 11.6, using CUDA driver 12.8
Warning: No mode specified, using dDDI by default.
Using Normal MPI (Hostbuffer) communicator...
Reading matrix dimensions in file: ../examples/matrix.mtx
Reading data...
RHS vector was not found. Using RHS b=[1,…,1]^T
Solution vector was not found. Setting initial solution to x=[0,…,0]^T
Finished reading
Using Normal MPI (Hostbuffer) communicator...
Matrix A is scalar and has 12 rows
AMG Grid:
         Number of Levels: 1
            LVL         ROWS               NNZ  PARTS    SPRSTY       Mem (GB)
        ----------------------------------------------------------------------
           0(D)           12                61      1     0.424       8.75e-07
         ----------------------------------------------------------------------
         Grid Complexity: 1
         Operator Complexity: 1
         Total Memory Usage: 8.75443e-07 GB
         ----------------------------------------------------------------------
           iter      Mem Usage (GB)       residual           rate
         ----------------------------------------------------------------------
            Ini             1.16699   3.464102e+00
              0             1.16699   2.762880e+00         0.7976
              1              1.1670   2.187846e+00         0.7919
              2              1.1670   2.172687e+00         0.9931
              3              1.1670   1.826039e+00         0.8405
              4              1.1670   1.608891e+00         0.8811
              5              1.1670   1.604939e+00         0.9975
              6              1.1670   1.383720e+00         0.8622
              7              1.1670   1.382543e+00         0.9991
              8              1.1670   1.325796e+00         0.9590
              9              1.1670   5.846196e-01         0.4410
             10              1.1670   5.834954e-01         0.9981
             11              1.1670   2.646499e-14         0.0000
         ----------------------------------------------------------------------
         Total Iterations: 12
         Avg Convergence Rate: 		         0.0666
         Final Residual: 		   2.646499e-14
         Total Reduction in Residual: 	   7.639785e-15
         Maximum Memory Usage: 		          1.167 GB
         ----------------------------------------------------------------------
Total Time: 0.00654035
    setup: 0.00129552 s
    solve: 0.00524483 s
    solve(per iteration): 0.000437069 s
