Process 0 selecting device 0
AMGX version 2.5.0
Built on Sep 10 2025, 17:59:13
Compiled with CUDA Runtime 11.6, using CUDA driver 12.8
Warning: No mode specified, using dDDI by default.
Using Normal MPI (Hostbuffer) communicator...
Reading matrix dimensions in file: ../examples/matrix.mtx
Reading data...
RHS vector was not found. Using RHS b=[1,…,1]^T
Solution vector was not found. Setting initial solution to x=[0,…,0]^T
Finished reading
Using Normal MPI (Hostbuffer) communicator...
Matrix A is scalar and has 12 rows
           iter      Mem Usage (GB)       residual           rate
         ----------------------------------------------------------------------
            Ini                   0   3.464102e+00
              0                   0   1.845471e+00         0.5327
              1              0.0000   1.541877e+00         0.8355
              2              0.0000   1.374225e+00         0.8913
              3              0.0000   1.366903e+00         0.9947
              4              0.0000   1.040855e+00         0.7615
              5              0.0000   1.026638e+00         0.9863
              6              0.0000   8.614123e-01         0.8391
              7              0.0000   6.599583e-01         0.7661
              8              0.0000   6.596676e-01         0.9996
              9              0.0000   6.593714e-01         0.9996
             10              0.0000   6.331763e-01         0.9603
             11              0.0000   1.841947e-14         0.0000
         ----------------------------------------------------------------------
         Total Iterations: 12
         Avg Convergence Rate: 		         0.0646
         Final Residual: 		   1.841947e-14
         Total Reduction in Residual: 	   5.317244e-15
         Maximum Memory Usage: 		          0.000 GB
         ----------------------------------------------------------------------
Total Time: 0.0047823
    setup: 6.3808e-05 s
    solve: 0.0047185 s
    solve(per iteration): 0.000393208 s
