Process 0 selecting device 0
AMGX version 2.5.0
Built on Sep 10 2025, 17:59:13
Compiled with CUDA Runtime 11.6, using CUDA driver 12.8
Warning: No mode specified, using dDDI by default.
Using Normal MPI (Hostbuffer) communicator...
Reading matrix dimensions in file: ../examples/matrix.mtx
Reading data...
RHS vector was not found. Using RHS b=[1,…,1]^T
Solution vector was not found. Setting initial solution to x=[0,…,0]^T
Finished reading
Using Normal MPI (Hostbuffer) communicator...
Matrix A is scalar and has 12 rows
AMG Grid:
         Number of Levels: 1
            LVL         ROWS               NNZ  PARTS    SPRSTY       Mem (GB)
        ----------------------------------------------------------------------
           0(D)           12                61      1     0.424       8.75e-07
         ----------------------------------------------------------------------
         Grid Complexity: 1
         Operator Complexity: 1
         Total Memory Usage: 8.75443e-07 GB
         ----------------------------------------------------------------------
           iter      Mem Usage (GB)       residual           rate
         ----------------------------------------------------------------------
            Ini             1.16699   3.464102e+00
              0             1.16699   4.088853e+01        11.8035
              1              1.1670   3.387650e+02         8.2851
              2              1.1670   2.791974e+03         8.2416
              3              1.1670   2.300484e+04         8.2396
              4              1.1670   1.894424e+05         8.2349
              5              1.1670   1.558544e+06         8.2270
              6              1.1670   1.280966e+07         8.2190
              7              1.1670   1.051963e+08         8.2123
              8              1.1670   8.633596e+08         8.2071
              9              1.1670   7.082501e+09         8.2034
             10              1.1670   5.808236e+10         8.2008
             11              1.1670   4.762202e+11         8.1991
             12              1.1670   3.903982e+12         8.1979
             13              1.1670   3.200112e+13         8.1970
             14              1.1670   2.622974e+14         8.1965
             15              1.1670   2.149829e+15         8.1962
             16              1.1670   1.761982e+16         8.1959
             17              1.1670   1.444078e+17         8.1958
             18              1.1670   1.183517e+18         8.1957
             19              1.1670   9.699614e+18         8.1956
             20              1.1670   7.949359e+19         8.1955
             21              1.1670   6.514907e+20         8.1955
             22              1.1670   5.339288e+21         8.1955
             23              1.1670   4.375803e+22         8.1955
             24              1.1670   3.586176e+23         8.1955
             25              1.1670   2.939039e+24         8.1955
             26              1.1670   2.408678e+25         8.1955
             27              1.1670   1.974022e+26         8.1955
             28              1.1670   1.617802e+27         8.1955
             29              1.1670   1.325862e+28         8.1955
             30              1.1670   1.086605e+29         8.1955
             31              1.1670   8.905220e+29         8.1955
             32              1.1670   7.298233e+30         8.1955
             33              1.1670   5.981234e+31         8.1955
             34              1.1670   4.901894e+32         8.1955
             35              1.1670   4.017325e+33         8.1955
             36              1.1670   3.292380e+34         8.1955
             37              1.1670   2.698256e+35         8.1955
             38              1.1670   2.211343e+36         8.1955
             39              1.1670   1.812296e+37         8.1955
             40              1.1670   1.485259e+38         8.1955
             41              1.1670   1.217237e+39         8.1955
             42              1.1670   9.975815e+39         8.1955
             43              1.1670   8.175634e+40         8.1955
             44              1.1670   6.700304e+41         8.1955
             45              1.1670   5.491203e+42         8.1955
             46              1.1670   4.500291e+43         8.1955
             47              1.1670   3.688193e+44         8.1955
             48              1.1670   3.022642e+45         8.1955
             49              1.1670   2.477193e+46         8.1955
             50              1.1670   2.030172e+47         8.1955
             51              1.1670   1.663818e+48         8.1955
             52              1.1670   1.363575e+49         8.1955
             53              1.1670   1.117511e+50         8.1955
             54              1.1670   9.158515e+50         8.1955
             55              1.1670   7.505819e+51         8.1955
             56              1.1670   6.151360e+52         8.1955
             57              1.1670   5.041319e+53         8.1955
             58              1.1670   4.131590e+54         8.1955
             59              1.1670   3.386026e+55         8.1955
             60              1.1670   2.775002e+56         8.1955
             61              1.1670   2.274241e+57         8.1955
             62              1.1670   1.863844e+58         8.1955
             63              1.1670   1.527505e+59         8.1955
             64              1.1670   1.251860e+60         8.1955
             65              1.1670   1.025956e+61         8.1955
             66              1.1670   8.408174e+61         8.1955
             67              1.1670   6.890881e+62         8.1955
             68              1.1670   5.647391e+63         8.1955
             69              1.1670   4.628293e+64         8.1955
             70              1.1670   3.793097e+65         8.1955
             71              1.1670   3.108615e+66         8.1955
             72              1.1670   2.547652e+67         8.1955
             73              1.1670   2.087916e+68         8.1955
             74              1.1670   1.711142e+69         8.1955
             75              1.1670   1.402359e+70         8.1955
             76              1.1670   1.149297e+71         8.1955
             77              1.1670   9.419012e+71         8.1955
             78              1.1670   7.719308e+72         8.1955
             79              1.1670   6.326324e+73         8.1955
             80              1.1670   5.184710e+74         8.1955
             81              1.1670   4.249106e+75         8.1955
             82              1.1670   3.482336e+76         8.1955
             83              1.1670   2.853932e+77         8.1955
             84              1.1670   2.338927e+78         8.1955
             85              1.1670   1.916857e+79         8.1955
             86              1.1670   1.570952e+80         8.1955
             87              1.1670   1.287466e+81         8.1955
             88              1.1670   1.055137e+82         8.1955
             89              1.1670   8.647329e+82         8.1955
             90              1.1670   7.086880e+83         8.1955
             91              1.1670   5.808020e+84         8.1955
             92              1.1670   4.759937e+85         8.1955
             93              1.1670   3.900985e+86         8.1955
             94              1.1670   3.197034e+87         8.1955
             95              1.1670   2.620115e+88         8.1955
             96              1.1670   2.147303e+89         8.1955
             97              1.1670   1.759813e+90         8.1955
             98              1.1670   1.442247e+91         8.1955
             99              1.1670   1.181987e+92         8.1955
         ----------------------------------------------------------------------
         Total Iterations: 100
         Avg Convergence Rate: 		         8.2287
         Final Residual: 		   1.181987e+92
         Total Reduction in Residual: 	   3.412102e+91
         Maximum Memory Usage: 		          1.167 GB
         ----------------------------------------------------------------------
Total Time: 0.0143633
    setup: 0.00122429 s
    solve: 0.013139 s
    solve(per iteration): 0.00013139 s
***Solver Did Not Converge
