Process 0 selecting device 0
AMGX version 2.5.0
Built on Sep 10 2025, 17:59:13
Compiled with CUDA Runtime 11.6, using CUDA driver 12.8
Warning: No mode specified, using dDDI by default.
Using Normal MPI (Hostbuffer) communicator...
Reading matrix dimensions in file: ../examples/matrix.mtx
Reading data...
RHS vector was not found. Using RHS b=[1,…,1]^T
Solution vector was not found. Setting initial solution to x=[0,…,0]^T
Finished reading
Using Normal MPI (Hostbuffer) communicator...
Matrix A is scalar and has 12 rows
AMG Grid:
         Number of Levels: 1
            LVL         ROWS               NNZ  PARTS    SPRSTY       Mem (GB)
        ----------------------------------------------------------------------
           0(D)           12                61      1     0.424       8.75e-07
         ----------------------------------------------------------------------
         Grid Complexity: 1
         Operator Complexity: 1
         Total Memory Usage: 8.75443e-07 GB
         ----------------------------------------------------------------------
           iter      Mem Usage (GB)       residual           rate
         ----------------------------------------------------------------------
            Ini             1.16699   3.464102e+00
              0             1.16699   3.874091e+00         1.1184
              1              1.1670   4.193838e+00         1.0825
              2              1.1670   4.675816e+00         1.1149
              3              1.1670   4.863976e+00         1.0402
              4              1.1670   5.125892e+00         1.0538
              5              1.1670   5.128434e+00         1.0005
              6              1.1670   5.227206e+00         1.0193
              7              1.1670   5.204489e+00         0.9957
              8              1.1670   5.241278e+00         1.0071
              9              1.1670   5.225930e+00         0.9971
             10              1.1670   5.240626e+00         1.0028
             11              1.1670   5.232610e+00         0.9985
             12              1.1670   5.238832e+00         1.0012
             13              1.1670   5.234963e+00         0.9993
             14              1.1670   5.237691e+00         1.0005
             15              1.1670   5.235878e+00         0.9997
             16              1.1670   5.237098e+00         1.0002
             17              1.1670   5.236255e+00         0.9998
             18              1.1670   5.236809e+00         1.0001
             19              1.1670   5.236417e+00         0.9999
             20              1.1670   5.236671e+00         1.0000
             21              1.1670   5.236487e+00         1.0000
             22              1.1670   5.236606e+00         1.0000
             23              1.1670   5.236518e+00         1.0000
             24              1.1670   5.236574e+00         1.0000
             25              1.1670   5.236532e+00         1.0000
             26              1.1670   5.236559e+00         1.0000
             27              1.1670   5.236538e+00         1.0000
             28              1.1670   5.236552e+00         1.0000
             29              1.1670   5.236541e+00         1.0000
             30              1.1670   5.236548e+00         1.0000
             31              1.1670   5.236542e+00         1.0000
             32              1.1670   5.236546e+00         1.0000
             33              1.1670   5.236543e+00         1.0000
             34              1.1670   5.236545e+00         1.0000
             35              1.1670   5.236543e+00         1.0000
             36              1.1670   5.236545e+00         1.0000
             37              1.1670   5.236543e+00         1.0000
             38              1.1670   5.236544e+00         1.0000
             39              1.1670   5.236544e+00         1.0000
             40              1.1670   5.236544e+00         1.0000
             41              1.1670   5.236544e+00         1.0000
             42              1.1670   5.236544e+00         1.0000
             43              1.1670   5.236544e+00         1.0000
             44              1.1670   5.236544e+00         1.0000
             45              1.1670   5.236544e+00         1.0000
             46              1.1670   5.236544e+00         1.0000
             47              1.1670   5.236544e+00         1.0000
             48              1.1670   5.236544e+00         1.0000
             49              1.1670   5.236544e+00         1.0000
             50              1.1670   5.236544e+00         1.0000
             51              1.1670   5.236544e+00         1.0000
             52              1.1670   5.236544e+00         1.0000
             53              1.1670   5.236544e+00         1.0000
             54              1.1670   5.236544e+00         1.0000
             55              1.1670   5.236544e+00         1.0000
             56              1.1670   5.236544e+00         1.0000
             57              1.1670   5.236544e+00         1.0000
             58              1.1670   5.236544e+00         1.0000
             59              1.1670   5.236544e+00         1.0000
             60              1.1670   5.236544e+00         1.0000
             61              1.1670   5.236544e+00         1.0000
             62              1.1670   5.236544e+00         1.0000
             63              1.1670   5.236544e+00         1.0000
             64              1.1670   5.236544e+00         1.0000
             65              1.1670   5.236544e+00         1.0000
             66              1.1670   5.236544e+00         1.0000
             67              1.1670   5.236544e+00         1.0000
             68              1.1670   5.236544e+00         1.0000
             69              1.1670   5.236544e+00         1.0000
             70              1.1670   5.236544e+00         1.0000
             71              1.1670   5.236544e+00         1.0000
             72              1.1670   5.236544e+00         1.0000
             73              1.1670   5.236544e+00         1.0000
             74              1.1670   5.236544e+00         1.0000
             75              1.1670   5.236544e+00         1.0000
             76              1.1670   5.236544e+00         1.0000
             77              1.1670   5.236544e+00         1.0000
             78              1.1670   5.236544e+00         1.0000
             79              1.1670   5.236544e+00         1.0000
             80              1.1670   5.236544e+00         1.0000
             81              1.1670   5.236544e+00         1.0000
             82              1.1670   5.236544e+00         1.0000
             83              1.1670   5.236544e+00         1.0000
             84              1.1670   5.236544e+00         1.0000
             85              1.1670   5.236544e+00         1.0000
             86              1.1670   5.236544e+00         1.0000
             87              1.1670   5.236544e+00         1.0000
             88              1.1670   5.236544e+00         1.0000
             89              1.1670   5.236544e+00         1.0000
             90              1.1670   5.236544e+00         1.0000
             91              1.1670   5.236544e+00         1.0000
             92              1.1670   5.236544e+00         1.0000
             93              1.1670   5.236544e+00         1.0000
             94              1.1670   5.236544e+00         1.0000
             95              1.1670   5.236544e+00         1.0000
             96              1.1670   5.236544e+00         1.0000
             97              1.1670   5.236544e+00         1.0000
             98              1.1670   5.236544e+00         1.0000
             99              1.1670   5.236544e+00         1.0000
         ----------------------------------------------------------------------
         Total Iterations: 100
         Avg Convergence Rate: 		         1.0041
         Final Residual: 		   5.236544e+00
         Total Reduction in Residual: 	   1.511660e+00
         Maximum Memory Usage: 		          1.167 GB
         ----------------------------------------------------------------------
Total Time: 0.0359581
    setup: 0.00970695 s
    solve: 0.0262512 s
    solve(per iteration): 0.000262512 s
***Solver Did Not Converge
