Process 0 selecting device 0
AMGX version 2.5.0
Built on Sep 10 2025, 17:59:13
Compiled with CUDA Runtime 11.6, using CUDA driver 12.8
Warning: No mode specified, using dDDI by default.
Using Normal MPI (Hostbuffer) communicator...
Reading matrix dimensions in file: ../examples/matrix.mtx
Reading data...
RHS vector was not found. Using RHS b=[1,…,1]^T
Solution vector was not found. Setting initial solution to x=[0,…,0]^T
Finished reading
Using Normal MPI (Hostbuffer) communicator...
Matrix A is scalar and has 12 rows
           iter      Mem Usage (GB)       residual           rate
         ----------------------------------------------------------------------
            Ini                   0   3.464102e+00
              0                   0   1.564989e+00         0.4518
              1              0.0000   1.506127e+00         0.9624
              2              0.0000   1.217479e+00         0.8084
              3              0.0000   1.192461e+00         0.9795
              4              0.0000   1.220529e+00         1.0235
              5              0.0000   1.209493e+00         0.9910
              6              0.0000   1.003083e+00         0.8293
              7              0.0000   1.057573e+00         1.0543
              8              0.0000   8.538634e-01         0.8074
              9              0.0000   7.908981e-01         0.9263
             10              0.0000   5.382757e-01         0.6806
             11              0.0000   4.501150e-01         0.8362
             12              0.0000   4.501231e-01         1.0000
             13              0.0000   5.089490e-02         0.1131
             14              0.0000   3.074615e-02         0.6041
             15              0.0000   3.076121e-02         1.0005
             16              0.0000   1.377817e-03         0.0448
             17              0.0000   7.484569e-07         0.0005
         ----------------------------------------------------------------------
         Total Iterations: 18
         Avg Convergence Rate: 		         0.4263
         Final Residual: 		   7.484569e-07
         Total Reduction in Residual: 	   2.160609e-07
         Maximum Memory Usage: 		          0.000 GB
         ----------------------------------------------------------------------
Total Time: 0.0051887
    setup: 0.00012736 s
    solve: 0.00506134 s
    solve(per iteration): 0.000281186 s
