Process 0 selecting device 0
AMGX version 2.5.0
Built on Sep 10 2025, 17:59:13
Compiled with CUDA Runtime 11.6, using CUDA driver 12.8
Warning: No mode specified, using dDDI by default.
Using Normal MPI (Hostbuffer) communicator...
Reading matrix dimensions in file: ../examples/matrix.mtx
Reading data...
RHS vector was not found. Using RHS b=[1,…,1]^T
Solution vector was not found. Setting initial solution to x=[0,…,0]^T
Finished reading
Using Normal MPI (Hostbuffer) communicator...
Matrix A is scalar and has 12 rows
AMG Grid:
         Number of Levels: 1
            LVL         ROWS               NNZ  PARTS    SPRSTY       Mem (GB)
        ----------------------------------------------------------------------
           0(D)           12                61      1     0.424       8.75e-07
         ----------------------------------------------------------------------
         Grid Complexity: 1
         Operator Complexity: 1
         Total Memory Usage: 8.75443e-07 GB
         ----------------------------------------------------------------------
           iter      Mem Usage (GB)       residual           rate
         ----------------------------------------------------------------------
            Ini             1.16699   3.464102e+00
              0             1.16699   2.762880e+00         0.7976
              1              1.1670   2.187846e+00         0.7919
              2              1.1670   2.172687e+00         0.9931
              3              1.1670   1.826039e+00         0.8405
              4              1.1670   1.608891e+00         0.8811
              5              1.1670   1.604939e+00         0.9975
              6              1.1670   1.383720e+00         0.8622
              7              1.1670   1.382543e+00         0.9991
              8              1.1670   1.325796e+00         0.9590
              9              1.1670   5.846196e-01         0.4410
             10              1.1670   5.846065e-01         1.0000
             11              1.1670   5.845758e-01         0.9999
             12              1.1670   5.845526e-01         1.0000
             13              1.1670   5.844370e-01         0.9998
             14              1.1670   5.844016e-01         0.9999
             15              1.1670   5.843790e-01         1.0000
             16              1.1670   5.843759e-01         1.0000
             17              1.1670   5.842230e-01         0.9997
             18              1.1670   5.842213e-01         1.0000
             19              1.1670   5.841857e-01         0.9999
             20              1.1670   5.841857e-01         1.0000
             21              1.1670   5.841857e-01         1.0000
             22              1.1670   5.841857e-01         1.0000
             23              1.1670   5.841857e-01         1.0000
             24              1.1670   5.841857e-01         1.0000
             25              1.1670   5.841857e-01         1.0000
             26              1.1670   5.841857e-01         1.0000
             27              1.1670   5.841856e-01         1.0000
             28              1.1670   5.841848e-01         1.0000
             29              1.1670   5.841848e-01         1.0000
             30              1.1670   5.841848e-01         1.0000
             31              1.1670   5.841848e-01         1.0000
             32              1.1670   5.841848e-01         1.0000
             33              1.1670   5.841848e-01         1.0000
             34              1.1670   5.841848e-01         1.0000
             35              1.1670   5.841848e-01         1.0000
             36              1.1670   5.841848e-01         1.0000
             37              1.1670   5.841848e-01         1.0000
             38              1.1670   5.841848e-01         1.0000
             39              1.1670   5.841848e-01         1.0000
             40              1.1670   5.841848e-01         1.0000
             41              1.1670   5.841848e-01         1.0000
             42              1.1670   5.841848e-01         1.0000
             43              1.1670   5.841848e-01         1.0000
             44              1.1670   5.841848e-01         1.0000
             45              1.1670   5.841848e-01         1.0000
             46              1.1670   5.841848e-01         1.0000
             47              1.1670   5.841848e-01         1.0000
             48              1.1670   5.841848e-01         1.0000
             49              1.1670   5.841848e-01         1.0000
             50              1.1670   5.841848e-01         1.0000
             51              1.1670   5.841848e-01         1.0000
             52              1.1670   5.841848e-01         1.0000
             53              1.1670   5.841848e-01         1.0000
             54              1.1670   5.841848e-01         1.0000
             55              1.1670   5.841848e-01         1.0000
             56              1.1670   5.841848e-01         1.0000
             57              1.1670   5.841848e-01         1.0000
             58              1.1670   5.841848e-01         1.0000
             59              1.1670   5.841848e-01         1.0000
             60              1.1670   5.841848e-01         1.0000
             61              1.1670   5.841848e-01         1.0000
             62              1.1670   5.841848e-01         1.0000
             63              1.1670   5.841848e-01         1.0000
             64              1.1670   5.841848e-01         1.0000
             65              1.1670   5.841848e-01         1.0000
             66              1.1670   5.841848e-01         1.0000
             67              1.1670   5.841848e-01         1.0000
             68              1.1670   5.841848e-01         1.0000
             69              1.1670   5.841848e-01         1.0000
             70              1.1670   5.841848e-01         1.0000
             71              1.1670   5.841848e-01         1.0000
             72              1.1670   5.841848e-01         1.0000
             73              1.1670   5.841848e-01         1.0000
             74              1.1670   5.841848e-01         1.0000
             75              1.1670   5.841848e-01         1.0000
             76              1.1670   5.841848e-01         1.0000
             77              1.1670   5.841848e-01         1.0000
             78              1.1670   5.841848e-01         1.0000
             79              1.1670   5.841848e-01         1.0000
             80              1.1670   5.841848e-01         1.0000
             81              1.1670   5.841848e-01         1.0000
             82              1.1670   5.841848e-01         1.0000
             83              1.1670   5.841848e-01         1.0000
             84              1.1670   5.841848e-01         1.0000
             85              1.1670   5.841848e-01         1.0000
             86              1.1670   5.841848e-01         1.0000
             87              1.1670   5.841848e-01         1.0000
             88              1.1670   5.841848e-01         1.0000
             89              1.1670   5.841848e-01         1.0000
             90              1.1670   5.841848e-01         1.0000
             91              1.1670   5.841848e-01         1.0000
             92              1.1670   5.841848e-01         1.0000
             93              1.1670   5.841848e-01         1.0000
             94              1.1670   5.841848e-01         1.0000
             95              1.1670   5.841848e-01         1.0000
             96              1.1670   5.841848e-01         1.0000
             97              1.1670   5.841848e-01         1.0000
             98              1.1670   5.841848e-01         1.0000
             99              1.1670   5.841848e-01         1.0000
         ----------------------------------------------------------------------
         Total Iterations: 100
         Avg Convergence Rate: 		         0.9824
         Final Residual: 		   5.841848e-01
         Total Reduction in Residual: 	   1.686396e-01
         Maximum Memory Usage: 		          1.167 GB
         ----------------------------------------------------------------------
Total Time: 0.0277409
    setup: 0.00131082 s
    solve: 0.02643 s
    solve(per iteration): 0.0002643 s
***Solver Did Not Converge
