Process 0 selecting device 0
AMGX version 2.5.0
Built on Sep 10 2025, 17:59:13
Compiled with CUDA Runtime 11.6, using CUDA driver 12.8
Warning: No mode specified, using dDDI by default.
Using Normal MPI (Hostbuffer) communicator...
Reading matrix dimensions in file: ../examples/matrix.mtx
Reading data...
RHS vector was not found. Using RHS b=[1,…,1]^T
Solution vector was not found. Setting initial solution to x=[0,…,0]^T
Finished reading
Using Normal MPI (Hostbuffer) communicator...
Matrix A is scalar and has 12 rows
           iter      Mem Usage (GB)       residual           rate
         ----------------------------------------------------------------------
            Ini                   0   3.464102e+00
              1                   0   8.040358e+01        23.2105
              3              0.0000   4.685363e+01         0.5827
              5              0.0000   1.355055e+02         2.8921
              7              0.0000   1.688421e+01         0.1246
              9              0.0000   8.865772e+00         0.5251
             11              0.0000   5.068179e+03       571.6568
             13              0.0000   1.620115e+01         0.0032
             15              0.0000   1.927902e+01         1.1900
             17              0.0000   1.580311e+03        81.9705
             19              0.0000   4.830091e+02         0.3056
             21              0.0000   2.916927e+02         0.6039
             23              0.0000   8.367956e+00         0.0287
             25              0.0000   1.315052e+00         0.1572
             27              0.0000   1.229462e+00         0.9349
             29              0.0000   9.743568e-02         0.0793
             31              0.0000   2.182357e-01         2.2398
             33              0.0000   1.711472e-01         0.7842
             35              0.0000   3.183259e-02         0.1860
             37              0.0000   6.603391e-04         0.0207
             39              0.0000   2.787138e-07         0.0004
         ----------------------------------------------------------------------
         Total Iterations: 40
         Avg Convergence Rate: 		         0.6647
         Final Residual: 		   2.787138e-07
         Total Reduction in Residual: 	   8.045774e-08
         Maximum Memory Usage: 		          0.000 GB
         ----------------------------------------------------------------------
Total Time: 0.00992678
    setup: 0.000629056 s
    solve: 0.00929773 s
    solve(per iteration): 0.000232443 s
