Process 0 selecting device 0
AMGX version 2.5.0
Built on Sep 10 2025, 17:59:13
Compiled with CUDA Runtime 11.6, using CUDA driver 12.8
Warning: No mode specified, using dDDI by default.
Using Normal MPI (Hostbuffer) communicator...
Reading matrix dimensions in file: ../examples/matrix.mtx
Reading data...
RHS vector was not found. Using RHS b=[1,…,1]^T
Solution vector was not found. Setting initial solution to x=[0,…,0]^T
Finished reading
Using Normal MPI (Hostbuffer) communicator...
Matrix A is scalar and has 12 rows
AMG Grid:
         Number of Levels: 3
            LVL         ROWS               NNZ  PARTS    SPRSTY       Mem (GB)
        ----------------------------------------------------------------------
           0(D)           12                61      1     0.424       1.04e-06
           1(D)            5                19      1      0.76       6.71e-07
           2(D)            2                 4      1         1       1.79e-07
         ----------------------------------------------------------------------
         Grid Complexity: 1.58333
         Operator Complexity: 1.37705
         Total Memory Usage: 1.88872e-06 GB
         ----------------------------------------------------------------------
           iter      Mem Usage (GB)       residual           rate
         ----------------------------------------------------------------------
            Ini             1.16699   3.464102e+00
              0             1.16699   6.494577e+00         1.8748
              1              1.1670   6.518465e+00         1.0037
              2              1.1670   3.519502e+00         0.5399
              3              1.1670   3.825646e+00         1.0870
              4              1.1670   3.801199e+00         0.9936
              5              1.1670   3.803930e+00         1.0007
              6              1.1670   3.803541e+00         0.9999
              7              1.1670   3.803609e+00         1.0000
              8              1.1670   3.803594e+00         1.0000
              9              1.1670   3.803598e+00         1.0000
             10              1.1670   3.803597e+00         1.0000
             11              1.1670   3.803597e+00         1.0000
             12              1.1670   3.803597e+00         1.0000
             13              1.1670   3.803597e+00         1.0000
             14              1.1670   3.803597e+00         1.0000
             15              1.1670   3.803597e+00         1.0000
             16              1.1670   3.803597e+00         1.0000
             17              1.1670   3.803597e+00         1.0000
             18              1.1670   3.803597e+00         1.0000
             19              1.1670   3.803597e+00         1.0000
             20              1.1670   3.803597e+00         1.0000
             21              1.1670   3.803597e+00         1.0000
             22              1.1670   3.803597e+00         1.0000
             23              1.1670   3.803597e+00         1.0000
             24              1.1670   3.803597e+00         1.0000
             25              1.1670   3.803597e+00         1.0000
             26              1.1670   3.803597e+00         1.0000
             27              1.1670   3.803597e+00         1.0000
             28              1.1670   3.803597e+00         1.0000
             29              1.1670   3.803597e+00         1.0000
             30              1.1670   3.803597e+00         1.0000
             31              1.1670   3.803598e+00         1.0000
             32              1.1670   3.803596e+00         1.0000
             33              1.1670   3.803602e+00         1.0000
             34              1.1670   3.803578e+00         1.0000
             35              1.1670   3.803699e+00         1.0000
             36              1.1670   3.802959e+00         0.9998
             37              1.1670   3.808613e+00         1.0015
             38              1.1670   3.748482e+00         0.9842
             39              1.1670   3.747831e+00         0.9998
             40              1.1670   3.791572e+00         1.0117
             41              1.1670   3.786352e+00         0.9986
             42              1.1670   3.787059e+00         1.0002
             43              1.1670   3.786962e+00         1.0000
             44              1.1670   3.786975e+00         1.0000
             45              1.1670   3.786973e+00         1.0000
             46              1.1670   3.786974e+00         1.0000
             47              1.1670   3.786974e+00         1.0000
             48              1.1670   3.786974e+00         1.0000
             49              1.1670   3.786974e+00         1.0000
             50              1.1670   3.786974e+00         1.0000
             51              1.1670   3.786974e+00         1.0000
             52              1.1670   3.786974e+00         1.0000
             53              1.1670   3.786974e+00         1.0000
             54              1.1670   3.786974e+00         1.0000
             55              1.1670   3.786974e+00         1.0000
             56              1.1670   3.786974e+00         1.0000
             57              1.1670   3.786974e+00         1.0000
             58              1.1670   3.786974e+00         1.0000
             59              1.1670   3.786974e+00         1.0000
             60              1.1670   3.786974e+00         1.0000
             61              1.1670   3.786974e+00         1.0000
             62              1.1670   3.786974e+00         1.0000
             63              1.1670   3.786974e+00         1.0000
             64              1.1670   3.786974e+00         1.0000
             65              1.1670   3.786974e+00         1.0000
             66              1.1670   3.786974e+00         1.0000
             67              1.1670   3.786974e+00         1.0000
             68              1.1670   3.786974e+00         1.0000
             69              1.1670   3.786974e+00         1.0000
             70              1.1670   3.786974e+00         1.0000
             71              1.1670   3.786974e+00         1.0000
             72              1.1670   3.786974e+00         1.0000
             73              1.1670   3.786974e+00         1.0000
             74              1.1670   3.786974e+00         1.0000
             75              1.1670   3.786974e+00         1.0000
             76              1.1670   3.786974e+00         1.0000
             77              1.1670   3.786974e+00         1.0000
             78              1.1670   3.786974e+00         1.0000
             79              1.1670   3.786974e+00         1.0000
             80              1.1670   3.786974e+00         1.0000
             81              1.1670   3.786974e+00         1.0000
             82              1.1670   3.786974e+00         1.0000
             83              1.1670   3.786974e+00         1.0000
             84              1.1670   3.786974e+00         1.0000
             85              1.1670   3.786974e+00         1.0000
             86              1.1670   3.786974e+00         1.0000
             87              1.1670   3.786974e+00         1.0000
             88              1.1670   3.786974e+00         1.0000
             89              1.1670   3.786974e+00         1.0000
             90              1.1670   3.786974e+00         1.0000
             91              1.1670   3.786974e+00         1.0000
             92              1.1670   3.786974e+00         1.0000
             93              1.1670   3.786974e+00         1.0000
             94              1.1670   3.786974e+00         1.0000
             95              1.1670   3.786974e+00         1.0000
             96              1.1670   3.786974e+00         1.0000
             97              1.1670   3.786974e+00         1.0000
             98              1.1670   3.786974e+00         1.0000
             99              1.1670   3.786974e+00         1.0000
         ----------------------------------------------------------------------
         Total Iterations: 100
         Avg Convergence Rate: 		         1.0009
         Final Residual: 		   3.786974e+00
         Total Reduction in Residual: 	   1.093205e+00
         Maximum Memory Usage: 		          1.167 GB
         ----------------------------------------------------------------------
Total Time: 0.0362517
    setup: 0.0182203 s
    solve: 0.0180314 s
    solve(per iteration): 0.000180314 s
***Solver Did Not Converge
