Process 0 selecting device 0
AMGX version 2.5.0
Built on Sep 10 2025, 17:59:13
Compiled with CUDA Runtime 11.6, using CUDA driver 12.8
Warning: No mode specified, using dDDI by default.
Using Normal MPI (Hostbuffer) communicator...
Reading matrix dimensions in file: ../examples/matrix.mtx
Reading data...
RHS vector was not found. Using RHS b=[1,…,1]^T
Solution vector was not found. Setting initial solution to x=[0,…,0]^T
Finished reading
Using Normal MPI (Hostbuffer) communicator...
Matrix A is scalar and has 12 rows
AMG Grid:
         Number of Levels: 1
            LVL         ROWS               NNZ  PARTS    SPRSTY       Mem (GB)
        ----------------------------------------------------------------------
           0(D)           12                61      1     0.424       8.75e-07
         ----------------------------------------------------------------------
         Grid Complexity: 1
         Operator Complexity: 1
         Total Memory Usage: 8.75443e-07 GB
         ----------------------------------------------------------------------
           iter      Mem Usage (GB)       residual           rate
         ----------------------------------------------------------------------
            Ini             1.23535   3.464102e+00
              0             1.23535   1.105160e-14         0.0000
         ----------------------------------------------------------------------
         Total Iterations: 1
         Avg Convergence Rate: 		         0.0000
         Final Residual: 		   1.105160e-14
         Total Reduction in Residual: 	   3.190322e-15
         Maximum Memory Usage: 		          1.235 GB
         ----------------------------------------------------------------------
Total Time: 0.0024064
    setup: 0.00069968 s
    solve: 0.00170672 s
    solve(per iteration): 0.00170672 s
