Process 0 selecting device 0
AMGX version 2.5.0
Built on Sep 10 2025, 17:59:13
Compiled with CUDA Runtime 11.6, using CUDA driver 12.8
Warning: No mode specified, using dDDI by default.
Using Normal MPI (Hostbuffer) communicator...
Reading matrix dimensions in file: ../examples/matrix.mtx
Reading data...
RHS vector was not found. Using RHS b=[1,…,1]^T
Solution vector was not found. Setting initial solution to x=[0,…,0]^T
Finished reading
Using Normal MPI (Hostbuffer) communicator...
Matrix A is scalar and has 12 rows
AMG Grid:
         Number of Levels: 1
            LVL         ROWS               NNZ  PARTS    SPRSTY       Mem (GB)
        ----------------------------------------------------------------------
           0(D)           12                61      1     0.424       8.75e-07
         ----------------------------------------------------------------------
         Grid Complexity: 1
         Operator Complexity: 1
         Total Memory Usage: 8.75443e-07 GB
         ----------------------------------------------------------------------
           iter      Mem Usage (GB)       residual           rate
         ----------------------------------------------------------------------
            Ini             1.16699   3.464102e+00
              0             1.16699   2.677826e+00         0.7730
              1              1.1670   2.114924e+00         0.7898
              2              1.1670   2.072935e+00         0.9801
              3              1.1670   1.744592e+00         0.8416
              4              1.1670   1.617783e+00         0.9273
              5              1.1670   1.616414e+00         0.9992
              6              1.1670   1.402549e+00         0.8677
              7              1.1670   1.348958e+00         0.9618
              8              1.1670   1.189204e+00         0.8816
              9              1.1670   6.310280e-01         0.5306
             10              1.1670   6.308636e-01         0.9997
             11              1.1670   6.307979e-01         0.9999
             12              1.1670   6.302553e-01         0.9991
             13              1.1670   6.302475e-01         1.0000
             14              1.1670   6.300651e-01         0.9997
             15              1.1670   6.299573e-01         0.9998
             16              1.1670   6.298724e-01         0.9999
             17              1.1670   6.287688e-01         0.9982
             18              1.1670   6.282960e-01         0.9992
             19              1.1670   6.278565e-01         0.9993
             20              1.1670   6.278564e-01         1.0000
             21              1.1670   6.278564e-01         1.0000
             22              1.1670   6.278563e-01         1.0000
             23              1.1670   6.278562e-01         1.0000
             24              1.1670   6.278562e-01         1.0000
             25              1.1670   6.278553e-01         1.0000
             26              1.1670   6.278520e-01         1.0000
             27              1.1670   6.278462e-01         1.0000
             28              1.1670   6.278462e-01         1.0000
             29              1.1670   6.278369e-01         1.0000
             30              1.1670   6.278369e-01         1.0000
             31              1.1670   6.278369e-01         1.0000
             32              1.1670   6.278369e-01         1.0000
             33              1.1670   6.278369e-01         1.0000
             34              1.1670   6.278369e-01         1.0000
             35              1.1670   6.278368e-01         1.0000
             36              1.1670   6.278368e-01         1.0000
             37              1.1670   6.278367e-01         1.0000
             38              1.1670   6.278367e-01         1.0000
             39              1.1670   6.278366e-01         1.0000
             40              1.1670   6.278366e-01         1.0000
             41              1.1670   6.278366e-01         1.0000
             42              1.1670   6.278366e-01         1.0000
             43              1.1670   6.278366e-01         1.0000
             44              1.1670   6.278366e-01         1.0000
             45              1.1670   6.278366e-01         1.0000
             46              1.1670   6.278366e-01         1.0000
             47              1.1670   6.278366e-01         1.0000
             48              1.1670   6.278366e-01         1.0000
             49              1.1670   6.278366e-01         1.0000
             50              1.1670   6.278366e-01         1.0000
             51              1.1670   6.278366e-01         1.0000
             52              1.1670   6.278366e-01         1.0000
             53              1.1670   6.278366e-01         1.0000
             54              1.1670   6.278366e-01         1.0000
             55              1.1670   6.278366e-01         1.0000
             56              1.1670   6.278366e-01         1.0000
             57              1.1670   6.278366e-01         1.0000
             58              1.1670   6.278366e-01         1.0000
             59              1.1670   6.278366e-01         1.0000
             60              1.1670   6.278366e-01         1.0000
             61              1.1670   6.278366e-01         1.0000
             62              1.1670   6.278366e-01         1.0000
             63              1.1670   6.278366e-01         1.0000
             64              1.1670   6.278366e-01         1.0000
             65              1.1670   6.278366e-01         1.0000
             66              1.1670   6.278366e-01         1.0000
             67              1.1670   6.278366e-01         1.0000
             68              1.1670   6.278366e-01         1.0000
             69              1.1670   6.278366e-01         1.0000
             70              1.1670   6.278366e-01         1.0000
             71              1.1670   6.278366e-01         1.0000
             72              1.1670   6.278366e-01         1.0000
             73              1.1670   6.278366e-01         1.0000
             74              1.1670   6.278366e-01         1.0000
             75              1.1670   6.278366e-01         1.0000
             76              1.1670   6.278366e-01         1.0000
             77              1.1670   6.278366e-01         1.0000
             78              1.1670   6.278366e-01         1.0000
             79              1.1670   6.278366e-01         1.0000
             80              1.1670   6.278366e-01         1.0000
             81              1.1670   6.278366e-01         1.0000
             82              1.1670   6.278366e-01         1.0000
             83              1.1670   6.278366e-01         1.0000
             84              1.1670   6.278366e-01         1.0000
             85              1.1670   6.278366e-01         1.0000
             86              1.1670   6.278366e-01         1.0000
             87              1.1670   6.278366e-01         1.0000
             88              1.1670   6.278366e-01         1.0000
             89              1.1670   6.278366e-01         1.0000
             90              1.1670   6.278366e-01         1.0000
             91              1.1670   6.278366e-01         1.0000
             92              1.1670   6.278366e-01         1.0000
             93              1.1670   6.278366e-01         1.0000
             94              1.1670   6.278366e-01         1.0000
             95              1.1670   6.278366e-01         1.0000
             96              1.1670   6.278366e-01         1.0000
             97              1.1670   6.278366e-01         1.0000
             98              1.1670   6.278366e-01         1.0000
             99              1.1670   6.278366e-01         1.0000
         ----------------------------------------------------------------------
         Total Iterations: 100
         Avg Convergence Rate: 		         0.9831
         Final Residual: 		   6.278366e-01
         Total Reduction in Residual: 	   1.812408e-01
         Maximum Memory Usage: 		          1.167 GB
         ----------------------------------------------------------------------
Total Time: 0.024593
    setup: 0.000714752 s
    solve: 0.0238783 s
    solve(per iteration): 0.000238783 s
***Solver Did Not Converge
