Process 0 selecting device 0
AMGX version 2.5.0
Built on Sep 10 2025, 17:59:13
Compiled with CUDA Runtime 11.6, using CUDA driver 12.8
Warning: No mode specified, using dDDI by default.
Using Normal MPI (Hostbuffer) communicator...
Reading matrix dimensions in file: ../examples/matrix.mtx
Reading data...
RHS vector was not found. Using RHS b=[1,…,1]^T
Solution vector was not found. Setting initial solution to x=[0,…,0]^T
Finished reading
Using Normal MPI (Hostbuffer) communicator...
Matrix A is scalar and has 12 rows
AMG Grid:
         Number of Levels: 1
            LVL         ROWS               NNZ  PARTS    SPRSTY       Mem (GB)
        ----------------------------------------------------------------------
           0(D)           12                61      1     0.424       8.75e-07
         ----------------------------------------------------------------------
         Grid Complexity: 1
         Operator Complexity: 1
         Total Memory Usage: 8.75443e-07 GB
         ----------------------------------------------------------------------
           iter      Mem Usage (GB)       residual           rate
         ----------------------------------------------------------------------
            Ini             1.16699   3.464102e+00
              0             1.16699   2.299879e+00         0.6639
              1              1.1670   1.818637e+00         0.7908
              2              1.1670   1.812663e+00         0.9967
              3              1.1670   1.733630e+00         0.9564
              4              1.1670   1.259415e+00         0.7265
              5              1.1670   1.220978e+00         0.9695
              6              1.1670   9.835433e-01         0.8055
              7              1.1670   9.709706e-01         0.9872
              8              1.1670   8.559776e-01         0.8816
              9              1.1670   6.533305e-01         0.7633
             10              1.1670   4.263148e-01         0.6525
             11              1.1670   3.558838e-14         0.0000
         ----------------------------------------------------------------------
         Total Iterations: 12
         Avg Convergence Rate: 		         0.0683
         Final Residual: 		   3.558838e-14
         Total Reduction in Residual: 	   1.027348e-14
         Maximum Memory Usage: 		          1.167 GB
         ----------------------------------------------------------------------
Total Time: 0.00514157
    setup: 0.000222144 s
    solve: 0.00491942 s
    solve(per iteration): 0.000409952 s
