Compile command: --arch=wse3 --fabric-dims=762,1172 --fabric-offsets=4,1 --params=width:4,height:4,MAX_ZDIM:4,LEVELS:2 --params=BLOCK_SIZE:4 --memcpy --channels=4 --width-west-buf=0 --width-east-buf=0 -o out_vcycle4 --llvm-option=--inline-threshold=256 --llvm-option=--unroll-threshold=256
Run command: cs_python run_gmg_vcycle.py -m=4 -n=4 -k=4 --latestlink out_vcycle4 --channels=4 --width-west-buf=0 --width-east-buf=0 --zDim=4 --run-only --levels=2 --max-ite=100 --blockSize=4 --pre-iter=6 --post-iter=6 --bottom-iter=100 --tolerance=1e-05 --cmaddr %CMADDR%
Firing compile+run job for 4x4x4...
Job submitted for 4x4x4 - moving to next problem
Compile command: --arch=wse3 --fabric-dims=762,1172 --fabric-offsets=4,1 --params=width:8,height:8,MAX_ZDIM:8,LEVELS:3 --params=BLOCK_SIZE:8 --memcpy --channels=8 --width-west-buf=0 --width-east-buf=0 -o out_vcycle8 --llvm-option=--inline-threshold=256 --llvm-option=--unroll-threshold=256
Run command: cs_python run_gmg_vcycle.py -m=8 -n=8 -k=8 --latestlink out_vcycle8 --channels=8 --width-west-buf=0 --width-east-buf=0 --zDim=8 --run-only --levels=3 --max-ite=100 --blockSize=8 --pre-iter=6 --post-iter=6 --bottom-iter=100 --tolerance=1e-05 --cmaddr %CMADDR%
Compiling...
Firing compile+run job for 8x8x8...
Job submitted for 8x8x8 - moving to next problem
Compile command: --arch=wse3 --fabric-dims=762,1172 --fabric-offsets=4,1 --params=width:16,height:16,MAX_ZDIM:16,LEVELS:4 --params=BLOCK_SIZE:16 --memcpy --channels=16 --width-west-buf=0 --width-east-buf=0 -o out_vcycle16 --llvm-option=--inline-threshold=256 --llvm-option=--unroll-threshold=256
Run command: cs_python run_gmg_vcycle.py -m=16 -n=16 -k=16 --latestlink out_vcycle16 --channels=16 --width-west-buf=0 --width-east-buf=0 --zDim=16 --run-only --levels=4 --max-ite=100 --blockSize=16 --pre-iter=6 --post-iter=6 --bottom-iter=100 --tolerance=1e-05 --cmaddr %CMADDR%
Compiling...
Firing compile+run job for 16x16x16...
Job submitted for 16x16x16 - moving to next problem
Compile command: --arch=wse3 --fabric-dims=762,1172 --fabric-offsets=4,1 --params=width:32,height:32,MAX_ZDIM:32,LEVELS:5 --params=BLOCK_SIZE:32 --memcpy --channels=16 --width-west-buf=0 --width-east-buf=0 -o out_vcycle32 --llvm-option=--inline-threshold=256 --llvm-option=--unroll-threshold=256
Run command: cs_python run_gmg_vcycle.py -m=32 -n=32 -k=32 --latestlink out_vcycle32 --channels=16 --width-west-buf=0 --width-east-buf=0 --zDim=32 --run-only --levels=5 --max-ite=100 --blockSize=32 --pre-iter=6 --post-iter=6 --bottom-iter=100 --tolerance=1e-05 --cmaddr %CMADDR%
Firing compile+run job for 32x32x32...
Job submitted for 32x32x32 - moving to next problem
Compiling...
Compile command: --arch=wse3 --fabric-dims=762,1172 --fabric-offsets=4,1 --params=width:64,height:64,MAX_ZDIM:64,LEVELS:6 --params=BLOCK_SIZE:64 --memcpy --channels=16 --width-west-buf=0 --width-east-buf=0 -o out_vcycle64 --llvm-option=--inline-threshold=256 --llvm-option=--unroll-threshold=256
Run command: cs_python run_gmg_vcycle.py -m=64 -n=64 -k=64 --latestlink out_vcycle64 --channels=16 --width-west-buf=0 --width-east-buf=0 --zDim=64 --run-only --levels=6 --max-ite=100 --blockSize=64 --pre-iter=6 --post-iter=6 --bottom-iter=100 --tolerance=1e-05 --cmaddr %CMADDR%
Compiling...
Firing compile+run job for 64x64x64...
Job submitted for 64x64x64 - moving to next problem
Compile command: --arch=wse3 --fabric-dims=762,1172 --fabric-offsets=4,1 --params=width:128,height:128,MAX_ZDIM:128,LEVELS:7 --params=BLOCK_SIZE:128 --memcpy --channels=16 --width-west-buf=0 --width-east-buf=0 -o out_vcycle128 --llvm-option=--inline-threshold=256 --llvm-option=--unroll-threshold=256
Run command: cs_python run_gmg_vcycle.py -m=128 -n=128 -k=128 --latestlink out_vcycle128 --channels=16 --width-west-buf=0 --width-east-buf=0 --zDim=128 --run-only --levels=7 --max-ite=100 --blockSize=128 --pre-iter=6 --post-iter=6 --bottom-iter=100 --tolerance=1e-05 --cmaddr %CMADDR%
Compiling...
Firing compile+run job for 128x128x128...
Job submitted for 128x128x128 - moving to next problem
Compile command: --arch=wse3 --fabric-dims=762,1172 --fabric-offsets=4,1 --params=width:256,height:256,MAX_ZDIM:256,LEVELS:8 --params=BLOCK_SIZE:256 --memcpy --channels=16 --width-west-buf=0 --width-east-buf=0 -o out_vcycle256 --llvm-option=--inline-threshold=256 --llvm-option=--unroll-threshold=256
Run command: cs_python run_gmg_vcycle.py -m=256 -n=256 -k=256 --latestlink out_vcycle256 --channels=16 --width-west-buf=0 --width-east-buf=0 --zDim=256 --run-only --levels=8 --max-ite=1 --blockSize=256 --pre-iter=6 --post-iter=6 --bottom-iter=100 --tolerance=1e-05 --cmaddr %CMADDR%
Compiling...
Firing compile+run job for 256x256x256...
Job submitted for 256x256x256 - moving to next problem
Compile command: --arch=wse3 --fabric-dims=762,1172 --fabric-offsets=4,1 --params=width:512,height:512,MAX_ZDIM:512,LEVELS:9 --params=BLOCK_SIZE:256 --memcpy --channels=16 --width-west-buf=0 --width-east-buf=0 -o out_vcycle512 --llvm-option=--inline-threshold=256 --llvm-option=--unroll-threshold=256
Run command: cs_python run_gmg_vcycle.py -m=512 -n=512 -k=512 --latestlink out_vcycle512 --channels=16 --width-west-buf=0 --width-east-buf=0 --zDim=512 --run-only --levels=9 --max-ite=100 --blockSize=256 --pre-iter=6 --post-iter=6 --bottom-iter=1 --tolerance=1e-05 --cmaddr %CMADDR%
Firing compile+run job for 512x512x512...
Job submitted for 512x512x512 - moving to next problem
Event 2026-01-24 00:03:21 +0000 UTC reason=InconsistentVersion wsjob=wsjob-g3oxhqcchykducynaqw8kf message='Warning: job image version 2.6.0-202506211141-14-0c2f21fd is inconsistent with cluster server version 3.0.3-202509190737-236-c8acd3e9+c8acd3e9cb, there's a risk job could fail due to inconsistent setup.'
Event 2026-01-24 00:03:21 +0000 UTC reason=InconsistentVersion wsjob=wsjob-aqhhcssqnxzosrrzbrb2pp message='Warning: job image version 2.6.0-202506211141-14-0c2f21fd is inconsistent with cluster server version 3.0.3-202509190737-236-c8acd3e9+c8acd3e9cb, there's a risk job could fail due to inconsistent setup.'
Event 2026-01-24 00:03:21 +0000 UTC reason=InconsistentVersion wsjob=wsjob-5vzmhi8ctq7biyfapwjxbd message='Warning: job image version 2.6.0-202506211141-14-0c2f21fd is inconsistent with cluster server version 3.0.3-202509190737-236-c8acd3e9+c8acd3e9cb, there's a risk job could fail due to inconsistent setup.'
There is no job record with the id wsjob-aqhhcssqnxzosrrzbrb2pp in run meta.
There is no job record with the id wsjob-aqhhcssqnxzosrrzbrb2pp in run meta.
There is no job record with the id wsjob-5vzmhi8ctq7biyfapwjxbd in run meta.
There is no job record with the id wsjob-g3oxhqcchykducynaqw8kf in run meta.
There is no job record with the id wsjob-g3oxhqcchykducynaqw8kf in run meta.
There is no job record with the id wsjob-5vzmhi8ctq7biyfapwjxbd in run meta.
2026-01-24 00:04:46,492 INFO     CSL compiler output:
	CSL compiler produced no messages. Compilation successful.
2026-01-24 00:04:47,667 INFO     CSL compiler output:
	CSL compiler produced no messages. Compilation successful.
2026-01-24 00:04:50,085 INFO     CSL compiler output:
	CSL compiler produced no messages. Compilation successful.
Event 2026-01-24 00:04:49 +0000 UTC reason=InconsistentVersion wsjob=wsjob-f2qgutf8rbufwb6jpskopm message='Warning: job image version 2.6.0-202506211141-14-0c2f21fd is inconsistent with cluster server version 3.0.3-202509190737-236-c8acd3e9+c8acd3e9cb, there's a risk job could fail due to inconsistent setup.'
Event 2026-01-24 00:04:51 +0000 UTC reason=InconsistentVersion wsjob=wsjob-huwd2hst6wtdp3gxzrdayf message='Warning: job image version 2.6.0-202506211141-14-0c2f21fd is inconsistent with cluster server version 3.0.3-202509190737-236-c8acd3e9+c8acd3e9cb, there's a risk job could fail due to inconsistent setup.'
Event 2026-01-24 00:04:52 +0000 UTC reason=InconsistentVersion wsjob=wsjob-qea4yztgmd5cep6bivf72j message='Warning: job image version 2.6.0-202506211141-14-0c2f21fd is inconsistent with cluster server version 3.0.3-202509190737-236-c8acd3e9+c8acd3e9cb, there's a risk job could fail due to inconsistent setup.'
Event 2026-01-24 00:04:51 +0000 UTC reason=InconsistentVersion wsjob=wsjob-dwoslbhh88qk9twt2wnerc message='Warning: job image version 2.6.0-202506211141-14-0c2f21fd is inconsistent with cluster server version 3.0.3-202509190737-236-c8acd3e9+c8acd3e9cb, there's a risk job could fail due to inconsistent setup.'
Event 2026-01-24 00:04:51 +0000 UTC reason=InconsistentVersion wsjob=wsjob-hsj7fd5uevrjhzbmtbnddq message='Warning: job image version 2.6.0-202506211141-14-0c2f21fd is inconsistent with cluster server version 3.0.3-202509190737-236-c8acd3e9+c8acd3e9cb, there's a risk job could fail due to inconsistent setup.'
There is no job record with the id wsjob-f2qgutf8rbufwb6jpskopm in run meta.
There is no job record with the id wsjob-f2qgutf8rbufwb6jpskopm in run meta.
There is no job record with the id wsjob-qea4yztgmd5cep6bivf72j in run meta.
There is no job record with the id wsjob-qea4yztgmd5cep6bivf72j in run meta.
There is no job record with the id wsjob-huwd2hst6wtdp3gxzrdayf in run meta.
There is no job record with the id wsjob-huwd2hst6wtdp3gxzrdayf in run meta.
Event 2026-01-24 00:06:18 +0000 UTC reason=InconsistentVersion wsjob=wsjob-94gklibzckhbwjwypozk2r message='Warning: job image version 2.6.0-202506211141-14-0c2f21fd is inconsistent with cluster server version 3.0.3-202509190737-236-c8acd3e9+c8acd3e9cb, there's a risk job could fail due to inconsistent setup.'
2026-01-24 00:06:38,725 INFO     CSL compiler output:
	CSL compiler produced no messages. Compilation successful.
2026-01-24 00:06:39,751 INFO     CSL compiler output:
	CSL compiler produced no messages. Compilation successful.
Event 2026-01-24 00:06:43 +0000 UTC reason=InconsistentVersion wsjob=wsjob-wjcrxzkayryvwwhvvlse9t message='Warning: job image version 2.6.0-202506211141-14-0c2f21fd is inconsistent with cluster server version 3.0.3-202509190737-236-c8acd3e9+c8acd3e9cb, there's a risk job could fail due to inconsistent setup.'
Event 2026-01-24 00:06:41 +0000 UTC reason=InconsistentVersion wsjob=wsjob-mhewnja7tq24ety3qxv9pd message='Warning: job image version 2.6.0-202506211141-14-0c2f21fd is inconsistent with cluster server version 3.0.3-202509190737-236-c8acd3e9+c8acd3e9cb, there's a risk job could fail due to inconsistent setup.'
Event 2026-01-24 00:06:41 +0000 UTC reason=InconsistentVersion wsjob=wsjob-vaqgpuc4uckxzrwcwhlfrm message='Warning: job image version 2.6.0-202506211141-14-0c2f21fd is inconsistent with cluster server version 3.0.3-202509190737-236-c8acd3e9+c8acd3e9cb, there's a risk job could fail due to inconsistent setup.'
There is no job record with the id wsjob-vaqgpuc4uckxzrwcwhlfrm in run meta.
There is no job record with the id wsjob-vaqgpuc4uckxzrwcwhlfrm in run meta.
There is no job record with the id wsjob-wjcrxzkayryvwwhvvlse9t in run meta.
There is no job record with the id wsjob-wjcrxzkayryvwwhvvlse9t in run meta.
Event 2026-01-24 00:07:42 +0000 UTC reason=InconsistentVersion wsjob=wsjob-fvbfvzwpm9qdybczmhmvkp message='Warning: job image version 2.6.0-202506211141-14-0c2f21fd is inconsistent with cluster server version 3.0.3-202509190737-236-c8acd3e9+c8acd3e9cb, there's a risk job could fail due to inconsistent setup.'
2026-01-24 00:08:47,249 INFO     CSL compiler output:
	CSL compiler produced no messages. Compilation successful.
2026-01-24 00:08:50,407 INFO     CSL compiler output:
	CSL compiler produced no messages. Compilation successful.
2026-01-24 00:09:06,848 INFO     CSL compiler output:
	CSL compiler produced no messages. Compilation successful.
Event 2026-01-24 00:09:02 +0000 UTC reason=InconsistentVersion wsjob=wsjob-hnc2dqdf6bs4l72fpyoyjj message='Warning: job image version 2.6.0-202506211141-14-0c2f21fd is inconsistent with cluster server version 3.0.3-202509190737-236-c8acd3e9+c8acd3e9cb, there's a risk job could fail due to inconsistent setup.'
Event 2026-01-24 00:09:33 +0000 UTC reason=InconsistentVersion wsjob=wsjob-4qdistsc9qwbqjn8rmncyy message='Warning: job image version 2.6.0-202506211141-14-0c2f21fd is inconsistent with cluster server version 3.0.3-202509190737-236-c8acd3e9+c8acd3e9cb, there's a risk job could fail due to inconsistent setup.'
Event 2026-01-24 00:10:41 +0000 UTC reason=InconsistentVersion wsjob=wsjob-axzcpnrklwrzhqrxryiogu message='Warning: job image version 2.6.0-202506211141-14-0c2f21fd is inconsistent with cluster server version 3.0.3-202509190737-236-c8acd3e9+c8acd3e9cb, there's a risk job could fail due to inconsistent setup.'
Compiling...
Compiling...
