This is pdfTeX, Version 3.141592653-2.6-1.40.29 (TeX Live 2026) (preloaded format=pdflatex 2026.4.7)  7 APR 2026 03:38
entering extended mode
 restricted \write18 enabled.
 file:line:error style messages enabled.
 %&-line parsing enabled.
**/home/bricklib_dataflow/AMGCerebras/benchmarks/gmg/csl_gmg/paper/template/GLOW
(/home/bricklib_dataflow/AMGCerebras/benchmarks/gmg/csl_gmg/paper/template/GLOW.tex
LaTeX2e <2025-11-01>
L3 programming layer <2026-03-20>
(./IEEEtran.cls
Document Class: IEEEtran 2015/08/26 V1.8b by Michael Shell
-- See the "IEEEtran_HOWTO" manual for usage information.
-- http://www.michaelshell.org/tex/ieeetran/
\@IEEEtrantmpdimenA=\dimen150
\@IEEEtrantmpdimenB=\dimen151
\@IEEEtrantmpdimenC=\dimen152
\@IEEEtrantmpcountA=\count275
\@IEEEtrantmpcountB=\count276
\@IEEEtrantmpcountC=\count277
\@IEEEtrantmptoksA=\toks17
LaTeX Font Info:    Trying to load font information for OT1+ptm on input line 503.
(/home/bricklib_dataflow/texlive/2025/texmf-dist/tex/latex/psnfss/ot1ptm.fd
File: ot1ptm.fd 2001/06/04 font definitions for OT1/ptm.
)
-- Using 8.5in x 11in (letter) paper.
-- Using PDF output.
\@IEEEnormalsizeunitybaselineskip=\dimen153
-- This is a 10 point document.
LaTeX Encoding Info:    Redeclaring text command \textunderscore (encoding ?) on input line 937.
\CLASSINFOnormalsizebaselineskip=\dimen154
\CLASSINFOnormalsizeunitybaselineskip=\dimen155
\IEEEnormaljot=\dimen156
LaTeX Font Info:    Font shape `OT1/ptm/bx/n' in size <5> not available
(Font)              Font shape `OT1/ptm/b/n' tried instead on input line 1090.
LaTeX Font Info:    Font shape `OT1/ptm/bx/it' in size <5> not available
(Font)              Font shape `OT1/ptm/b/it' tried instead on input line 1090.
LaTeX Font Info:    Font shape `OT1/ptm/bx/n' in size <7> not available
(Font)              Font shape `OT1/ptm/b/n' tried instead on input line 1090.
LaTeX Font Info:    Font shape `OT1/ptm/bx/it' in size <7> not available
(Font)              Font shape `OT1/ptm/b/it' tried instead on input line 1090.
LaTeX Font Info:    Font shape `OT1/ptm/bx/n' in size <8> not available
(Font)              Font shape `OT1/ptm/b/n' tried instead on input line 1090.
LaTeX Font Info:    Font shape `OT1/ptm/bx/it' in size <8> not available
(Font)              Font shape `OT1/ptm/b/it' tried instead on input line 1090.
LaTeX Font Info:    Font shape `OT1/ptm/bx/n' in size <9> not available
(Font)              Font shape `OT1/ptm/b/n' tried instead on input line 1090.
LaTeX Font Info:    Font shape `OT1/ptm/bx/it' in size <9> not available
(Font)              Font shape `OT1/ptm/b/it' tried instead on input line 1090.
LaTeX Font Info:    Font shape `OT1/ptm/bx/n' in size <10> not available
(Font)              Font shape `OT1/ptm/b/n' tried instead on input line 1090.
LaTeX Font Info:    Font shape `OT1/ptm/bx/it' in size <10> not available
(Font)              Font shape `OT1/ptm/b/it' tried instead on input line 1090.
LaTeX Font Info:    Font shape `OT1/ptm/bx/n' in size <11> not available
(Font)              Font shape `OT1/ptm/b/n' tried instead on input line 1090.
LaTeX Font Info:    Font shape `OT1/ptm/bx/it' in size <11> not available
(Font)              Font shape `OT1/ptm/b/it' tried instead on input line 1090.
LaTeX Font Info:    Font shape `OT1/ptm/bx/n' in size <12> not available
(Font)              Font shape `OT1/ptm/b/n' tried instead on input line 1090.
LaTeX Font Info:    Font shape `OT1/ptm/bx/it' in size <12> not available
(Font)              Font shape `OT1/ptm/b/it' tried instead on input line 1090.
LaTeX Font Info:    Font shape `OT1/ptm/bx/n' in size <17> not available
(Font)              Font shape `OT1/ptm/b/n' tried instead on input line 1090.
LaTeX Font Info:    Font shape `OT1/ptm/bx/it' in size <17> not available
(Font)              Font shape `OT1/ptm/b/it' tried instead on input line 1090.
LaTeX Font Info:    Font shape `OT1/ptm/bx/n' in size <20> not available
(Font)              Font shape `OT1/ptm/b/n' tried instead on input line 1090.
LaTeX Font Info:    Font shape `OT1/ptm/bx/it' in size <20> not available
(Font)              Font shape `OT1/ptm/b/it' tried instead on input line 1090.
LaTeX Font Info:    Font shape `OT1/ptm/bx/n' in size <24> not available
(Font)              Font shape `OT1/ptm/b/n' tried instead on input line 1090.
LaTeX Font Info:    Font shape `OT1/ptm/bx/it' in size <24> not available
(Font)              Font shape `OT1/ptm/b/it' tried instead on input line 1090.
\IEEEquantizedlength=\dimen157
\IEEEquantizedlengthdiff=\dimen158
\IEEEquantizedtextheightdiff=\dimen159
\IEEEilabelindentA=\dimen160
\IEEEilabelindentB=\dimen161
\IEEEilabelindent=\dimen162
\IEEEelabelindent=\dimen163
\IEEEdlabelindent=\dimen164
\IEEElabelindent=\dimen165
\IEEEiednormlabelsep=\dimen166
\IEEEiedmathlabelsep=\dimen167
\IEEEiedtopsep=\skip49
\c@section=\count278
\c@subsection=\count279
\c@subsubsection=\count280
\c@paragraph=\count281
\c@IEEEsubequation=\count282
\abovecaptionskip=\skip50
\belowcaptionskip=\skip51
\c@figure=\count283
\c@table=\count284
\@IEEEeqnnumcols=\count285
\@IEEEeqncolcnt=\count286
\@IEEEsubeqnnumrollback=\count287
\@IEEEquantizeheightA=\dimen168
\@IEEEquantizeheightB=\dimen169
\@IEEEquantizeheightC=\dimen170
\@IEEEquantizeprevdepth=\dimen171
\@IEEEquantizemultiple=\count288
\@IEEEquantizeboxA=\box53
\@IEEEtmpitemindent=\dimen172
\IEEEPARstartletwidth=\dimen173
\c@IEEEbiography=\count289
\@IEEEtranrubishbin=\box54
)
** ATTENTION: Overriding command lockouts (line 2).
(/home/bricklib_dataflow/texlive/2025/texmf-dist/tex/latex/cite/cite.sty
LaTeX Info: Redefining \cite on input line 302.
LaTeX Info: Redefining \nocite on input line 332.
Package: cite 2015/02/27  v 5.5
) (/home/bricklib_dataflow/texlive/2025/texmf-dist/tex/latex/amsmath/amsmath.sty
Package: amsmath 2025/07/09 v2.17z AMS math features
\@mathmargin=\skip52

For additional information on amsmath, use the `?' option.
(/home/bricklib_dataflow/texlive/2025/texmf-dist/tex/latex/amsmath/amstext.sty
Package: amstext 2024/11/17 v2.01 AMS text
 (/home/bricklib_dataflow/texlive/2025/texmf-dist/tex/latex/amsmath/amsgen.sty
File: amsgen.sty 1999/11/30 v2.0 generic functions
\@emptytoks=\toks18
\ex@=\dimen174
)) (/home/bricklib_dataflow/texlive/2025/texmf-dist/tex/latex/amsmath/amsbsy.sty
Package: amsbsy 1999/11/29 v1.2d Bold Symbols
\pmbraise@=\dimen175
) (/home/bricklib_dataflow/texlive/2025/texmf-dist/tex/latex/amsmath/amsopn.sty
Package: amsopn 2022/04/08 v2.04 operator names
)
\inf@bad=\count290
LaTeX Info: Redefining \frac on input line 233.
\uproot@=\count291
\leftroot@=\count292
LaTeX Info: Redefining \overline on input line 398.
LaTeX Info: Redefining \colon on input line 409.
\classnum@=\count293
\DOTSCASE@=\count294
LaTeX Info: Redefining \ldots on input line 495.
LaTeX Info: Redefining \dots on input line 498.
LaTeX Info: Redefining \cdots on input line 619.
\Mathstrutbox@=\box55
\strutbox@=\box56
LaTeX Info: Redefining \big on input line 721.
LaTeX Info: Redefining \Big on input line 722.
LaTeX Info: Redefining \bigg on input line 723.
LaTeX Info: Redefining \Bigg on input line 724.
\big@size=\dimen176
LaTeX Font Info:    Redeclaring font encoding OML on input line 742.
LaTeX Font Info:    Redeclaring font encoding OMS on input line 743.
\macc@depth=\count295
LaTeX Info: Redefining \bmod on input line 904.
LaTeX Info: Redefining \pmod on input line 909.
LaTeX Info: Redefining \smash on input line 939.
LaTeX Info: Redefining \relbar on input line 969.
LaTeX Info: Redefining \Relbar on input line 970.
\c@MaxMatrixCols=\count296
\dotsspace@=\muskip17
\c@parentequation=\count297
\dspbrk@lvl=\count298
\tag@help=\toks19
\row@=\count299
\column@=\count300
\maxfields@=\count301
\andhelp@=\toks20
\eqnshift@=\dimen177
\alignsep@=\dimen178
\tagshift@=\dimen179
\tagwidth@=\dimen180
\totwidth@=\dimen181
\lineht@=\dimen182
\@envbody=\toks21
\multlinegap=\skip53
\multlinetaggap=\skip54
\mathdisplay@stack=\toks22
LaTeX Info: Redefining \[ on input line 2950.
LaTeX Info: Redefining \] on input line 2951.
) (/home/bricklib_dataflow/texlive/2025/texmf-dist/tex/latex/amsfonts/amssymb.sty
Package: amssymb 2013/01/14 v3.01 AMS font symbols
 (/home/bricklib_dataflow/texlive/2025/texmf-dist/tex/latex/amsfonts/amsfonts.sty
Package: amsfonts 2013/01/14 v3.01 Basic AMSFonts support
\symAMSa=\mathgroup4
\symAMSb=\mathgroup5
LaTeX Font Info:    Redeclaring math symbol \hbar on input line 98.
LaTeX Font Info:    Overwriting math alphabet `\mathfrak' in version `bold'
(Font)                  U/euf/m/n --> U/euf/b/n on input line 106.
)) (/home/bricklib_dataflow/texlive/2025/texmf-dist/tex/latex/algorithms/algorithmic.sty
Package: algorithmic 2009/08/24 v0.1 Document Style `algorithmic'
 (/home/bricklib_dataflow/texlive/2025/texmf-dist/tex/latex/base/ifthen.sty
Package: ifthen 2024/03/16 v1.1e Standard LaTeX ifthen package (DPC)
) (/home/bricklib_dataflow/texlive/2025/texmf-dist/tex/latex/graphics/keyval.sty
Package: keyval 2022/05/29 v1.15 key=value parser (DPC)
\KV@toks@=\toks23
)
\c@ALC@unique=\count302
\c@ALC@line=\count303
\c@ALC@rem=\count304
\c@ALC@depth=\count305
\ALC@tlm=\skip55
\algorithmicindent=\skip56
) (/home/bricklib_dataflow/texlive/2025/texmf-dist/tex/latex/graphics/graphicx.sty
Package: graphicx 2024/12/31 v1.2e Enhanced LaTeX Graphics (DPC,SPQR)
 (/home/bricklib_dataflow/texlive/2025/texmf-dist/tex/latex/graphics/graphics.sty
Package: graphics 2024/08/06 v1.4g Standard LaTeX Graphics (DPC,SPQR)
 (/home/bricklib_dataflow/texlive/2025/texmf-dist/tex/latex/graphics/trig.sty
Package: trig 2023/12/02 v1.11 sin cos tan (DPC)
) (/home/bricklib_dataflow/texlive/2025/texmf-dist/tex/latex/graphics-cfg/graphics.cfg
File: graphics.cfg 2016/06/04 v1.11 sample graphics configuration
)
Package graphics Info: Driver file: pdftex.def on input line 106.
 (/home/bricklib_dataflow/texlive/2025/texmf-dist/tex/latex/graphics-def/pdftex.def
File: pdftex.def 2025/09/29 v1.2d Graphics/color driver for pdftex
))
\Gin@req@height=\dimen183
\Gin@req@width=\dimen184
) (/home/bricklib_dataflow/texlive/2025/texmf-dist/tex/latex/base/textcomp.sty
Package: textcomp 2024/04/24 v2.1b Standard LaTeX package
) (/home/bricklib_dataflow/texlive/2025/texmf-dist/tex/latex/xcolor/xcolor.sty
Package: xcolor 2024/09/29 v3.02 LaTeX color extensions (UK)
 (/home/bricklib_dataflow/texlive/2025/texmf-dist/tex/latex/graphics-cfg/color.cfg
File: color.cfg 2016/01/02 v1.6 sample color configuration
)
Package xcolor Info: Driver file: pdftex.def on input line 274.
 (/home/bricklib_dataflow/texlive/2025/texmf-dist/tex/latex/graphics/mathcolor.ltx)
Package xcolor Info: Model `cmy' substituted by `cmy0' on input line 1349.
Package xcolor Info: Model `hsb' substituted by `rgb' on input line 1353.
Package xcolor Info: Model `RGB' extended on input line 1365.
Package xcolor Info: Model `HTML' substituted by `rgb' on input line 1367.
Package xcolor Info: Model `Hsb' substituted by `hsb' on input line 1368.
Package xcolor Info: Model `tHsb' substituted by `hsb' on input line 1369.
Package xcolor Info: Model `HSB' substituted by `hsb' on input line 1370.
Package xcolor Info: Model `Gray' substituted by `gray' on input line 1371.
Package xcolor Info: Model `wave' substituted by `hsb' on input line 1372.
) (/home/bricklib_dataflow/texlive/2025/texmf-dist/tex/latex/comment/comment.sty
\CommentStream=\write3
 Excluding comment 'comment') (/home/bricklib_dataflow/texlive/2025/texmf-dist/tex/latex/booktabs/booktabs.sty
Package: booktabs 2020/01/12 v1.61803398 Publication quality tables
\heavyrulewidth=\dimen185
\lightrulewidth=\dimen186
\cmidrulewidth=\dimen187
\belowrulesep=\dimen188
\belowbottomsep=\dimen189
\aboverulesep=\dimen190
\abovetopsep=\dimen191
\cmidrulesep=\dimen192
\cmidrulekern=\dimen193
\defaultaddspace=\dimen194
\@cmidla=\count306
\@cmidlb=\count307
\@aboverulesep=\dimen195
\@belowrulesep=\dimen196
\@thisruleclass=\count308
\@lastruleclass=\count309
\@thisrulewidth=\dimen197
) (/home/bricklib_dataflow/texlive/2025/texmf-dist/tex/latex/url/url.sty
\Urlmuskip=\muskip18
Package: url 2013/09/16  ver 3.4  Verb mode for urls, etc.
) (/home/bricklib_dataflow/texlive/2025/texmf-dist/tex/latex/l3backend/l3backend-pdftex.def
File: l3backend-pdftex.def 2026-02-18 L3 backend support: PDF output (pdfTeX)
\l__color_backend_stack_int=\count310
) (./GLOW.aux

LaTeX Warning: Label `eq:comm_model' multiply defined.

)
\openout1 = `GLOW.aux'.

LaTeX Font Info:    Checking defaults for OML/cmm/m/it on input line 15.
LaTeX Font Info:    ... okay on input line 15.
LaTeX Font Info:    Checking defaults for OMS/cmsy/m/n on input line 15.
LaTeX Font Info:    ... okay on input line 15.
LaTeX Font Info:    Checking defaults for OT1/cmr/m/n on input line 15.
LaTeX Font Info:    ... okay on input line 15.
LaTeX Font Info:    Checking defaults for T1/cmr/m/n on input line 15.
LaTeX Font Info:    ... okay on input line 15.
LaTeX Font Info:    Checking defaults for TS1/cmr/m/n on input line 15.
LaTeX Font Info:    ... okay on input line 15.
LaTeX Font Info:    Checking defaults for OMX/cmex/m/n on input line 15.
LaTeX Font Info:    ... okay on input line 15.
LaTeX Font Info:    Checking defaults for U/cmr/m/n on input line 15.
LaTeX Font Info:    ... okay on input line 15.

-- Lines per column: 56 (exact).
(/home/bricklib_dataflow/texlive/2025/texmf-dist/tex/context/base/mkii/supp-pdf.mkii
[Loading MPS to PDF converter (version 2006.09.02).]
\scratchcounter=\count311
\scratchdimen=\dimen198
\scratchbox=\box57
\nofMPsegments=\count312
\nofMParguments=\count313
\everyMPshowfont=\toks24
\MPscratchCnt=\count314
\MPscratchDim=\dimen199
\MPnumerator=\count315
\makeMPintoPDFobject=\count316
\everyMPtoPDFconversion=\toks25
) (/home/bricklib_dataflow/texlive/2025/texmf-dist/tex/latex/epstopdf-pkg/epstopdf-base.sty
Package: epstopdf-base 2020-01-24 v2.11 Base part for package epstopdf
Package epstopdf-base Info: Redefining graphics rule for `.eps' on input line 485.
 (/home/bricklib_dataflow/texlive/2025/texmf-dist/tex/latex/latexconfig/epstopdf-sys.cfg
File: epstopdf-sys.cfg 2010/07/13 v1.3 Configuration of (r)epstopdf for TeX Live
))
LaTeX Font Info:    Trying to load font information for U+msa on input line 26.
 (/home/bricklib_dataflow/texlive/2025/texmf-dist/tex/latex/amsfonts/umsa.fd
File: umsa.fd 2013/01/14 v3.01 AMS symbols A
)
LaTeX Font Info:    Trying to load font information for U+msb on input line 26.
 (/home/bricklib_dataflow/texlive/2025/texmf-dist/tex/latex/amsfonts/umsb.fd
File: umsb.fd 2013/01/14 v3.01 AMS symbols B
)
<figures/fig1_gmg_v_cycle.drawio (2).png, id=1, 1218.5525pt x 1016.79875pt>
File: figures/fig1_gmg_v_cycle.drawio (2).png Graphic file (type png)
<use figures/fig1_gmg_v_cycle.drawio (2).png>
Package pdftex.def Info: figures/fig1_gmg_v_cycle.drawio (2).png  used on input line 48.
(pdftex.def)             Requested size: 252.0pt x 210.27586pt.


LaTeX Warning: Citation `Cerebras' on page 1 undefined on input line 55.


LaTeX Warning: Citation `Lauterbach' on page 1 undefined on input line 55.


LaTeX Warning: Citation `Sai' on page 1 undefined on input line 56.


LaTeX Warning: Citation `sai2' on page 1 undefined on input line 56.


LaTeX Warning: Citation `Rocki' on page 1 undefined on input line 56.


LaTeX Warning: Citation `scalable_25pt_stencil' on page 1 undefined on input line 56.


LaTeX Warning: Citation `mathias' on page 1 undefined on input line 56.


LaTeX Warning: Citation `Ltaief' on page 1 undefined on input line 56.


LaTeX Warning: Citation `perez_md_sc24' on page 1 undefined on input line 56.


LaTeX Warning: Citation `perez-journal' on page 1 undefined on input line 56.


LaTeX Warning: Citation `Tramm24' on page 1 undefined on input line 57.


LaTeX Warning: Citation `Yoshii26' on page 1 undefined on input line 57.

[1{/home/bricklib_dataflow/texlive/2025/texmf-var/fonts/map/pdftex/updmap/pdftex.map}{/home/bricklib_dataflow/texlive/2025/texmf-dist/fonts/enc/dvips/base/8r.enc}


 <./figures/fig1_gmg_v_cycle.drawio (2).png>]
Underfull \hbox (badness 1540) in paragraph at lines 81--84
[]\OT1/ptm/m/n/10 Extensive per-for-mance mea-sure-ments, in-clud-ing per-
 []

<figures/WSE2_v2.pdf, id=15, 548.56947pt x 344.94873pt>
File: figures/WSE2_v2.pdf Graphic file (type pdf)
<use figures/WSE2_v2.pdf>
Package pdftex.def Info: figures/WSE2_v2.pdf  used on input line 130.
(pdftex.def)             Requested size: 252.0pt x 158.46252pt.
LaTeX Font Info:    Trying to load font information for TS1+ptm on input line 134.
(/home/bricklib_dataflow/texlive/2025/texmf-dist/tex/latex/psnfss/ts1ptm.fd
File: ts1ptm.fd 2001/06/04 font definitions for TS1/ptm.
)

LaTeX Warning: Citation `luczynski_reduce' on page 2 undefined on input line 161.


LaTeX Warning: Citation `CSL' on page 2 undefined on input line 171.


Underfull \hbox (badness 4492) in paragraph at lines 170--174
 \OT1/ptm/m/it/10 3) Pro-gram-ming Model: [][] \OT1/ptm/m/n/10 The pro-gram-ming in-ter-face,
 []

[2 <./figures/WSE2_v2.pdf>]
<figures/spmp_restriction.pdf, id=89, 890.4266pt x 921.64326pt>
File: figures/spmp_restriction.pdf Graphic file (type pdf)
<use figures/spmp_restriction.pdf>
Package pdftex.def Info: figures/spmp_restriction.pdf  used on input line 198.
(pdftex.def)             Requested size: 252.84283pt x 261.7007pt.
 Excluding 'comment' comment.

LaTeX Warning: Citation `song_ceresz' on page 3 undefined on input line 315.


Underfull \hbox (badness 10000) in paragraph at lines 313--317
\OT1/ptm/m/n/10 2.3.1/original/cerebras-basics/cerebras-execution-modes.html
 []


Underfull \hbox (badness 10000) in paragraph at lines 313--317
\OT1/ptm/m/n/10 and https://dl.acm.org/doi/10.1145/3372780.3380846 how
 []


Underfull \hbox (badness 2158) in paragraph at lines 313--317
\OT1/ptm/m/n/10 sup-ported, and will in-tro-duce sig-nif-i-cant com-mu-ni-ca-tion
 []


LaTeX Warning: Citation `Rocki' on page 3 undefined on input line 324.


LaTeX Warning: Citation `mathias' on page 3 undefined on input line 324.

[3]

LaTeX Warning: Reference `fig:VariousLayouts' on page 4 undefined on input line 337.


LaTeX Warning: Reference `tab:layout_comparison' on page 4 undefined on input line 340.

Excluding 'comment' comment.

LaTeX Warning: Reference `fig:VariousLayouts' on page 4 undefined on input line 408.


LaTeX Warning: Reference `fig:VariousLayouts' on page 4 undefined on input line 411.


LaTeX Warning: Citation `song_ceresz' on page 4 undefined on input line 412.


LaTeX Warning: Reference `fig:VariousLayouts' on page 4 undefined on input line 415.


LaTeX Warning: Citation `Rocki' on page 4 undefined on input line 417.


LaTeX Warning: Citation `mathias' on page 4 undefined on input line 417.


Underfull \hbox (badness 1502) in paragraph at lines 415--419
 \OT1/ptm/m/it/10 3) Dis-tributed Map-ping: centered-overlapped and one-
 []


Underfull \vbox (badness 6268) has occurred while \output is active []

 [4 <./figures/spmp_restriction.pdf>]

LaTeX Warning: Citation `Rocki' on page 5 undefined on input line 427.


LaTeX Warning: Citation `Sai' on page 5 undefined on input line 427.


LaTeX Warning: Citation `sai2' on page 5 undefined on input line 427.


LaTeX Warning: Citation `mathias' on page 5 undefined on input line 427.

/home/bricklib_dataflow/AMGCerebras/benchmarks/gmg/csl_gmg/paper/template/GLOW.tex:456: Missing $ inserted.
<inserted text> 
                $
l.456 ... and coloring. The layout module (layout_
                                                  gmg_vcycle.csl, 157 lines)...
I've inserted a begin-math/end-math symbol since I think
you left one out. Proceed, with fingers crossed.


LaTeX Warning: Command \texttimes invalid in math mode on input line 456.


LaTeX Warning: Command \texttimes invalid in math mode on input line 456.


LaTeX Warning: Command \textemdash invalid in math mode on input line 456.

/home/bricklib_dataflow/AMGCerebras/benchmarks/gmg/csl_gmg/paper/template/GLOW.tex:460: Missing $ inserted.
<inserted text> 
                $
l.460 
      
I've inserted a begin-math/end-math symbol since I think
you left one out. Proceed, with fingers crossed.

Missing character: There is no Ö in font cmr10!

Underfull \hbox (badness 10000) in paragraph at lines 456--460
\TS1/ptm/m/n/10 ˆ \OT1/ptm/m/n/10 Lay-out and col-or-ing. The lay-out mod-ule
 []


Overfull \hbox (62.27437pt too wide) in paragraph at lines 456--460
\OT1/ptm/m/n/10 (layout$[]\OML/cmm/m/it/10 mg[]cycle:csl; \OT1/cmr/m/n/10 157\OML/cmm/m/it/10 lines\OT1/cmr/m/n/10 )\OML/cmm/m/it/10 definesa\OT1/cmr/m/n/10 2\OML/cmm/m/it/10 DPEgridonthe\OT1/cmr/m/n/10 7621172\OML/cmm/m/it/10 WSE \OMS/cmsy/m/n/10 ^^@
 []


Underfull \hbox (badness 10000) in paragraph at lines 456--460
\OT1/cmr/m/n/10 3\OML/cmm/m/it/10 fabric:Itallocates\OT1/cmr/m/n/10 9\OML/cmm/m/it/10 colorsforinter \OMS/cmsy/m/n/10 ^^@
 []


Overfull \hbox (641.28456pt too wide) in paragraph at lines 456--460
\OML/cmm/m/it/10 PEcommunication\OMS/cmsy/m/n/10 j\OT1/cmr/m/n/10 8\OML/cmm/m/it/10 forthestenciloperator[]sdirectionalhaloexchanges\OT1/cmr/m/n/10 (\OML/cmm/m/it/10 east=west=north=south; sendandreceive\OT1/cmr/m/n/10 )\OML/cmm/m/it/10 and\OT1/cmr/m/n/10 1\OML/cmm/m/it/10 fortheallreduceusedinrestrictionandconvergencechecking:Italsoallocates\OT1/cmr/m/n/10 8\OML/cmm/m/it/10 taskIDs \OT1/cmr/m/n/10 :
 []


Overfull \hbox (114.94203pt too wide) in paragraph at lines 456--460
\OT1/cmr/m/n/10 3\OML/cmm/m/it/10 forthestencil[]ssend=receive=computephases; \OT1/cmr/m/n/10 4\OML/cmm/m/it/10 forallreducestages; and\OT1/cmr/m/n/10 1\OML/cmm/m/it/10 fortheV \OMS/cmsy/m/n/10 ^^@
 []


Overfull \hbox (865.77469pt too wide) in paragraph at lines 456--460
\OML/cmm/m/it/10 cyclestatemachine:These\OT1/cmr/m/n/10 17\OML/cmm/m/it/10 hardwareresourcesmustbepartitionedwithoutcollisionacrossthreeimportedmodules\OT1/cmr/m/n/10 (\OML/cmm/m/it/10 memcpy; stencil; allreduce\OT1/cmr/m/n/10 )\OML/cmm/m/it/10 ; eachofwhichhasitsowninternalcoloringrequirements:ThelayouttheniteratesovereveryPE; generatingposition \OMS/cmsy/m/n/10 ^^@
 []


Underfull \hbox (badness 10000) in paragraph at lines 456--460
\OML/cmm/m/it/10 dependentparameters\OT1/cmr/m/n/10 (\OML/cmm/m/it/10 boundaryflags; per \OMS/cmsy/m/n/10 ^^@
 []


Overfull \hbox (61.87393pt too wide) in paragraph at lines 456--460
\OML/cmm/m/it/10 PEstencilrouting\OT1/cmr/m/n/10 )\OML/cmm/m/it/10 andbindingthemtoasinglekernelfilevia\OT1/cmr/m/n/10 @\OML/cmm/m/it/10 set[]ile[]ode:$ 
 []

/home/bricklib_dataflow/AMGCerebras/benchmarks/gmg/csl_gmg/paper/template/GLOW.tex:461: Missing $ inserted.
<inserted text> 
                $
l.461 ...h PE's comptime block configures 16 @set_
                                                  local_color_config directi...
I've inserted a begin-math/end-math symbol since I think
you left one out. Proceed, with fingers crossed.


/home/bricklib_dataflow/AMGCerebras/benchmarks/gmg/csl_gmg/paper/template/GLOW.tex:462: LaTeX Error: Bad math environment delimiter.

See the LaTeX manual or LaTeX Companion for explanation.
Type  H <return>  for immediate help.
 ...                                              
                                                  
l.462 ...ded mapping, where active PEs at level \(
                                                  l\) are \(2^l\) hops apart...
Your command was ignored.
Type  I <command> <return>  to replace it with another command,
or  <return>  to continue without it.


Underfull \hbox (badness 1838) in paragraph at lines 461--465
\TS1/ptm/m/n/10 ˆ \OT1/ptm/m/n/10 Rout-ing and for-ward-ing. Static rout-ing is es-tab-lished
 []


Overfull \hbox (646.80988pt too wide) in paragraph at lines 461--465
\OT1/ptm/m/n/10 @set$[]\OML/cmm/m/it/10 ocal[]olor[]onfigdirectivesthatwireinput=outputqueuestothefourcardinaldirectionsviatherouter[]sRAMP; EAST; WEST; NORTH; andSOUTHports:Forthestridedmapping; whereactivePEsatlevell$
 []


Underfull \hbox (badness 4416) in paragraph at lines 461--465
\OT1/ptm/m/n/10 re-com-putes which PEs are ac-tive, which are in-te-rior
 []

/home/bricklib_dataflow/AMGCerebras/benchmarks/gmg/csl_gmg/paper/template/GLOW.tex:466: Missing $ inserted.
<inserted text> 
                $
l.466 ...tate machine. The V-cycle kernel (kernel_
                                                  gmg_vcycle.csl, 1,103 line...
I've inserted a begin-math/end-math symbol since I think
you left one out. Proceed, with fingers crossed.


LaTeX Warning: Command \textemdash invalid in math mode on input line 466.


LaTeX Warning: Command \textemdash invalid in math mode on input line 467.

/home/bricklib_dataflow/AMGCerebras/benchmarks/gmg/csl_gmg/paper/template/GLOW.tex:470: Missing $ inserted.
<inserted text> 
                $
l.470 
      
I've inserted a begin-math/end-math symbol since I think
you left one out. Proceed, with fingers crossed.


Underfull \hbox (badness 10000) in paragraph at lines 466--470
\TS1/ptm/m/n/10 ˆ \OT1/ptm/m/n/10 Ker-nel and state ma-chine. The V-cycle ker-nel
 []


Overfull \hbox (103.59525pt too wide) in paragraph at lines 466--470
\OT1/ptm/m/n/10 (kernel$[]\OML/cmm/m/it/10 mg[]cycle:csl; \OT1/cmr/m/n/10 1\OML/cmm/m/it/10 ; \OT1/cmr/m/n/10 103\OML/cmm/m/it/10 lines\OT1/cmr/m/n/10 )\OML/cmm/m/it/10 implementsthefullmultigridalgorithmasanon \OMS/cmsy/m/n/10 ^^@
 []


Overfull \hbox (555.71135pt too wide) in paragraph at lines 466--470
\OML/cmm/m/it/10 devicestatemachinewith\OT1/cmr/m/n/10 28\OML/cmm/m/it/10 states:EachGMGoperator\OMS/cmsy/m/n/10 j\OML/cmm/m/it/10 smooth; residual; restriction; interpolation; coarsesolve; andconvergencecheck\OMS/cmsy/m/n/10 j\OML/cmm/m/it/10 mapstooneormorestates:Transitionsarecallback \OMS/cmsy/m/n/10 ^^@
 []


Overfull \hbox (639.63182pt too wide) in paragraph at lines 466--470
\OML/cmm/m/it/10 driven \OT1/cmr/m/n/10 : \OML/cmm/m/it/10 whenanasynchronousstencilorallreducecompletes; thelibraryinvokesf[]allback; whichadvancesthestatevariableandreactivatesthestatemachinetaskvia\OT1/cmr/m/n/10 @\OML/cmm/m/it/10 activate:ThisdesignexecutestheentireV \OMS/cmsy/m/n/10 ^^@
 []


Overfull \hbox (177.78433pt too wide) in paragraph at lines 466--470
\OML/cmm/m/it/10 cyclewithoutreturningcontroltothehostbetweenstates\OT1/cmr/m/n/10 ; \OML/cmm/m/it/10 thehostonlyintervenesbetweencompleteV \OMS/cmsy/m/n/10 ^^@
 []

/home/bricklib_dataflow/AMGCerebras/benchmarks/gmg/csl_gmg/paper/template/GLOW.tex:471: Missing $ inserted.
<inserted text> 
                $
l.471 ...evel, plus multi-level save arrays (save_
                                                  u_smooth, save_f_down) siz...
I've inserted a begin-math/end-math symbol since I think
you left one out. Proceed, with fingers crossed.

/home/bricklib_dataflow/AMGCerebras/benchmarks/gmg/csl_gmg/paper/template/GLOW.tex:471: Double subscript.
l.471 ...el, plus multi-level save arrays (save_u_
                                                  smooth, save_f_down) sized...
I treat `x_1_2' essentially like `x_1{}_2'.

/home/bricklib_dataflow/AMGCerebras/benchmarks/gmg/csl_gmg/paper/template/GLOW.tex:471: Double subscript.
l.471 ...level save arrays (save_u_smooth, save_f_
                                                  down) sized by the
I treat `x_1_2' essentially like `x_1{}_2'.


/home/bricklib_dataflow/AMGCerebras/benchmarks/gmg/csl_gmg/paper/template/GLOW.tex:472: LaTeX Error: Bad math environment delimiter.

See the LaTeX manual or LaTeX Companion for explanation.
Type  H <return>  for immediate help.
 ...                                              
                                                  
l.472   geometric series \(
                           n_z(2 - 2^{1-L})\). All data access uses DSDs (Da...
Your command was ignored.
Type  I <command> <return>  to replace it with another command,
or  <return>  to continue without it.

/home/bricklib_dataflow/AMGCerebras/benchmarks/gmg/csl_gmg/paper/template/GLOW.tex:473: Missing $ inserted.
<inserted text> 
                $
l.473 ...es add four directional buffers of BLOCK_
                                                  SIZE each for halo exchang...
I've inserted a begin-math/end-math symbol since I think
you left one out. Proceed, with fingers crossed.


/home/bricklib_dataflow/AMGCerebras/benchmarks/gmg/csl_gmg/paper/template/GLOW.tex:473: LaTeX Error: Bad math environment delimiter.

See the LaTeX manual or LaTeX Companion for explanation.
Type  H <return>  for immediate help.
 ...                                              
                                                  
l.473 ...t for the largest problem sizes. At 512\(
                                                  ^3\)
Your command was ignored.
Type  I <command> <return>  to replace it with another command,
or  <return>  to continue without it.


Underfull \hbox (badness 1783) in paragraph at lines 471--475
\TS1/ptm/m/n/10 ˆ \OT1/ptm/m/n/10 Data man-age-ment within 48KB. Each PE stores the
 []


Overfull \hbox (7.4999pt too wide) in paragraph at lines 471--475
\OT1/ptm/m/n/10 (save$[][]\OML/cmm/m/it/10 mooth; save[][]own\OT1/cmr/m/n/10 )\OML/cmm/m/it/10 sizedbythegeometricseriesn[]\OT1/cmr/m/n/10 (2 \OMS/cmsy/m/n/10 ^^@
 []


Underfull \hbox (badness 7814) in paragraph at lines 471--475
\OT1/cmr/m/n/10 2[])$\OT1/ptm/m/n/10 . All data ac-cess uses DSDs (Data Struc-ture
 []


Underfull \hbox (badness 2253) in paragraph at lines 471--475
\OT1/ptm/m/n/10 ac-cess pat-terns for op-er-a-tions like re-stric-tion (even/odd
 []


Underfull \hbox (badness 2393) in paragraph at lines 471--475
\OT1/ptm/m/n/10 com-mu-ni-ca-tion li-braries add four di-rec-tional buffers of
 []


Underfull \hbox (badness 10000) in paragraph at lines 471--475
\OT1/ptm/m/n/10 BLOCK$[]\OML/cmm/m/it/10 IZEeachforhaloexchange; bringingper \OMS/cmsy/m/n/10 ^^@
 []


Overfull \hbox (68.61613pt too wide) in paragraph at lines 471--475
\OML/cmm/m/it/10 PEdatapressureclosetothe\OT1/cmr/m/n/10 48\OML/cmm/m/it/10 KBlimitforthelargestproblemsizes:At\OT1/cmr/m/n/10 512[]$
 []

[5]
Overfull \hbox (8.19713pt too wide) in paragraph at lines 486--505
 [][] 
 []

LaTeX Font Info:    Trying to load font information for OT1+pcr on input line 515.
(/home/bricklib_dataflow/texlive/2025/texmf-dist/tex/latex/psnfss/ot1pcr.fd
File: ot1pcr.fd 2001/06/04 font definitions for OT1/pcr.
)
Underfull \hbox (badness 10000) in paragraph at lines 519--519
[]$\OML/cmm/m/it/9 Ax[] \OMS/cmsy/m/n/9  
 []


Underfull \hbox (badness 10000) in paragraph at lines 522--522
[]$\OML/cmm/m/it/9 b \OMS/cmsy/m/n/9  
 []


Overfull \hbox (5.85991pt too wide) in paragraph at lines 522--522
[]\OT1/cmr/m/n/9 (\OML/cmm/m/it/9 r\OT1/cmr/m/n/9 )$| 
 []


Underfull \hbox (badness 10000) in paragraph at lines 527--527
[]$\OML/cmm/m/it/9 I \OMS/cmsy/m/n/9  
 []


Overfull \hbox (33.67238pt too wide) in paragraph at lines 527--527
[]\OT1/cmr/m/n/9 (\OML/cmm/m/it/9 x\OT1/cmr/m/n/9 )$| 
 []


Underfull \hbox (badness 10000) in paragraph at lines 532--532
[]$\OML/cmm/m/it/9 Ax[]coarse \OMS/cmsy/m/n/9  
 []


Overfull \hbox (28.16476pt too wide) in paragraph at lines 512--537
[][]
 []


Underfull \hbox (badness 10000) in paragraph at lines 512--537

 []


LaTeX Warning: `h' float specifier changed to `ht'.


LaTeX Warning: Citation `mathias' on page 6 undefined on input line 545.


LaTeX Warning: Citation `luczynski_reduce' on page 6 undefined on input line 551.

[6]

LaTeX Font Warning: Font shape `OT1/ptm/m/scit' undefined
(Font)              using `OT1/ptm/m/it' instead on input line 573.


LaTeX Font Warning: Font shape `OT1/ptm/m/scit' undefined
(Font)              using `OT1/ptm/m/it' instead on input line 626.

Excluding 'comment' comment. [7]
Underfull \hbox (badness 4686) in paragraph at lines 680--685
[]\OT1/ptm/m/n/10 The CSL back-end com-piler was in-voked with the
 []


Underfull \hbox (badness 10000) in paragraph at lines 680--685
\OT1/ptm/m/n/10 LLVM op-tions \OT1/pcr/m/n/10 --inline-threshold=256 \OT1/ptm/m/n/10 and
 []


Underfull \hbox (badness 10000) in paragraph at lines 680--685
\OT1/pcr/m/n/10 --unroll-threshold=256\OT1/ptm/m/n/10 . Ex-per-i-ments on the
 []


Underfull \hbox (badness 2173) in paragraph at lines 680--685
\OT1/ptm/m/n/10 loaded: \OT1/pcr/m/n/10 openmpi/5.0.5\OT1/ptm/m/n/10 , \OT1/pcr/m/n/10 ucc/1.5.1\OT1/ptm/m/n/10 , \OT1/pcr/m/n/10 ucx/1.19.1\OT1/ptm/m/n/10 ,
 []


Underfull \hbox (badness 10000) in paragraph at lines 680--685
\OT1/pcr/m/n/10 cmake/4.1.1\OT1/ptm/m/n/10 , \OT1/pcr/m/n/10 xalt/3.1\OT1/ptm/m/n/10 , \OT1/pcr/m/n/10 TACC\OT1/ptm/m/n/10 , \OT1/pcr/m/n/10 nvidia/24.7\OT1/ptm/m/n/10 ,
 []

<figures/hpgmg_speedup_barplot_big.pdf, id=151, 477.84923pt x 328.37883pt>
File: figures/hpgmg_speedup_barplot_big.pdf Graphic file (type pdf)
<use figures/hpgmg_speedup_barplot_big.pdf>
Package pdftex.def Info: figures/hpgmg_speedup_barplot_big.pdf  used on input line 725.
(pdftex.def)             Requested size: 239.39923pt x 164.5147pt.
[8 <./figures/hpgmg_speedup_barplot_big.pdf>]

LaTeX Warning: Citation `mathias' on page 9 undefined on input line 769.

<figures/per_operation_timing_512x512x512.png, id=218, 573.8238pt x 346.4142pt>
File: figures/per_operation_timing_512x512x512.png Graphic file (type png)
<use figures/per_operation_timing_512x512x512.png>
Package pdftex.def Info: figures/per_operation_timing_512x512x512.png  used on input line 778.
(pdftex.def)             Requested size: 252.0pt x 152.13199pt.
[9 <./figures/per_operation_timing_512x512x512.png>]
<figures/spmv_internal.png, id=223, 1178.001pt x 369.2997pt>
File: figures/spmv_internal.png Graphic file (type png)
<use figures/spmv_internal.png>
Package pdftex.def Info: figures/spmv_internal.png  used on input line 798.
(pdftex.def)             Requested size: 516.0pt x 161.77107pt.
<figures/interpolation_internal.png, id=224, 1176.7965pt x 369.2997pt>
File: figures/interpolation_internal.png Graphic file (type png)
<use figures/interpolation_internal.png>
Package pdftex.def Info: figures/interpolation_internal.png  used on input line 807.
(pdftex.def)             Requested size: 516.0pt x 161.9345pt.
<figures/metrics_comparison_big.pdf, id=225, 692.5875pt x 160.6pt>
File: figures/metrics_comparison_big.pdf Graphic file (type pdf)
<use figures/metrics_comparison_big.pdf>
Package pdftex.def Info: figures/metrics_comparison_big.pdf  used on input line 817.
(pdftex.def)             Requested size: 516.0pt x 119.6557pt.


LaTeX Warning: Citation `mathias' on page 10 undefined on input line 846.


LaTeX Warning: Citation `Nguyen:2010:BOS:1884643.1884658' on page 10 undefined on input line 863.


LaTeX Warning: Citation `Zhou:2012' on page 10 undefined on input line 863.


LaTeX Warning: Citation `Yount:2016:YSK:3019129.3019133' on page 10 undefined on input line 863.


LaTeX Warning: Citation `Unat2016' on page 10 undefined on input line 863.


LaTeX Warning: Citation `Devito' on page 10 undefined on input line 863.

[10]

LaTeX Warning: Citation `Amrex' on page 11 undefined on input line 870.


LaTeX Warning: Citation `Anderson' on page 11 undefined on input line 870.


LaTeX Warning: Citation `Grete' on page 11 undefined on input line 870.


LaTeX Warning: Citation `mali' on page 11 undefined on input line 870.

Excluding 'comment' comment.

LaTeX Warning: Citation `scalable_25pt_stencil' on page 11 undefined on input line 897.


LaTeX Warning: Citation `Rocki' on page 11 undefined on input line 897.


LaTeX Warning: Citation `mathias' on page 11 undefined on input line 897.


LaTeX Warning: Citation `Sai' on page 11 undefined on input line 897.


LaTeX Warning: Citation `sai2' on page 11 undefined on input line 897.


LaTeX Warning: Citation `sai_fv_arxiv' on page 11 undefined on input line 897.


LaTeX Warning: Citation `Ltaief' on page 11 undefined on input line 897.


LaTeX Warning: Citation `perez_md_sc24' on page 11 undefined on input line 897.


LaTeX Warning: Citation `perez-journal' on page 11 undefined on input line 897.


LaTeX Warning: Citation `Tramm24' on page 11 undefined on input line 897.


LaTeX Warning: Citation `Yoshii26' on page 11 undefined on input line 897.


LaTeX Warning: Citation `luczynski_reduce' on page 11 undefined on input line 897.


Underfull \vbox (badness 3108) has occurred while \output is active []



LaTeX Warning: Citation `brown' on page 11 undefined on input line 899.


LaTeX Warning: Citation `sai_codegen_sc24' on page 11 undefined on input line 899.


LaTeX Warning: Citation `stawinoga_mlir_stencils_wse' on page 11 undefined on input line 899.


LaTeX Warning: Citation `spada' on page 11 undefined on input line 900.


LaTeX Warning: Citation `gianinazzi_spatialcomputer' on page 11 undefined on input line 900.


LaTeX Warning: Citation `gianinazzi2025energy' on page 11 undefined on input line 900.


LaTeX Warning: Citation `baumann2024low' on page 11 undefined on input line 900.


LaTeX Warning: Citation `luczynski_reduce' on page 11 undefined on input line 900.


Underfull \vbox (badness 3108) has occurred while \output is active []

 [11 <./figures/spmv_internal.png> <./figures/interpolation_internal.png>] Excluding 'comment' comment. Excluding 'comment' comment. Excluding 'comment' comment.

** Conference Paper **
Before submitting the final camera ready copy, remember to:

 1. Manually equalize the lengths of two columns on the last page
 of your paper;

 2. Ensure that any PostScript and/or PDF output post-processing
 uses only Type 1 fonts and that every step in the generation
 process uses the appropriate paper size.

[12 <./figures/metrics_comparison_big.pdf>] [13

] (./GLOW.aux)
 ***********
LaTeX2e <2025-11-01>
L3 programming layer <2026-03-20>
 ***********


LaTeX Warning: There were undefined references.


LaTeX Warning: There were multiply-defined labels.

 ) 
Here is how much of TeX's memory you used:
 4633 strings out of 468830
 74748 string characters out of 5449793
 508854 words of memory out of 5000000
 33428 multiletter control sequences out of 15000+600000
 683170 words of font info for 150 fonts, out of 8000000 for 9000
 319 hyphenation exceptions out of 8191
 57i,16n,65p,1550b,354s stack positions out of 10000i,1000n,20000p,200000b,200000s
</home/bricklib_dataflow/texlive/2025/texmf-dist/fonts/type1/public/amsfonts/cm/cmbx8.pfb></home/bricklib_dataflow/texlive/2025/texmf-dist/fonts/type1/public/amsfonts/cm/cmex10.pfb></home/bricklib_dataflow/texlive/2025/texmf-dist/fonts/type1/public/amsfonts/cm/cmmi10.pfb></home/bricklib_dataflow/texlive/2025/texmf-dist/fonts/type1/public/amsfonts/cm/cmmi6.pfb></home/bricklib_dataflow/texlive/2025/texmf-dist/fonts/type1/public/amsfonts/cm/cmmi7.pfb></home/bricklib_dataflow/texlive/2025/texmf-dist/fonts/type1/public/amsfonts/cm/cmmi8.pfb></home/bricklib_dataflow/texlive/2025/texmf-dist/fonts/type1/public/amsfonts/cm/cmmi9.pfb></home/bricklib_dataflow/texlive/2025/texmf-dist/fonts/type1/public/amsfonts/cm/cmr10.pfb></home/bricklib_dataflow/texlive/2025/texmf-dist/fonts/type1/public/amsfonts/cm/cmr6.pfb></home/bricklib_dataflow/texlive/2025/texmf-dist/fonts/type1/public/amsfonts/cm/cmr7.pfb></home/bricklib_dataflow/texlive/2025/texmf-dist/fonts/type1/public/amsfonts/cm/cmr8.pfb></home/bricklib_dataflow/texlive/2025/texmf-dist/fonts/type1/public/amsfonts/cm/cmr9.pfb></home/bricklib_dataflow/texlive/2025/texmf-dist/fonts/type1/public/amsfonts/cm/cmsy10.pfb></home/bricklib_dataflow/texlive/2025/texmf-dist/fonts/type1/public/amsfonts/cm/cmsy6.pfb></home/bricklib_dataflow/texlive/2025/texmf-dist/fonts/type1/public/amsfonts/cm/cmsy7.pfb></home/bricklib_dataflow/texlive/2025/texmf-dist/fonts/type1/public/amsfonts/cm/cmsy8.pfb></home/bricklib_dataflow/texlive/2025/texmf-dist/fonts/type1/public/amsfonts/cm/cmsy9.pfb></home/bricklib_dataflow/texlive/2025/texmf-dist/fonts/type1/urw/courier/ucrr8a.pfb></home/bricklib_dataflow/texlive/2025/texmf-dist/fonts/type1/urw/times/utmb8a.pfb></home/bricklib_dataflow/texlive/2025/texmf-dist/fonts/type1/urw/times/utmbi8a.pfb></home/bricklib_dataflow/texlive/2025/texmf-dist/fonts/type1/urw/times/utmr8a.pfb></home/bricklib_dataflow/texlive/2025/texmf-dist/fonts/type1/urw/times/utmri8a.pfb>
Output written on GLOW.pdf (13 pages, 2231182 bytes).
PDF statistics:
 341 PDF objects out of 1000 (max. 8388607)
 138 compressed objects within 2 object streams
 0 named destinations out of 1000 (max. 500000)
 41 words of extra memory for PDF output out of 10000 (max. 10000000)

