INFO:  latexindent version 4.0, 2026-03-15, a script to indent .tex files
       latexindent lives here: /home/bricklib_dataflow/texlive/2025/texmf-dist/scripts/latexindent/
       Tue Apr  7 03:47:51 2026
       Filename: GLOW.tex
INFO:  Processing switches:
       -w|--overwrite: Overwrite mode active, will make a back up before overwriting
       -l|--localSettings: Read localSettings YAML file
INFO:  Directory for backup files and log file indent.log:
       .
INFO:  YAML settings read: defaultSettings.yaml
       Reading defaultSettings.yaml from /home/bricklib_dataflow/texlive/2025/texmf-dist/scripts/latexindent/defaultSettings.yaml
INFO:  YAML reading settings
       Home directory is /home/bricklib_dataflow
       latexindent.pl didn't find indentconfig.yaml or .indentconfig.yaml
       see all possible locations: https://latexindentpl.readthedocs.io/en/latest/sec-appendices.html#indentconfig-options
INFO:  YAML settings read: -l switch
       Adding ./latexindent.yaml to YAML read paths
INFO:  YAML settings, reading from the following files:
       Reading USER settings from ./latexindent.yaml
       ---
       defaultIndent: '    '
       indentRules:
         IEEEkeywords: '    '
         abstract: '    '
         acks: '    '
         align: '    '
         center: '    '
         comment: '    '
         description: '    '
         document: '    '
         enumerate: '    '
         equation: '    '
         figure: '    '
         flushleft: '    '
         flushright: '    '
         itemize: '    '
         minipage: '    '
         small: '    '
         table: '    '
         table*: '    '
         tabular: '        '
         thebibliography: '    '
       modifyLineBreaks:
         oneSentencePerLine:
           manipulateSentences: '0'

WARN:  modifyLineBreaks specified and m switch is *not* active
       perhaps you intended to call
            latexindent.pl -m -l ./latexindent.yaml GLOW.tex
INFO:  Backup procedure (-w flag active):
       ./GLOW.bak0 already exists, incrementing by 1 (see maxNumberOfBackUps)
       Backing up GLOW.tex to ./GLOW.bak1...
       GLOW.tex will be overwritten after indentation
INFO:  Output routine:
       Overwriting file GLOW.tex
       --------------
INFO:  Please direct all communication/issues to:
       https://github.com/cmhughes/latexindent.pl
       documentation: https://latexindentpl.readthedocs.io/en/latest/
