--- h200_vs_cs3.py ---
Saved: hpgmg_speedup_barplot.pdf

--- spider_plot.py ---
Saved: /home/bricklib_dataflow/AMGCerebras/benchmarks/gmg/csl_gmg/plots/spider_plot.png

=====================================================================================
  Resource Utilization: 512^3, 9 levels, 6/6/6
=====================================================================================
  Metric                           Achieved            Peak      %  Bottleneck
-------------------------------------------------------------------------------------
  SRAM (per PE)                     47.1 KB           48 KB  98.0%  Hard scaling limit
  Chip Area                     262,144 PEs     893,064 PEs  29.4%  SRAM-limited
  PE Utilization                        26%            100%  25.9%  MG hierarchy (coarse levels)
  Compute (L0)                 195.5TFLOP/s    458.8TFLOP/s  42.6%  Instruction mix (53% FMAC)
  Memory BW (L0)                    1.8PB/s         7.3PB/s  24.4%  Compute-bound (AI=0.11)
  Fabric BW (L0)                   88.0TB/s         3.7PB/s   2.4%  7-pt stencil is mostly local
=====================================================================================

====================================================================================================
  Per-level per-PE metrics: 512^3, 9 levels
  (All BW/FLOP values are per active PE; % is vs per-PE peak)
====================================================================================================
  Lvl   nz  Active PEs  Time(us)  GFLOP/s   %pk  MemBW(GB/s)   %pk  FabBW(GB/s)   %pk  Comp%
----------------------------------------------------------------------------------------------------
    0  512     262,144     170.9    0.746 42.6%         6.83 24.4%        0.336  2.4%  55.1%
    1  256      65,536      94.8    0.673 38.4%         6.15 22.0%        0.303  2.2%  54.0%
    2  128      16,384      64.5    0.494 28.2%         4.51 16.1%        0.222  1.6%  47.1%
    3   64       4,096      50.7    0.314 18.0%         2.87 10.3%        0.141  1.0%  38.5%
    4   32       1,024      45.7    0.174 10.0%         1.59  5.7%        0.078  0.6%  30.1%
    5   16         256      53.2    0.075  4.3%         0.68  2.4%        0.034  0.2%  19.0%
    6    8          64      75.8    0.026  1.5%         0.24  0.9%        0.012  0.1%  10.5%
    7    4          16     121.7    0.008  0.5%         0.07  0.3%        0.004  0.0%   5.5%
    8    2           4      94.1    0.002  0.1%         0.02  0.1%        0.001  0.0%   3.0%
====================================================================================================

--- v_vs_w_cycle.py ---
V-cycle: ../build/out_dir_S256x_L8_M100_P6_P6_B6/response.txt
W-cycle: ../../w_cycle/w_out_dir_S256x_L8_M100_P6_P6_B6/response.txt

Problem: 256^3, 8 levels, 6/6/6

===========================================================================
  V-cycle vs W-cycle  |  256^3, 8 levels, 6/6/6
===========================================================================
  Metric                                        V-cycle        W-cycle   Ratio
---------------------------------------------------------------------------
  Iterations to converge                             10             10    1.0x
  Avg cycle time (us)                             483.1       15,103.9   31.3x
  Time to solution (us)                         5,445.6      151,651.9   27.8x
  Convergence rate (decades/iter)                  1.24           1.32    1.1x
  Final |rho|_inf                              3.84e-07       7.28e-08
===========================================================================

--- tts_comparison.py ---

Per-V-cycle time (6/6/6):
  Size  Levels    Active PEs    Total Points    GH200 (ms)    WSE-3 (ms)   Speedup
--------------------------------------------------------------------------------
     4       2            16              64             -        0.0518         -
     8       3            64             512             -        0.0904         -
    16       4           256           4,096        0.6220        0.1294      4.8x
    32       5         1,024          32,768        0.8750        0.1755      5.0x
    64       6         4,096         262,144        1.2260        0.2327      5.3x
   128       7        16,384       2,097,152        1.7750        0.3394      5.2x
   256       8        65,536      16,777,216        3.9280        0.4831      8.1x
   512       9       262,144     134,217,728       17.3950        0.7824     22.2x

--- roofline_analysis.py ---
========================================================================================================================
ROOFLINE FLOP ANALYSIS: GMG V-Cycle on WSE-3
Following Ruichisai et al. Table V methodology
========================================================================================================================

########################################################################################################################
# Grid: 512x512
########################################################################################################################

==================================================================================================================================
TABLE V: FLOP & Traffic Counts per Operation Type per Level (per PE)
==================================================================================================================================

Level 0:
Operation         Count  FLOP/op  Total FLOPs  Mem Loads Mem Stores Mem Traffic(B)  Fab Loads Fab Traffic(B)
---------------------------------------------------------------------------------------------------------
FSUB             79,872        1       79,872    159,744     79,872        958,464          0              0
FMAC            632,832        2    1,265,664  1,898,496    632,832     10,125,312          0              0
FMUL              3,072        1        3,072      6,144      3,072         36,864          0              0
FADD             21,504        1       21,504     43,008     21,504        258,048          0              0
FNEG            159,744        1      159,744    159,744    159,744      1,277,952          0              0
FMOV_MEM         36,352        0            0     36,352     36,352        290,816          0              0
FMOV_ZERO        92,160        0            0          0     92,160        368,640          0              0
FMOV32          172,033        0            0          0    172,033        688,132    172,033        688,132
---------------------------------------------------------------------------------------------------------
TOTAL                               1,529,856                           14,004,228    172,033        688,132
  Memory AI: 0.1092 FLOP/Byte    Fabric AI: 2.2232 FLOP/Byte

Level 1:
Operation         Count  FLOP/op  Total FLOPs  Mem Loads Mem Stores Mem Traffic(B)  Fab Loads Fab Traffic(B)
---------------------------------------------------------------------------------------------------------
FSUB             39,936        1       39,936     79,872     39,936        479,232          0              0
FMAC            316,416        2      632,832    949,248    316,416      5,062,656          0              0
FMUL              1,536        1        1,536      3,072      1,536         18,432          0              0
FADD             10,752        1       10,752     21,504     10,752        129,024          0              0
FNEG             79,872        1       79,872     79,872     79,872        638,976          0              0
FMOV_MEM         15,360        0            0     15,360     15,360        122,880          0              0
FMOV_ZERO        49,152        0            0          0     49,152        196,608          0              0
FMOV32           86,016        0            0          0     86,016        344,064     86,016        344,064
---------------------------------------------------------------------------------------------------------
TOTAL                                 764,928                            6,991,872     86,016        344,064
  Memory AI: 0.1094 FLOP/Byte    Fabric AI: 2.2232 FLOP/Byte

Level 2:
Operation         Count  FLOP/op  Total FLOPs  Mem Loads Mem Stores Mem Traffic(B)  Fab Loads Fab Traffic(B)
---------------------------------------------------------------------------------------------------------
FSUB             19,968        1       19,968     39,936     19,968        239,616          0              0
FMAC            158,208        2      316,416    474,624    158,208      2,531,328          0              0
FMUL                768        1          768      1,536        768          9,216          0              0
FADD              5,376        1        5,376     10,752      5,376         64,512          0              0
FNEG             39,936        1       39,936     39,936     39,936        319,488          0              0
FMOV_MEM          7,680        0            0      7,680      7,680         61,440          0              0
FMOV_ZERO        24,576        0            0          0     24,576         98,304          0              0
FMOV32           43,008        0            0          0     43,008        172,032     43,008        172,032
---------------------------------------------------------------------------------------------------------
TOTAL                                 382,464                            3,495,936     43,008        172,032
  Memory AI: 0.1094 FLOP/Byte    Fabric AI: 2.2232 FLOP/Byte

Level 3:
Operation         Count  FLOP/op  Total FLOPs  Mem Loads Mem Stores Mem Traffic(B)  Fab Loads Fab Traffic(B)
---------------------------------------------------------------------------------------------------------
FSUB              9,984        1        9,984     19,968      9,984        119,808          0              0
FMAC             79,104        2      158,208    237,312     79,104      1,265,664          0              0
FMUL                384        1          384        768        384          4,608          0              0
FADD              2,688        1        2,688      5,376      2,688         32,256          0              0
FNEG             19,968        1       19,968     19,968     19,968        159,744          0              0
FMOV_MEM          3,840        0            0      3,840      3,840         30,720          0              0
FMOV_ZERO        12,288        0            0          0     12,288         49,152          0              0
FMOV32           21,504        0            0          0     21,504         86,016     21,504         86,016
---------------------------------------------------------------------------------------------------------
TOTAL                                 191,232                            1,747,968     21,504         86,016
  Memory AI: 0.1094 FLOP/Byte    Fabric AI: 2.2232 FLOP/Byte

Level 4:
Operation         Count  FLOP/op  Total FLOPs  Mem Loads Mem Stores Mem Traffic(B)  Fab Loads Fab Traffic(B)
---------------------------------------------------------------------------------------------------------
FSUB              4,992        1        4,992      9,984      4,992         59,904          0              0
FMAC             39,552        2       79,104    118,656     39,552        632,832          0              0
FMUL                192        1          192        384        192          2,304          0              0
FADD              1,344        1        1,344      2,688      1,344         16,128          0              0
FNEG              9,984        1        9,984      9,984      9,984         79,872          0              0
FMOV_MEM          1,920        0            0      1,920      1,920         15,360          0              0
FMOV_ZERO         6,144        0            0          0      6,144         24,576          0              0
FMOV32           10,752        0            0          0     10,752         43,008     10,752         43,008
---------------------------------------------------------------------------------------------------------
TOTAL                                  95,616                              873,984     10,752         43,008
  Memory AI: 0.1094 FLOP/Byte    Fabric AI: 2.2232 FLOP/Byte

Level 5:
Operation         Count  FLOP/op  Total FLOPs  Mem Loads Mem Stores Mem Traffic(B)  Fab Loads Fab Traffic(B)
---------------------------------------------------------------------------------------------------------
FSUB              2,496        1        2,496      4,992      2,496         29,952          0              0
FMAC             19,776        2       39,552     59,328     19,776        316,416          0              0
FMUL                 96        1           96        192         96          1,152          0              0
FADD                672        1          672      1,344        672          8,064          0              0
FNEG              4,992        1        4,992      4,992      4,992         39,936          0              0
FMOV_MEM            960        0            0        960        960          7,680          0              0
FMOV_ZERO         3,072        0            0          0      3,072         12,288          0              0
FMOV32            5,376        0            0          0      5,376         21,504      5,376         21,504
---------------------------------------------------------------------------------------------------------
TOTAL                                  47,808                              436,992      5,376         21,504
  Memory AI: 0.1094 FLOP/Byte    Fabric AI: 2.2232 FLOP/Byte

Level 6:
Operation         Count  FLOP/op  Total FLOPs  Mem Loads Mem Stores Mem Traffic(B)  Fab Loads Fab Traffic(B)
---------------------------------------------------------------------------------------------------------
FSUB              1,248        1        1,248      2,496      1,248         14,976          0              0
FMAC              9,888        2       19,776     29,664      9,888        158,208          0              0
FMUL                 48        1           48         96         48            576          0              0
FADD                336        1          336        672        336          4,032          0              0
FNEG              2,496        1        2,496      2,496      2,496         19,968          0              0
FMOV_MEM            480        0            0        480        480          3,840          0              0
FMOV_ZERO         1,536        0            0          0      1,536          6,144          0              0
FMOV32            2,688        0            0          0      2,688         10,752      2,688         10,752
---------------------------------------------------------------------------------------------------------
TOTAL                                  23,904                              218,496      2,688         10,752
  Memory AI: 0.1094 FLOP/Byte    Fabric AI: 2.2232 FLOP/Byte

Level 7:
Operation         Count  FLOP/op  Total FLOPs  Mem Loads Mem Stores Mem Traffic(B)  Fab Loads Fab Traffic(B)
---------------------------------------------------------------------------------------------------------
FSUB                624        1          624      1,248        624          7,488          0              0
FMAC              4,944        2        9,888     14,832      4,944         79,104          0              0
FMUL                 24        1           24         48         24            288          0              0
FADD                168        1          168        336        168          2,016          0              0
FNEG              1,248        1        1,248      1,248      1,248          9,984          0              0
FMOV_MEM            240        0            0        240        240          1,920          0              0
FMOV_ZERO           768        0            0          0        768          3,072          0              0
FMOV32            1,344        0            0          0      1,344          5,376      1,344          5,376
---------------------------------------------------------------------------------------------------------
TOTAL                                  11,952                              109,248      1,344          5,376
  Memory AI: 0.1094 FLOP/Byte    Fabric AI: 2.2232 FLOP/Byte

Level 8:
Operation         Count  FLOP/op  Total FLOPs  Mem Loads Mem Stores Mem Traffic(B)  Fab Loads Fab Traffic(B)
---------------------------------------------------------------------------------------------------------
FSUB                144        1          144        288        144          1,728          0              0
FMAC              1,152        2        2,304      3,456      1,152         18,432          0              0
FNEG                288        1          288        288        288          2,304          0              0
FMOV_MEM             24        0            0         24         24            192          0              0
FMOV_ZERO           192        0            0          0        192            768          0              0
FMOV32              288        0            0          0        288          1,152        288          1,152
---------------------------------------------------------------------------------------------------------
TOTAL                                   2,736                               24,576        288          1,152
  Memory AI: 0.1113 FLOP/Byte    Fabric AI: 2.3750 FLOP/Byte

==================================================================================================================================
GRAND TOTAL (all levels)
==================================================================================================================================
Operation         Count  FLOP/op  Total FLOPs Mem Traffic(B) Fab Traffic(B)
--------------------------------------------------------------------------------
FSUB            159,264        1      159,264      1,911,168              0
FMAC          1,261,872        2    2,523,744     20,189,952              0
FMUL              6,120        1        6,120         73,440              0
FADD             42,840        1       42,840        514,080              0
FNEG            318,528        1      318,528      2,548,224              0
FMOV_MEM         66,856        0            0        534,848              0
FMOV_ZERO       189,888        0            0        759,552              0
FMOV32          343,009        0            0      1,372,036      1,372,036
--------------------------------------------------------------------------------
TOTAL                               3,050,496     27,903,300      1,372,036

Total FLOPs per PE:             3,050,496
Total Memory Traffic per PE:    27,903,300 bytes
Total Fabric Traffic per PE:    1,372,036 bytes  (343,009 wavelets)
Memory Arithmetic Intensity:    0.1093 FLOP/Byte
Fabric Arithmetic Intensity:    2.2233 FLOP/Byte
Fabric BW ceiling:              14.0 GB/s per PE (12.50 PB/s system)  [4 dirs × 4 B × 875 MHz × 893,064 PEs]

Total solver wall time:         10845.458 us (12 iterations)
(Achieved FLOP/s computed in summary table below using per-level times)

========================================================================================================================
MACHINE PEAKS: Compute, Memory BW, Fabric BW
========================================================================================================================

  Per-PE peaks (1 PE):
    Compute:      1.75 GFLOP/s   (1 FMAC/cycle × 2 FLOPs × 875 MHz)
    Memory BW:      27.99 GB/s   (14 GB/s read + 14 GB/s write)
    Fabric BW:      14.00 GB/s   (4 dirs × 4 B × 875 MHz)
    Mem ridge:    0.0625 FLOP/Byte
    Fab ridge:    0.1250 FLOP/Byte

  Per-level peaks (active PEs at each multigrid level):
   Level   Active PEs     Compute Peak        Memory BW        Fabric BW    Mem Ridge    Fab Ridge
  -----------------------------------------------------------------------------------------------
  L    0      262,144   458.75 TFLOP/s        7.34 PB/s        3.67 PB/s      0.0625      0.1250
  L    1       65,536   114.69 TFLOP/s        1.83 PB/s      917.50 TB/s      0.0625      0.1250
  L    2       16,384    28.67 TFLOP/s      458.65 TB/s      229.38 TB/s      0.0625      0.1250
  L    3        4,096     7.17 TFLOP/s      114.66 TB/s       57.34 TB/s      0.0625      0.1250
  L    4        1,024     1.79 TFLOP/s       28.67 TB/s       14.34 TB/s      0.0625      0.1250
  L    5          256   448.00 GFLOP/s        7.17 TB/s        3.58 TB/s      0.0625      0.1250
  L    6           64   112.00 GFLOP/s        1.79 TB/s      896.00 GB/s      0.0625      0.1250
  L    7           16    28.00 GFLOP/s      447.90 GB/s      224.00 GB/s      0.0625      0.1250
  L    8            4     7.00 GFLOP/s      111.97 GB/s       56.00 GB/s      0.0625      0.1250

  Full grid peaks (262,144 PEs = 512x512):
    Compute:    458.75 TFLOP/s
    Memory BW:       7.34 PB/s
    Fabric BW:       3.67 PB/s

  Full wafer peaks (893,064 PEs = 762×1172):
    Compute:      1.56 PFLOP/s
    Memory BW:      25.00 PB/s
    Fabric BW:      12.50 PB/s
========================================================================================================================

==========================================================================================================================================================================
PE(0,0) ROOFLINE SUMMARY — PER 1 V-CYCLE
Per-PE peak: 1.75 GFLOP/s at 875 MHz (FMAC = 2 FLOPs/cycle)
Convention: Time includes convergence check. V-cycle-only % shown separately for L0.
==========================================================================================================================================================================

   Level     nz   Active PEs     PE FLOPs   Mem AI   Fab AI   Time(us)  Conv(us)  Vcyc(us)   GFLOP/s    %pk  GFLOP/s*   %pk*  Sys GFLOP/s     Sys Peak   %Sys
                                                               (total)    (diag)  (V-only)   (total)         (V-only)                                        
  ----------------------------------------------------------------------------------------------------------------------------------------------------------------
       0    512      262,144    1,529,856   0.1092   2.2232    3507.69   1456.73   2050.95     0.436  24.9%     0.746  42.6%     114332.5     458752.0  24.9%
       1    256       65,536      764,928   0.1094   2.2232    1137.19      0.00   1137.19     0.673  38.4%     0.673  38.4%      44082.6     114688.0  38.4%
       2    128       16,384      382,464   0.1094   2.2232     774.58      0.00    774.58     0.494  28.2%     0.494  28.2%       8089.9      28672.0  28.2%
       3     64        4,096      191,232   0.1094   2.2232     608.27      0.00    608.27     0.314  18.0%     0.314  18.0%       1287.7       7168.0  18.0%
       4     32        1,024       95,616   0.1094   2.2232     548.53      0.00    548.53     0.174  10.0%     0.174  10.0%        178.5       1792.0  10.0%
       5     16          256       47,808   0.1094   2.2232     638.72      0.00    638.72     0.075   4.3%     0.075   4.3%         19.2        448.0   4.3%
       6      8           64       23,904   0.1094   2.2232     909.42      0.00    909.42     0.026   1.5%     0.026   1.5%          1.7        112.0   1.5%
       7      4           16       11,952   0.1094   2.2232    1460.44      0.00   1460.44     0.008   0.5%     0.008   0.5%          0.1         28.0   0.5%
       8      2            4        2,736   0.1113   2.3750    1128.62      0.00   1128.62     0.002   0.1%     0.002   0.1%          0.0          7.0   0.1%
   Total             262,144    3,050,496   0.1093   2.2233   10713.46   1456.73   9256.73     0.330  18.8%     0.330  18.8%      42781.2     458752.0   9.3%

  * GFLOP/s* and %pk* = V-cycle only (excluding convergence diagnostic)
    Convergence check = SpMV + residual + allreduce MAX at L0 after each V-cycle

Saved: /home/bricklib_dataflow/AMGCerebras/benchmarks/gmg/csl_gmg/plots/roofline_plot.png

