--- h200_vs_cs3.py ---
Saved: hpgmg_speedup_barplot.pdf

--- memory_utilization_table.py ---
 Problem            Code (B)            Data (C)    Total (D=B+C) (48KB)        PE Util.
--------------------------------------------------------------------------------------
    4³    23,060 ( 46.9%)     1,440 (  2.9%)        24,500 ( 49.8%)        0.002%
    8³    23,280 ( 47.4%)     1,812 (  3.7%)        25,092 ( 51.0%)        0.007%
   16³    23,280 ( 47.4%)     2,392 (  4.9%)        25,672 ( 52.2%)        0.029%
   32³    23,272 ( 47.3%)     3,388 (  6.9%)        26,660 ( 54.2%)        0.115%
   64³    23,276 ( 47.4%)     5,216 ( 10.6%)        28,492 ( 58.0%)        0.459%
  128³    23,276 ( 47.4%)     8,708 ( 17.7%)        31,984 ( 65.1%)        1.835%
  256³    23,272 ( 47.3%)    15,528 ( 31.6%)        38,800 ( 78.9%)        7.338%
  512³    23,272 ( 47.3%)    24,908 ( 50.7%)        48,180 ( 98.0%)       29.353%

--- print_512_table.py ---
========================================================================================================================================================================
  512^3 Problem Size  (convergence included, #Cycles = V-cycles required for inf-norm to reach 1e-2)
========================================================================================================================================================================
        Platform |          (4/4/6)            |         (4/4/100)           |          (6/6/6)           ||       Shallow(6/6/6)        |         (6/6/100)           |
                 |       TTS #Cycles   1-cycle  |       TTS #Cycles   1-cycle  |       TTS #Cycles   1-cycle ||       TTS #Cycles   1-cycle  |       TTS #Cycles   1-cycle  |
------------------------------------------------------------------------------------------------------------------------------------------------------------------------
           GH200 |  0.025986       2  0.012993  |  0.029886       2  0.014943  |  0.034722       2  0.017361 ||  0.034722       2  0.017361  |  0.040568       2  0.020284  |
            WSE3 |  0.004221       6  0.000704  |  0.013376       6  0.002229  |  0.003612       4  0.000903 ||  0.003506       5  0.000701  |  0.009716       4  0.002429  |
------------------------------------------------------------------------------------------------------------------------------------------------------------------------
         Speedup |      6.2x      --    18.5x  |      2.2x      --     6.7x  |      9.6x      --    19.2x ||      9.9x      --    24.8x  |      4.2x      --     8.4x  |
========================================================================================================================================================================

--- v_vs_w_cycle.py ---
V-cycle: ../build/out_dir_S256x_L8_M100_P6_P6_B6/response.txt
W-cycle: ../../w_cycle/w_out_dir_S256x_L8_M100_P6_P6_B6/response.txt

Problem: 256^3, 8 levels, 6/6/6

===========================================================================
  V-cycle vs W-cycle  |  256^3, 8 levels, 6/6/6
===========================================================================
  Metric                                        V-cycle        W-cycle   Ratio
---------------------------------------------------------------------------
  Iterations to converge                              3              2    0.7x
  Avg cycle time (us)                             544.9       15,181.9   27.9x
  Time to solution (us)                         1,634.8       30,487.2   18.6x
  Convergence rate (decades/iter)                  1.16           2.62    2.3x
  Final |rho|_inf                              5.53e-03       2.21e-03
===========================================================================

--- roofline_analysis.py ---
========================================================================================================================
ROOFLINE FLOP ANALYSIS: GMG V-Cycle on WSE-3
Following Ruichisai et al. Table V methodology
========================================================================================================================

########################################################################################################################
# Grid: 512x512
########################################################################################################################

==================================================================================================================================
TABLE V: FLOP & Traffic Counts per Operation Type per Level (per PE)
==================================================================================================================================

Level 0:
Operation         Count  FLOP/op  Total FLOPs  Mem Loads Mem Stores Mem Traffic(B)  Fab Loads Fab Traffic(B)
---------------------------------------------------------------------------------------------------------
FSUB             26,624        1       26,624     53,248     26,624        319,488          0              0
FMAC            210,944        2      421,888    632,832    210,944      3,375,104          0              0
FMUL              1,024        1        1,024      2,048      1,024         12,288          0              0
FADD              7,168        1        7,168     14,336      7,168         86,016          0              0
FNEG             53,248        1       53,248     53,248     53,248        425,984          0              0
FMOV_MEM         11,776        0            0     11,776     11,776         94,208          0              0
FMOV_ZERO        30,720        0            0          0     30,720        122,880          0              0
FMOV32           57,345        0            0          0     57,345        229,380     57,345        229,380
---------------------------------------------------------------------------------------------------------
TOTAL                                 509,952                            4,665,348     57,345        229,380
  Memory AI: 0.1093 FLOP/Byte    Fabric AI: 2.2232 FLOP/Byte

Level 1:
Operation         Count  FLOP/op  Total FLOPs  Mem Loads Mem Stores Mem Traffic(B)  Fab Loads Fab Traffic(B)
---------------------------------------------------------------------------------------------------------
FSUB             13,312        1       13,312     26,624     13,312        159,744          0              0
FMAC            105,472        2      210,944    316,416    105,472      1,687,552          0              0
FMUL                512        1          512      1,024        512          6,144          0              0
FADD              3,584        1        3,584      7,168      3,584         43,008          0              0
FNEG             26,624        1       26,624     26,624     26,624        212,992          0              0
FMOV_MEM          5,120        0            0      5,120      5,120         40,960          0              0
FMOV_ZERO        16,384        0            0          0     16,384         65,536          0              0
FMOV32           28,672        0            0          0     28,672        114,688     28,672        114,688
---------------------------------------------------------------------------------------------------------
TOTAL                                 254,976                            2,330,624     28,672        114,688
  Memory AI: 0.1094 FLOP/Byte    Fabric AI: 2.2232 FLOP/Byte

Level 2:
Operation         Count  FLOP/op  Total FLOPs  Mem Loads Mem Stores Mem Traffic(B)  Fab Loads Fab Traffic(B)
---------------------------------------------------------------------------------------------------------
FSUB              6,656        1        6,656     13,312      6,656         79,872          0              0
FMAC             52,736        2      105,472    158,208     52,736        843,776          0              0
FMUL                256        1          256        512        256          3,072          0              0
FADD              1,792        1        1,792      3,584      1,792         21,504          0              0
FNEG             13,312        1       13,312     13,312     13,312        106,496          0              0
FMOV_MEM          2,560        0            0      2,560      2,560         20,480          0              0
FMOV_ZERO         8,192        0            0          0      8,192         32,768          0              0
FMOV32           14,336        0            0          0     14,336         57,344     14,336         57,344
---------------------------------------------------------------------------------------------------------
TOTAL                                 127,488                            1,165,312     14,336         57,344
  Memory AI: 0.1094 FLOP/Byte    Fabric AI: 2.2232 FLOP/Byte

Level 3:
Operation         Count  FLOP/op  Total FLOPs  Mem Loads Mem Stores Mem Traffic(B)  Fab Loads Fab Traffic(B)
---------------------------------------------------------------------------------------------------------
FSUB              3,328        1        3,328      6,656      3,328         39,936          0              0
FMAC             26,368        2       52,736     79,104     26,368        421,888          0              0
FMUL                128        1          128        256        128          1,536          0              0
FADD                896        1          896      1,792        896         10,752          0              0
FNEG              6,656        1        6,656      6,656      6,656         53,248          0              0
FMOV_MEM          1,280        0            0      1,280      1,280         10,240          0              0
FMOV_ZERO         4,096        0            0          0      4,096         16,384          0              0
FMOV32            7,168        0            0          0      7,168         28,672      7,168         28,672
---------------------------------------------------------------------------------------------------------
TOTAL                                  63,744                              582,656      7,168         28,672
  Memory AI: 0.1094 FLOP/Byte    Fabric AI: 2.2232 FLOP/Byte

Level 4:
Operation         Count  FLOP/op  Total FLOPs  Mem Loads Mem Stores Mem Traffic(B)  Fab Loads Fab Traffic(B)
---------------------------------------------------------------------------------------------------------
FSUB              1,664        1        1,664      3,328      1,664         19,968          0              0
FMAC             13,184        2       26,368     39,552     13,184        210,944          0              0
FMUL                 64        1           64        128         64            768          0              0
FADD                448        1          448        896        448          5,376          0              0
FNEG              3,328        1        3,328      3,328      3,328         26,624          0              0
FMOV_MEM            640        0            0        640        640          5,120          0              0
FMOV_ZERO         2,048        0            0          0      2,048          8,192          0              0
FMOV32            3,584        0            0          0      3,584         14,336      3,584         14,336
---------------------------------------------------------------------------------------------------------
TOTAL                                  31,872                              291,328      3,584         14,336
  Memory AI: 0.1094 FLOP/Byte    Fabric AI: 2.2232 FLOP/Byte

Level 5:
Operation         Count  FLOP/op  Total FLOPs  Mem Loads Mem Stores Mem Traffic(B)  Fab Loads Fab Traffic(B)
---------------------------------------------------------------------------------------------------------
FSUB                832        1          832      1,664        832          9,984          0              0
FMAC              6,592        2       13,184     19,776      6,592        105,472          0              0
FMUL                 32        1           32         64         32            384          0              0
FADD                224        1          224        448        224          2,688          0              0
FNEG              1,664        1        1,664      1,664      1,664         13,312          0              0
FMOV_MEM            320        0            0        320        320          2,560          0              0
FMOV_ZERO         1,024        0            0          0      1,024          4,096          0              0
FMOV32            1,792        0            0          0      1,792          7,168      1,792          7,168
---------------------------------------------------------------------------------------------------------
TOTAL                                  15,936                              145,664      1,792          7,168
  Memory AI: 0.1094 FLOP/Byte    Fabric AI: 2.2232 FLOP/Byte

Level 6:
Operation         Count  FLOP/op  Total FLOPs  Mem Loads Mem Stores Mem Traffic(B)  Fab Loads Fab Traffic(B)
---------------------------------------------------------------------------------------------------------
FSUB                416        1          416        832        416          4,992          0              0
FMAC              3,296        2        6,592      9,888      3,296         52,736          0              0
FMUL                 16        1           16         32         16            192          0              0
FADD                112        1          112        224        112          1,344          0              0
FNEG                832        1          832        832        832          6,656          0              0
FMOV_MEM            160        0            0        160        160          1,280          0              0
FMOV_ZERO           512        0            0          0        512          2,048          0              0
FMOV32              896        0            0          0        896          3,584        896          3,584
---------------------------------------------------------------------------------------------------------
TOTAL                                   7,968                               72,832        896          3,584
  Memory AI: 0.1094 FLOP/Byte    Fabric AI: 2.2232 FLOP/Byte

Level 7:
Operation         Count  FLOP/op  Total FLOPs  Mem Loads Mem Stores Mem Traffic(B)  Fab Loads Fab Traffic(B)
---------------------------------------------------------------------------------------------------------
FSUB                208        1          208        416        208          2,496          0              0
FMAC              1,648        2        3,296      4,944      1,648         26,368          0              0
FMUL                  8        1            8         16          8             96          0              0
FADD                 56        1           56        112         56            672          0              0
FNEG                416        1          416        416        416          3,328          0              0
FMOV_MEM             80        0            0         80         80            640          0              0
FMOV_ZERO           256        0            0          0        256          1,024          0              0
FMOV32              448        0            0          0        448          1,792        448          1,792
---------------------------------------------------------------------------------------------------------
TOTAL                                   3,984                               36,416        448          1,792
  Memory AI: 0.1094 FLOP/Byte    Fabric AI: 2.2232 FLOP/Byte

Level 8:
Operation         Count  FLOP/op  Total FLOPs  Mem Loads Mem Stores Mem Traffic(B)  Fab Loads Fab Traffic(B)
---------------------------------------------------------------------------------------------------------
FSUB                 48        1           48         96         48            576          0              0
FMAC                384        2          768      1,152        384          6,144          0              0
FNEG                 96        1           96         96         96            768          0              0
FMOV_MEM              8        0            0          8          8             64          0              0
FMOV_ZERO            64        0            0          0         64            256          0              0
FMOV32               96        0            0          0         96            384         96            384
---------------------------------------------------------------------------------------------------------
TOTAL                                     912                                8,192         96            384
  Memory AI: 0.1113 FLOP/Byte    Fabric AI: 2.3750 FLOP/Byte

==================================================================================================================================
GRAND TOTAL (all levels)
==================================================================================================================================
Operation         Count  FLOP/op  Total FLOPs Mem Traffic(B) Fab Traffic(B)
--------------------------------------------------------------------------------
FSUB             53,088        1       53,088        637,056              0
FMAC            420,624        2      841,248      6,729,984              0
FMUL              2,040        1        2,040         24,480              0
FADD             14,280        1       14,280        171,360              0
FNEG            106,176        1      106,176        849,408              0
FMOV_MEM         21,944        0            0        175,552              0
FMOV_ZERO        63,296        0            0        253,184              0
FMOV32          114,337        0            0        457,348        457,348
--------------------------------------------------------------------------------
TOTAL                               1,016,832      9,298,372        457,348

Total FLOPs per PE:             1,016,832
Total Memory Traffic per PE:    9,298,372 bytes
Total Fabric Traffic per PE:    457,348 bytes  (114,337 wavelets)
Memory Arithmetic Intensity:    0.1094 FLOP/Byte
Fabric Arithmetic Intensity:    2.2233 FLOP/Byte
Fabric BW ceiling:              14.0 GB/s per PE (12.50 PB/s system)  [4 dirs × 4 B × 875 MHz × 893,064 PEs]

Total solver wall time:         3612.093 us (4 iterations)
(Achieved FLOP/s computed in summary table below using per-level times)

========================================================================================================================
MACHINE PEAKS: Compute, Memory BW, Fabric BW
========================================================================================================================

  Per-PE peaks (1 PE):
    Compute:      1.75 GFLOP/s   (1 FMAC/cycle × 2 FLOPs × 875 MHz)
    Memory BW:      27.99 GB/s   (14 GB/s read + 14 GB/s write)
    Fabric BW:      14.00 GB/s   (4 dirs × 4 B × 875 MHz)
    Mem ridge:    0.0625 FLOP/Byte
    Fab ridge:    0.1250 FLOP/Byte

  Per-level peaks (active PEs at each multigrid level):
   Level   Active PEs     Compute Peak        Memory BW        Fabric BW    Mem Ridge    Fab Ridge
  -----------------------------------------------------------------------------------------------
  L    0      262,144   458.75 TFLOP/s        7.34 PB/s        3.67 PB/s      0.0625      0.1250
  L    1       65,536   114.69 TFLOP/s        1.83 PB/s      917.50 TB/s      0.0625      0.1250
  L    2       16,384    28.67 TFLOP/s      458.65 TB/s      229.38 TB/s      0.0625      0.1250
  L    3        4,096     7.17 TFLOP/s      114.66 TB/s       57.34 TB/s      0.0625      0.1250
  L    4        1,024     1.79 TFLOP/s       28.67 TB/s       14.34 TB/s      0.0625      0.1250
  L    5          256   448.00 GFLOP/s        7.17 TB/s        3.58 TB/s      0.0625      0.1250
  L    6           64   112.00 GFLOP/s        1.79 TB/s      896.00 GB/s      0.0625      0.1250
  L    7           16    28.00 GFLOP/s      447.90 GB/s      224.00 GB/s      0.0625      0.1250
  L    8            4     7.00 GFLOP/s      111.97 GB/s       56.00 GB/s      0.0625      0.1250

  Full grid peaks (262,144 PEs = 512x512):
    Compute:    458.75 TFLOP/s
    Memory BW:       7.34 PB/s
    Fabric BW:       3.67 PB/s

  Full wafer peaks (893,064 PEs = 762×1172):
    Compute:      1.56 PFLOP/s
    Memory BW:      25.00 PB/s
    Fabric BW:      12.50 PB/s
========================================================================================================================

==========================================================================================================================================================================
PE(0,0) ROOFLINE SUMMARY — PER 1 V-CYCLE
Per-PE peak: 1.75 GFLOP/s at 875 MHz (FMAC = 2 FLOPs/cycle)
Convention: Time includes convergence check. V-cycle-only % shown separately for L0.
==========================================================================================================================================================================

   Level     nz   Active PEs     PE FLOPs   Mem AI   Fab AI   Time(us)  Conv(us)  Vcyc(us)   GFLOP/s    %pk  GFLOP/s*   %pk*  Sys GFLOP/s     Sys Peak   %Sys
                                                               (total)    (diag)  (V-only)   (total)         (V-only)                                        
  ----------------------------------------------------------------------------------------------------------------------------------------------------------------
       0    512      262,144      509,952   0.1093   2.2232    1167.08    483.82    683.27     0.437  25.0%     0.746  42.6%     114542.8     458752.0  25.0%
       1    256       65,536      254,976   0.1094   2.2232     379.34      0.00    379.34     0.672  38.4%     0.672  38.4%      44050.7     114688.0  38.4%
       2    128       16,384      127,488   0.1094   2.2232     257.62      0.00    257.62     0.495  28.3%     0.495  28.3%       8108.0      28672.0  28.3%
       3     64        4,096       63,744   0.1094   2.2232     202.74      0.00    202.74     0.314  18.0%     0.314  18.0%       1287.9       7168.0  18.0%
       4     32        1,024       31,872   0.1094   2.2232     182.59      0.00    182.59     0.175  10.0%     0.175  10.0%        178.7       1792.0  10.0%
       5     16          256       15,936   0.1094   2.2232     213.15      0.00    213.15     0.075   4.3%     0.075   4.3%         19.1        448.0   4.3%
       6      8           64        7,968   0.1094   2.2232     302.32      0.00    302.32     0.026   1.5%     0.026   1.5%          1.7        112.0   1.5%
       7      4           16        3,984   0.1094   2.2232     485.75      0.00    485.75     0.008   0.5%     0.008   0.5%          0.1         28.0   0.5%
       8      2            4          912   0.1113   2.3750     377.11      0.00    377.11     0.002   0.1%     0.002   0.1%          0.0          7.0   0.1%
   Total             262,144    1,016,832   0.1094   2.2233    3567.69    483.82   3083.88     0.330  18.8%     0.330  18.8%      42822.7     458752.0   9.3%

  * GFLOP/s* and %pk* = V-cycle only (excluding convergence diagnostic)
    Convergence check = SpMV + residual + allreduce MAX at L0 after each V-cycle

Saved: /home/bricklib_dataflow/AMGCerebras/benchmarks/gmg/csl_gmg_with_conv/plots/roofline_plot.png
Saved: /home/bricklib_dataflow/AMGCerebras/benchmarks/gmg/csl_gmg_with_conv/plots/roofline_plot.pdf

