This is pdfTeX, Version 3.141592653-2.6-1.40.29 (TeX Live 2026) (preloaded format=pdflatex 2026.4.7)  7 APR 2026 04:40
entering extended mode
 restricted \write18 enabled.
 file:line:error style messages enabled.
 %&-line parsing enabled.
**/home/bricklib_dataflow/AMGCerebras/benchmarks/gmg/csl_gmg/paper/SC_GLOW_2026/GLOW
(/home/bricklib_dataflow/AMGCerebras/benchmarks/gmg/csl_gmg/paper/SC_GLOW_2026/GLOW.tex
LaTeX2e <2025-11-01>
L3 programming layer <2026-03-20>
(./IEEEtran.cls
Document Class: IEEEtran 2015/08/26 V1.8b by Michael Shell
-- See the "IEEEtran_HOWTO" manual for usage information.
-- http://www.michaelshell.org/tex/ieeetran/
\@IEEEtrantmpdimenA=\dimen150
\@IEEEtrantmpdimenB=\dimen151
\@IEEEtrantmpdimenC=\dimen152
\@IEEEtrantmpcountA=\count275
\@IEEEtrantmpcountB=\count276
\@IEEEtrantmpcountC=\count277
\@IEEEtrantmptoksA=\toks17
LaTeX Font Info:    Trying to load font information for OT1+ptm on input line 503.
(/home/bricklib_dataflow/texlive/2025/texmf-dist/tex/latex/psnfss/ot1ptm.fd
File: ot1ptm.fd 2001/06/04 font definitions for OT1/ptm.
)
-- Using 8.5in x 11in (letter) paper.
-- Using PDF output.
\@IEEEnormalsizeunitybaselineskip=\dimen153
-- This is a 10 point document.
LaTeX Encoding Info:    Redeclaring text command \textunderscore (encoding ?) on input line 937.
\CLASSINFOnormalsizebaselineskip=\dimen154
\CLASSINFOnormalsizeunitybaselineskip=\dimen155
\IEEEnormaljot=\dimen156
LaTeX Font Info:    Font shape `OT1/ptm/bx/n' in size <5> not available
(Font)              Font shape `OT1/ptm/b/n' tried instead on input line 1090.
LaTeX Font Info:    Font shape `OT1/ptm/bx/it' in size <5> not available
(Font)              Font shape `OT1/ptm/b/it' tried instead on input line 1090.
LaTeX Font Info:    Font shape `OT1/ptm/bx/n' in size <7> not available
(Font)              Font shape `OT1/ptm/b/n' tried instead on input line 1090.
LaTeX Font Info:    Font shape `OT1/ptm/bx/it' in size <7> not available
(Font)              Font shape `OT1/ptm/b/it' tried instead on input line 1090.
LaTeX Font Info:    Font shape `OT1/ptm/bx/n' in size <8> not available
(Font)              Font shape `OT1/ptm/b/n' tried instead on input line 1090.
LaTeX Font Info:    Font shape `OT1/ptm/bx/it' in size <8> not available
(Font)              Font shape `OT1/ptm/b/it' tried instead on input line 1090.
LaTeX Font Info:    Font shape `OT1/ptm/bx/n' in size <9> not available
(Font)              Font shape `OT1/ptm/b/n' tried instead on input line 1090.
LaTeX Font Info:    Font shape `OT1/ptm/bx/it' in size <9> not available
(Font)              Font shape `OT1/ptm/b/it' tried instead on input line 1090.
LaTeX Font Info:    Font shape `OT1/ptm/bx/n' in size <10> not available
(Font)              Font shape `OT1/ptm/b/n' tried instead on input line 1090.
LaTeX Font Info:    Font shape `OT1/ptm/bx/it' in size <10> not available
(Font)              Font shape `OT1/ptm/b/it' tried instead on input line 1090.
LaTeX Font Info:    Font shape `OT1/ptm/bx/n' in size <11> not available
(Font)              Font shape `OT1/ptm/b/n' tried instead on input line 1090.
LaTeX Font Info:    Font shape `OT1/ptm/bx/it' in size <11> not available
(Font)              Font shape `OT1/ptm/b/it' tried instead on input line 1090.
LaTeX Font Info:    Font shape `OT1/ptm/bx/n' in size <12> not available
(Font)              Font shape `OT1/ptm/b/n' tried instead on input line 1090.
LaTeX Font Info:    Font shape `OT1/ptm/bx/it' in size <12> not available
(Font)              Font shape `OT1/ptm/b/it' tried instead on input line 1090.
LaTeX Font Info:    Font shape `OT1/ptm/bx/n' in size <17> not available
(Font)              Font shape `OT1/ptm/b/n' tried instead on input line 1090.
LaTeX Font Info:    Font shape `OT1/ptm/bx/it' in size <17> not available
(Font)              Font shape `OT1/ptm/b/it' tried instead on input line 1090.
LaTeX Font Info:    Font shape `OT1/ptm/bx/n' in size <20> not available
(Font)              Font shape `OT1/ptm/b/n' tried instead on input line 1090.
LaTeX Font Info:    Font shape `OT1/ptm/bx/it' in size <20> not available
(Font)              Font shape `OT1/ptm/b/it' tried instead on input line 1090.
LaTeX Font Info:    Font shape `OT1/ptm/bx/n' in size <24> not available
(Font)              Font shape `OT1/ptm/b/n' tried instead on input line 1090.
LaTeX Font Info:    Font shape `OT1/ptm/bx/it' in size <24> not available
(Font)              Font shape `OT1/ptm/b/it' tried instead on input line 1090.
\IEEEquantizedlength=\dimen157
\IEEEquantizedlengthdiff=\dimen158
\IEEEquantizedtextheightdiff=\dimen159
\IEEEilabelindentA=\dimen160
\IEEEilabelindentB=\dimen161
\IEEEilabelindent=\dimen162
\IEEEelabelindent=\dimen163
\IEEEdlabelindent=\dimen164
\IEEElabelindent=\dimen165
\IEEEiednormlabelsep=\dimen166
\IEEEiedmathlabelsep=\dimen167
\IEEEiedtopsep=\skip49
\c@section=\count278
\c@subsection=\count279
\c@subsubsection=\count280
\c@paragraph=\count281
\c@IEEEsubequation=\count282
\abovecaptionskip=\skip50
\belowcaptionskip=\skip51
\c@figure=\count283
\c@table=\count284
\@IEEEeqnnumcols=\count285
\@IEEEeqncolcnt=\count286
\@IEEEsubeqnnumrollback=\count287
\@IEEEquantizeheightA=\dimen168
\@IEEEquantizeheightB=\dimen169
\@IEEEquantizeheightC=\dimen170
\@IEEEquantizeprevdepth=\dimen171
\@IEEEquantizemultiple=\count288
\@IEEEquantizeboxA=\box53
\@IEEEtmpitemindent=\dimen172
\IEEEPARstartletwidth=\dimen173
\c@IEEEbiography=\count289
\@IEEEtranrubishbin=\box54
)
** ATTENTION: Overriding command lockouts (line 2).
(/home/bricklib_dataflow/texlive/2025/texmf-dist/tex/latex/cite/cite.sty
LaTeX Info: Redefining \cite on input line 302.
LaTeX Info: Redefining \nocite on input line 332.
Package: cite 2015/02/27  v 5.5
) (/home/bricklib_dataflow/texlive/2025/texmf-dist/tex/latex/amsmath/amsmath.sty
Package: amsmath 2025/07/09 v2.17z AMS math features
\@mathmargin=\skip52

For additional information on amsmath, use the `?' option.
(/home/bricklib_dataflow/texlive/2025/texmf-dist/tex/latex/amsmath/amstext.sty
Package: amstext 2024/11/17 v2.01 AMS text
 (/home/bricklib_dataflow/texlive/2025/texmf-dist/tex/latex/amsmath/amsgen.sty
File: amsgen.sty 1999/11/30 v2.0 generic functions
\@emptytoks=\toks18
\ex@=\dimen174
)) (/home/bricklib_dataflow/texlive/2025/texmf-dist/tex/latex/amsmath/amsbsy.sty
Package: amsbsy 1999/11/29 v1.2d Bold Symbols
\pmbraise@=\dimen175
) (/home/bricklib_dataflow/texlive/2025/texmf-dist/tex/latex/amsmath/amsopn.sty
Package: amsopn 2022/04/08 v2.04 operator names
)
\inf@bad=\count290
LaTeX Info: Redefining \frac on input line 233.
\uproot@=\count291
\leftroot@=\count292
LaTeX Info: Redefining \overline on input line 398.
LaTeX Info: Redefining \colon on input line 409.
\classnum@=\count293
\DOTSCASE@=\count294
LaTeX Info: Redefining \ldots on input line 495.
LaTeX Info: Redefining \dots on input line 498.
LaTeX Info: Redefining \cdots on input line 619.
\Mathstrutbox@=\box55
\strutbox@=\box56
LaTeX Info: Redefining \big on input line 721.
LaTeX Info: Redefining \Big on input line 722.
LaTeX Info: Redefining \bigg on input line 723.
LaTeX Info: Redefining \Bigg on input line 724.
\big@size=\dimen176
LaTeX Font Info:    Redeclaring font encoding OML on input line 742.
LaTeX Font Info:    Redeclaring font encoding OMS on input line 743.
\macc@depth=\count295
LaTeX Info: Redefining \bmod on input line 904.
LaTeX Info: Redefining \pmod on input line 909.
LaTeX Info: Redefining \smash on input line 939.
LaTeX Info: Redefining \relbar on input line 969.
LaTeX Info: Redefining \Relbar on input line 970.
\c@MaxMatrixCols=\count296
\dotsspace@=\muskip17
\c@parentequation=\count297
\dspbrk@lvl=\count298
\tag@help=\toks19
\row@=\count299
\column@=\count300
\maxfields@=\count301
\andhelp@=\toks20
\eqnshift@=\dimen177
\alignsep@=\dimen178
\tagshift@=\dimen179
\tagwidth@=\dimen180
\totwidth@=\dimen181
\lineht@=\dimen182
\@envbody=\toks21
\multlinegap=\skip53
\multlinetaggap=\skip54
\mathdisplay@stack=\toks22
LaTeX Info: Redefining \[ on input line 2950.
LaTeX Info: Redefining \] on input line 2951.
) (/home/bricklib_dataflow/texlive/2025/texmf-dist/tex/latex/amsfonts/amssymb.sty
Package: amssymb 2013/01/14 v3.01 AMS font symbols
 (/home/bricklib_dataflow/texlive/2025/texmf-dist/tex/latex/amsfonts/amsfonts.sty
Package: amsfonts 2013/01/14 v3.01 Basic AMSFonts support
\symAMSa=\mathgroup4
\symAMSb=\mathgroup5
LaTeX Font Info:    Redeclaring math symbol \hbar on input line 98.
LaTeX Font Info:    Overwriting math alphabet `\mathfrak' in version `bold'
(Font)                  U/euf/m/n --> U/euf/b/n on input line 106.
)) (/home/bricklib_dataflow/texlive/2025/texmf-dist/tex/latex/algorithms/algorithmic.sty
Package: algorithmic 2009/08/24 v0.1 Document Style `algorithmic'
 (/home/bricklib_dataflow/texlive/2025/texmf-dist/tex/latex/base/ifthen.sty
Package: ifthen 2024/03/16 v1.1e Standard LaTeX ifthen package (DPC)
) (/home/bricklib_dataflow/texlive/2025/texmf-dist/tex/latex/graphics/keyval.sty
Package: keyval 2022/05/29 v1.15 key=value parser (DPC)
\KV@toks@=\toks23
)
\c@ALC@unique=\count302
\c@ALC@line=\count303
\c@ALC@rem=\count304
\c@ALC@depth=\count305
\ALC@tlm=\skip55
\algorithmicindent=\skip56
) (/home/bricklib_dataflow/texlive/2025/texmf-dist/tex/latex/graphics/graphicx.sty
Package: graphicx 2024/12/31 v1.2e Enhanced LaTeX Graphics (DPC,SPQR)
 (/home/bricklib_dataflow/texlive/2025/texmf-dist/tex/latex/graphics/graphics.sty
Package: graphics 2024/08/06 v1.4g Standard LaTeX Graphics (DPC,SPQR)
 (/home/bricklib_dataflow/texlive/2025/texmf-dist/tex/latex/graphics/trig.sty
Package: trig 2023/12/02 v1.11 sin cos tan (DPC)
) (/home/bricklib_dataflow/texlive/2025/texmf-dist/tex/latex/graphics-cfg/graphics.cfg
File: graphics.cfg 2016/06/04 v1.11 sample graphics configuration
)
Package graphics Info: Driver file: pdftex.def on input line 106.
 (/home/bricklib_dataflow/texlive/2025/texmf-dist/tex/latex/graphics-def/pdftex.def
File: pdftex.def 2025/09/29 v1.2d Graphics/color driver for pdftex
))
\Gin@req@height=\dimen183
\Gin@req@width=\dimen184
) (/home/bricklib_dataflow/texlive/2025/texmf-dist/tex/latex/base/textcomp.sty
Package: textcomp 2024/04/24 v2.1b Standard LaTeX package
) (/home/bricklib_dataflow/texlive/2025/texmf-dist/tex/latex/xcolor/xcolor.sty
Package: xcolor 2024/09/29 v3.02 LaTeX color extensions (UK)
 (/home/bricklib_dataflow/texlive/2025/texmf-dist/tex/latex/graphics-cfg/color.cfg
File: color.cfg 2016/01/02 v1.6 sample color configuration
)
Package xcolor Info: Driver file: pdftex.def on input line 274.
 (/home/bricklib_dataflow/texlive/2025/texmf-dist/tex/latex/graphics/mathcolor.ltx)
Package xcolor Info: Model `cmy' substituted by `cmy0' on input line 1349.
Package xcolor Info: Model `hsb' substituted by `rgb' on input line 1353.
Package xcolor Info: Model `RGB' extended on input line 1365.
Package xcolor Info: Model `HTML' substituted by `rgb' on input line 1367.
Package xcolor Info: Model `Hsb' substituted by `hsb' on input line 1368.
Package xcolor Info: Model `tHsb' substituted by `hsb' on input line 1369.
Package xcolor Info: Model `HSB' substituted by `hsb' on input line 1370.
Package xcolor Info: Model `Gray' substituted by `gray' on input line 1371.
Package xcolor Info: Model `wave' substituted by `hsb' on input line 1372.
) (/home/bricklib_dataflow/texlive/2025/texmf-dist/tex/latex/comment/comment.sty
\CommentStream=\write3
 Excluding comment 'comment') (/home/bricklib_dataflow/texlive/2025/texmf-dist/tex/latex/booktabs/booktabs.sty
Package: booktabs 2020/01/12 v1.61803398 Publication quality tables
\heavyrulewidth=\dimen185
\lightrulewidth=\dimen186
\cmidrulewidth=\dimen187
\belowrulesep=\dimen188
\belowbottomsep=\dimen189
\aboverulesep=\dimen190
\abovetopsep=\dimen191
\cmidrulesep=\dimen192
\cmidrulekern=\dimen193
\defaultaddspace=\dimen194
\@cmidla=\count306
\@cmidlb=\count307
\@aboverulesep=\dimen195
\@belowrulesep=\dimen196
\@thisruleclass=\count308
\@lastruleclass=\count309
\@thisrulewidth=\dimen197
) (/home/bricklib_dataflow/texlive/2025/texmf-dist/tex/latex/url/url.sty
\Urlmuskip=\muskip18
Package: url 2013/09/16  ver 3.4  Verb mode for urls, etc.
) (/home/bricklib_dataflow/texlive/2025/texmf-dist/tex/latex/l3backend/l3backend-pdftex.def
File: l3backend-pdftex.def 2026-02-18 L3 backend support: PDF output (pdfTeX)
\l__color_backend_stack_int=\count310
) (./GLOW.aux)
\openout1 = `GLOW.aux'.

LaTeX Font Info:    Checking defaults for OML/cmm/m/it on input line 17.
LaTeX Font Info:    ... okay on input line 17.
LaTeX Font Info:    Checking defaults for OMS/cmsy/m/n on input line 17.
LaTeX Font Info:    ... okay on input line 17.
LaTeX Font Info:    Checking defaults for OT1/cmr/m/n on input line 17.
LaTeX Font Info:    ... okay on input line 17.
LaTeX Font Info:    Checking defaults for T1/cmr/m/n on input line 17.
LaTeX Font Info:    ... okay on input line 17.
LaTeX Font Info:    Checking defaults for TS1/cmr/m/n on input line 17.
LaTeX Font Info:    ... okay on input line 17.
LaTeX Font Info:    Checking defaults for OMX/cmex/m/n on input line 17.
LaTeX Font Info:    ... okay on input line 17.
LaTeX Font Info:    Checking defaults for U/cmr/m/n on input line 17.
LaTeX Font Info:    ... okay on input line 17.

-- Lines per column: 56 (exact).
(/home/bricklib_dataflow/texlive/2025/texmf-dist/tex/context/base/mkii/supp-pdf.mkii
[Loading MPS to PDF converter (version 2006.09.02).]
\scratchcounter=\count311
\scratchdimen=\dimen198
\scratchbox=\box57
\nofMPsegments=\count312
\nofMParguments=\count313
\everyMPshowfont=\toks24
\MPscratchCnt=\count314
\MPscratchDim=\dimen199
\MPnumerator=\count315
\makeMPintoPDFobject=\count316
\everyMPtoPDFconversion=\toks25
) (/home/bricklib_dataflow/texlive/2025/texmf-dist/tex/latex/epstopdf-pkg/epstopdf-base.sty
Package: epstopdf-base 2020-01-24 v2.11 Base part for package epstopdf
Package epstopdf-base Info: Redefining graphics rule for `.eps' on input line 485.
 (/home/bricklib_dataflow/texlive/2025/texmf-dist/tex/latex/latexconfig/epstopdf-sys.cfg
File: epstopdf-sys.cfg 2010/07/13 v1.3 Configuration of (r)epstopdf for TeX Live
))
LaTeX Font Info:    Trying to load font information for U+msa on input line 24.
 (/home/bricklib_dataflow/texlive/2025/texmf-dist/tex/latex/amsfonts/umsa.fd
File: umsa.fd 2013/01/14 v3.01 AMS symbols A
)
LaTeX Font Info:    Trying to load font information for U+msb on input line 24.
 (/home/bricklib_dataflow/texlive/2025/texmf-dist/tex/latex/amsfonts/umsb.fd
File: umsb.fd 2013/01/14 v3.01 AMS symbols B
)
<figures/fig1_gmg_v_cycle.drawio (2).png, id=1, 1218.5525pt x 1016.79875pt>
File: figures/fig1_gmg_v_cycle.drawio (2).png Graphic file (type png)
<use figures/fig1_gmg_v_cycle.drawio (2).png>
Package pdftex.def Info: figures/fig1_gmg_v_cycle.drawio (2).png  used on input line 35.
(pdftex.def)             Requested size: 252.0pt x 210.27586pt.

Underfull \vbox (badness 1400) has occurred while \output is active []

 [1{/home/bricklib_dataflow/texlive/2025/texmf-var/fonts/map/pdftex/updmap/pdftex.map}{/home/bricklib_dataflow/texlive/2025/texmf-dist/fonts/enc/dvips/base/8r.enc}


 <./figures/fig1_gmg_v_cycle.drawio (2).png>]
Underfull \hbox (badness 1540) in paragraph at lines 61--62
[]\OT1/ptm/m/n/10 Extensive per-for-mance mea-sure-ments, in-clud-ing per-
 []

<figures/WSE2_v2.pdf, id=15, 548.56947pt x 344.94873pt>
File: figures/WSE2_v2.pdf Graphic file (type pdf)
<use figures/WSE2_v2.pdf>
Package pdftex.def Info: figures/WSE2_v2.pdf  used on input line 103.
(pdftex.def)             Requested size: 252.0pt x 158.46252pt.
LaTeX Font Info:    Trying to load font information for TS1+ptm on input line 107.
(/home/bricklib_dataflow/texlive/2025/texmf-dist/tex/latex/psnfss/ts1ptm.fd
File: ts1ptm.fd 2001/06/04 font definitions for TS1/ptm.
)
Underfull \hbox (badness 4492) in paragraph at lines 143--147
 \OT1/ptm/m/it/10 3) Pro-gram-ming Model: [][] \OT1/ptm/m/n/10 The pro-gram-ming in-ter-face,
 []

[2 <./figures/WSE2_v2.pdf>]
<figures/layouts_vertical.pdf, id=89, 563.80638pt x 617.49696pt>
File: figures/layouts_vertical.pdf Graphic file (type pdf)
<use figures/layouts_vertical.pdf>
Package pdftex.def Info: figures/layouts_vertical.pdf  used on input line 165.
(pdftex.def)             Requested size: 252.84283pt x 276.91942pt.
<figures/spmp_restriction.pdf, id=90, 890.4266pt x 921.64326pt>
File: figures/spmp_restriction.pdf Graphic file (type pdf)
<use figures/spmp_restriction.pdf>
Package pdftex.def Info: figures/spmp_restriction.pdf  used on input line 171.
(pdftex.def)             Requested size: 252.84283pt x 261.7007pt.
 Excluding 'comment' comment.
Underfull \hbox (badness 10000) in paragraph at lines 286--290
\OT1/ptm/m/n/10 2.3.1/original/cerebras-basics/cerebras-execution-modes.html
 []


Underfull \hbox (badness 10000) in paragraph at lines 286--290
\OT1/ptm/m/n/10 and https://dl.acm.org/doi/10.1145/3372780.3380846 how
 []


Underfull \hbox (badness 2158) in paragraph at lines 286--290
\OT1/ptm/m/n/10 sup-ported, and will in-tro-duce sig-nif-i-cant com-mu-ni-ca-tion
 []

[3] Excluding 'comment' comment. Excluding 'comment' comment. [4 <./figures/layouts_vertical.pdf> <./figures/spmp_restriction.pdf>]
Underfull \hbox (badness 1502) in paragraph at lines 389--393
 \OT1/ptm/m/it/10 3) Dis-tributed Map-ping: centered-overlapped and one-
 []

LaTeX Font Info:    Trying to load font information for OT1+pcr on input line 430.
(/home/bricklib_dataflow/texlive/2025/texmf-dist/tex/latex/psnfss/ot1pcr.fd
File: ot1pcr.fd 2001/06/04 font definitions for OT1/pcr.
)
Underfull \hbox (badness 10000) in paragraph at lines 430--434
\TS1/ptm/m/n/10 ˆ \OT1/ptm/m/n/10 Lay-out and col-or-ing. The lay-out mod-ule
 []


Underfull \hbox (badness 2027) in paragraph at lines 430--434
\OT1/ptm/m/n/10 (\OT1/pcr/m/n/10 layout_gmg_vcycle.csl\OT1/ptm/m/n/10 , 157 lines) de-fines a 2D
 []


Underfull \hbox (badness 1831) in paragraph at lines 430--434
\OT1/ptm/m/n/10 im-ported mod-ules (mem-cpy, sten-cil, allre-duce), each of
 []


Underfull \hbox (badness 1968) in paragraph at lines 430--434
\OT1/ptm/m/n/10 pa-ram-e-ters (bound-ary flags, per-PE sten-cil rout-ing) and
 []


Underfull \hbox (badness 1838) in paragraph at lines 435--439
\TS1/ptm/m/n/10 ˆ \OT1/ptm/m/n/10 Rout-ing and for-ward-ing. Static rout-ing is es-tab-lished
 []


Underfull \hbox (badness 1688) in paragraph at lines 435--439
\OT1/ptm/m/n/10 at com-pile time: each PE's comp-time block con-fig-ures
 []

[5]
Underfull \hbox (badness 10000) in paragraph at lines 440--444
\TS1/ptm/m/n/10 ˆ \OT1/ptm/m/n/10 Ker-nel and state ma-chine. The V-cycle ker-nel
 []


Underfull \hbox (badness 6691) in paragraph at lines 440--444
\OT1/ptm/m/n/10 (\OT1/pcr/m/n/10 kernel_gmg_vcycle.csl\OT1/ptm/m/n/10 , 1,103 lines) im-ple-ments
 []


Underfull \hbox (badness 2393) in paragraph at lines 440--444
\OT1/ptm/m/n/10 with 28 states. Each GMG operator---smooth, resid-ual,
 []


Underfull \hbox (badness 3525) in paragraph at lines 440--444
\OT1/ptm/m/n/10 re-stric-tion, in-ter-po-la-tion, coarse solve, and con-ver-gence
 []


Underfull \hbox (badness 2452) in paragraph at lines 440--444
\OT1/ptm/m/n/10 the li-brary in-vokes \OT1/pcr/m/n/10 f_callback\OT1/ptm/m/n/10 , which ad-vances the
 []


Underfull \hbox (badness 2799) in paragraph at lines 440--444
\OT1/ptm/m/n/10 in-ter-venes be-tween com-plete V-cycle it-er-a-tions to read
 []


Overfull \hbox (8.19713pt too wide) in paragraph at lines 460--479
 [][] 
 []


Underfull \hbox (badness 10000) in paragraph at lines 493--493
[]$\OML/cmm/m/it/9 Ax[] \OMS/cmsy/m/n/9  
 []


Underfull \hbox (badness 10000) in paragraph at lines 496--496
[]$\OML/cmm/m/it/9 b \OMS/cmsy/m/n/9  
 []


Overfull \hbox (5.85991pt too wide) in paragraph at lines 496--496
[]\OT1/cmr/m/n/9 (\OML/cmm/m/it/9 r\OT1/cmr/m/n/9 )$| 
 []


Underfull \hbox (badness 10000) in paragraph at lines 501--501
[]$\OML/cmm/m/it/9 I \OMS/cmsy/m/n/9  
 []


Overfull \hbox (33.67238pt too wide) in paragraph at lines 501--501
[]\OT1/cmr/m/n/9 (\OML/cmm/m/it/9 x\OT1/cmr/m/n/9 )$| 
 []


Underfull \hbox (badness 10000) in paragraph at lines 506--506
[]$\OML/cmm/m/it/9 Ax[]coarse \OMS/cmsy/m/n/9  
 []


Overfull \hbox (28.16476pt too wide) in paragraph at lines 486--509
[][]
 []


Underfull \hbox (badness 10000) in paragraph at lines 486--509

 []


LaTeX Warning: `h' float specifier changed to `ht'.

[6]

LaTeX Font Warning: Font shape `OT1/ptm/m/scit' undefined
(Font)              using `OT1/ptm/m/it' instead on input line 545.

[7]

LaTeX Font Warning: Font shape `OT1/ptm/m/scit' undefined
(Font)              using `OT1/ptm/m/it' instead on input line 598.

Excluding 'comment' comment.
Underfull \hbox (badness 4686) in paragraph at lines 652--657
[]\OT1/ptm/m/n/10 The CSL back-end com-piler was in-voked with the
 []


Underfull \hbox (badness 10000) in paragraph at lines 652--657
\OT1/ptm/m/n/10 LLVM op-tions \OT1/pcr/m/n/10 --inline-threshold=256 \OT1/ptm/m/n/10 and
 []


Underfull \hbox (badness 10000) in paragraph at lines 652--657
\OT1/pcr/m/n/10 --unroll-threshold=256\OT1/ptm/m/n/10 . Ex-per-i-ments on the
 []


Underfull \hbox (badness 2173) in paragraph at lines 652--657
\OT1/ptm/m/n/10 loaded: \OT1/pcr/m/n/10 openmpi/5.0.5\OT1/ptm/m/n/10 , \OT1/pcr/m/n/10 ucc/1.5.1\OT1/ptm/m/n/10 , \OT1/pcr/m/n/10 ucx/1.19.1\OT1/ptm/m/n/10 ,
 []


Underfull \hbox (badness 10000) in paragraph at lines 652--657
\OT1/pcr/m/n/10 cmake/4.1.1\OT1/ptm/m/n/10 , \OT1/pcr/m/n/10 xalt/3.1\OT1/ptm/m/n/10 , \OT1/pcr/m/n/10 TACC\OT1/ptm/m/n/10 , \OT1/pcr/m/n/10 nvidia/24.7\OT1/ptm/m/n/10 ,
 []

[8]
<figures/hpgmg_speedup_barplot_big.pdf, id=189, 477.84923pt x 328.37883pt>
File: figures/hpgmg_speedup_barplot_big.pdf Graphic file (type pdf)
<use figures/hpgmg_speedup_barplot_big.pdf>
Package pdftex.def Info: figures/hpgmg_speedup_barplot_big.pdf  used on input line 697.
(pdftex.def)             Requested size: 239.39923pt x 164.5147pt.
<figures/per_operation_timing_512x512x512.png, id=190, 573.8238pt x 346.4142pt>
File: figures/per_operation_timing_512x512x512.png Graphic file (type png)
<use figures/per_operation_timing_512x512x512.png>
Package pdftex.def Info: figures/per_operation_timing_512x512x512.png  used on input line 750.
(pdftex.def)             Requested size: 252.0pt x 152.13199pt.


LaTeX Warning: `!h' float specifier changed to `!ht'.

[9 <./figures/hpgmg_speedup_barplot_big.pdf>]
<figures/spmv_internal.png, id=256, 1178.001pt x 369.2997pt>
File: figures/spmv_internal.png Graphic file (type png)
<use figures/spmv_internal.png>
Package pdftex.def Info: figures/spmv_internal.png  used on input line 770.
(pdftex.def)             Requested size: 516.0pt x 161.77107pt.
<figures/interpolation_internal.png, id=257, 1176.7965pt x 369.2997pt>
File: figures/interpolation_internal.png Graphic file (type png)
<use figures/interpolation_internal.png>
Package pdftex.def Info: figures/interpolation_internal.png  used on input line 779.
(pdftex.def)             Requested size: 516.0pt x 161.9345pt.
<figures/metrics_comparison_big.pdf, id=258, 692.5875pt x 160.6pt>
File: figures/metrics_comparison_big.pdf Graphic file (type pdf)
<use figures/metrics_comparison_big.pdf>
Package pdftex.def Info: figures/metrics_comparison_big.pdf  used on input line 789.
(pdftex.def)             Requested size: 516.0pt x 119.6557pt.
 [10 <./figures/per_operation_timing_512x512x512.png>]
Underfull \vbox (badness 3108) has occurred while \output is active []


Underfull \vbox (badness 10000) has occurred while \output is active []

 [11 <./figures/spmv_internal.png> <./figures/interpolation_internal.png>] Excluding 'comment' comment. Excluding 'comment' comment. Excluding 'comment' comment. [12 <./figures/metrics_comparison_big.pdf>] Excluding 'comment' comment. (./GLOW.bbl)

** Conference Paper **
Before submitting the final camera ready copy, remember to:

 1. Manually equalize the lengths of two columns on the last page
 of your paper;

 2. Ensure that any PostScript and/or PDF output post-processing
 uses only Type 1 fonts and that every step in the generation
 process uses the appropriate paper size.

[13] (./GLOW.aux)
 ***********
LaTeX2e <2025-11-01>
L3 programming layer <2026-03-20>
 ***********
 ) 
Here is how much of TeX's memory you used:
 4644 strings out of 468830
 75177 string characters out of 5449793
 505709 words of memory out of 5000000
 33436 multiletter control sequences out of 15000+600000
 683170 words of font info for 150 fonts, out of 8000000 for 9000
 319 hyphenation exceptions out of 8191
 57i,16n,65p,1550b,354s stack positions out of 10000i,1000n,20000p,200000b,200000s
</home/bricklib_dataflow/texlive/2025/texmf-dist/fonts/type1/public/amsfonts/cm/cmbx8.pfb></home/bricklib_dataflow/texlive/2025/texmf-dist/fonts/type1/public/amsfonts/cm/cmex10.pfb></home/bricklib_dataflow/texlive/2025/texmf-dist/fonts/type1/public/amsfonts/cm/cmmi10.pfb></home/bricklib_dataflow/texlive/2025/texmf-dist/fonts/type1/public/amsfonts/cm/cmmi6.pfb></home/bricklib_dataflow/texlive/2025/texmf-dist/fonts/type1/public/amsfonts/cm/cmmi7.pfb></home/bricklib_dataflow/texlive/2025/texmf-dist/fonts/type1/public/amsfonts/cm/cmmi8.pfb></home/bricklib_dataflow/texlive/2025/texmf-dist/fonts/type1/public/amsfonts/cm/cmmi9.pfb></home/bricklib_dataflow/texlive/2025/texmf-dist/fonts/type1/public/amsfonts/cm/cmr10.pfb></home/bricklib_dataflow/texlive/2025/texmf-dist/fonts/type1/public/amsfonts/cm/cmr6.pfb></home/bricklib_dataflow/texlive/2025/texmf-dist/fonts/type1/public/amsfonts/cm/cmr7.pfb></home/bricklib_dataflow/texlive/2025/texmf-dist/fonts/type1/public/amsfonts/cm/cmr8.pfb></home/bricklib_dataflow/texlive/2025/texmf-dist/fonts/type1/public/amsfonts/cm/cmr9.pfb></home/bricklib_dataflow/texlive/2025/texmf-dist/fonts/type1/public/amsfonts/cm/cmsy10.pfb></home/bricklib_dataflow/texlive/2025/texmf-dist/fonts/type1/public/amsfonts/cm/cmsy6.pfb></home/bricklib_dataflow/texlive/2025/texmf-dist/fonts/type1/public/amsfonts/cm/cmsy7.pfb></home/bricklib_dataflow/texlive/2025/texmf-dist/fonts/type1/public/amsfonts/cm/cmsy8.pfb></home/bricklib_dataflow/texlive/2025/texmf-dist/fonts/type1/public/amsfonts/cm/cmsy9.pfb></home/bricklib_dataflow/texlive/2025/texmf-dist/fonts/type1/urw/courier/ucrr8a.pfb></home/bricklib_dataflow/texlive/2025/texmf-dist/fonts/type1/urw/times/utmb8a.pfb></home/bricklib_dataflow/texlive/2025/texmf-dist/fonts/type1/urw/times/utmbi8a.pfb></home/bricklib_dataflow/texlive/2025/texmf-dist/fonts/type1/urw/times/utmr8a.pfb></home/bricklib_dataflow/texlive/2025/texmf-dist/fonts/type1/urw/times/utmri8a.pfb>
Output written on GLOW.pdf (13 pages, 2357806 bytes).
PDF statistics:
 375 PDF objects out of 1000 (max. 8388607)
 158 compressed objects within 2 object streams
 0 named destinations out of 1000 (max. 500000)
 46 words of extra memory for PDF output out of 10000 (max. 10000000)

