Compile command: --arch=wse3 --fabric-dims=762,1172 --fabric-offsets=4,1 --params=width:4,height:4,MAX_ZDIM:4,LEVELS:2 --params=BLOCK_SIZE:4 --memcpy --channels=4 --width-west-buf=0 --width-east-buf=0 -o out_vcycle4 --llvm-option=--inline-threshold=256 --llvm-option=--unroll-threshold=256
Run command: cs_python run_gmg_vcycle.py -m=4 -n=4 -k=4 --latestlink out_vcycle4 --channels=4 --width-west-buf=0 --width-east-buf=0 --zDim=4 --run-only --levels=2 --max-ite=100 --blockSize=4 --pre-iter=6 --post-iter=6 --bottom-iter=100 --tolerance=0.01 --cmaddr %CMADDR%
Firing compile+run job for 4x4x4...
Job submitted for 4x4x4 - moving to next problem
Compiling...
Compile command: --arch=wse3 --fabric-dims=762,1172 --fabric-offsets=4,1 --params=width:8,height:8,MAX_ZDIM:8,LEVELS:3 --params=BLOCK_SIZE:8 --memcpy --channels=8 --width-west-buf=0 --width-east-buf=0 -o out_vcycle8 --llvm-option=--inline-threshold=256 --llvm-option=--unroll-threshold=256
Run command: cs_python run_gmg_vcycle.py -m=8 -n=8 -k=8 --latestlink out_vcycle8 --channels=8 --width-west-buf=0 --width-east-buf=0 --zDim=8 --run-only --levels=3 --max-ite=100 --blockSize=8 --pre-iter=6 --post-iter=6 --bottom-iter=100 --tolerance=0.01 --cmaddr %CMADDR%
Firing compile+run job for 8x8x8...
Job submitted for 8x8x8 - moving to next problem
Compiling...
Compile command: --arch=wse3 --fabric-dims=762,1172 --fabric-offsets=4,1 --params=width:16,height:16,MAX_ZDIM:16,LEVELS:4 --params=BLOCK_SIZE:16 --memcpy --channels=16 --width-west-buf=0 --width-east-buf=0 -o out_vcycle16 --llvm-option=--inline-threshold=256 --llvm-option=--unroll-threshold=256
Run command: cs_python run_gmg_vcycle.py -m=16 -n=16 -k=16 --latestlink out_vcycle16 --channels=16 --width-west-buf=0 --width-east-buf=0 --zDim=16 --run-only --levels=4 --max-ite=100 --blockSize=16 --pre-iter=6 --post-iter=6 --bottom-iter=100 --tolerance=0.01 --cmaddr %CMADDR%
Firing compile+run job for 16x16x16...
Job submitted for 16x16x16 - moving to next problem
Compiling...
Compile command: --arch=wse3 --fabric-dims=762,1172 --fabric-offsets=4,1 --params=width:32,height:32,MAX_ZDIM:32,LEVELS:5 --params=BLOCK_SIZE:32 --memcpy --channels=16 --width-west-buf=0 --width-east-buf=0 -o out_vcycle32 --llvm-option=--inline-threshold=256 --llvm-option=--unroll-threshold=256
Run command: cs_python run_gmg_vcycle.py -m=32 -n=32 -k=32 --latestlink out_vcycle32 --channels=16 --width-west-buf=0 --width-east-buf=0 --zDim=32 --run-only --levels=5 --max-ite=100 --blockSize=32 --pre-iter=6 --post-iter=6 --bottom-iter=100 --tolerance=0.01 --cmaddr %CMADDR%
Firing compile+run job for 32x32x32...
Job submitted for 32x32x32 - moving to next problem
Compiling...
Compile command: --arch=wse3 --fabric-dims=762,1172 --fabric-offsets=4,1 --params=width:64,height:64,MAX_ZDIM:64,LEVELS:6 --params=BLOCK_SIZE:64 --memcpy --channels=16 --width-west-buf=0 --width-east-buf=0 -o out_vcycle64 --llvm-option=--inline-threshold=256 --llvm-option=--unroll-threshold=256
Run command: cs_python run_gmg_vcycle.py -m=64 -n=64 -k=64 --latestlink out_vcycle64 --channels=16 --width-west-buf=0 --width-east-buf=0 --zDim=64 --run-only --levels=6 --max-ite=100 --blockSize=64 --pre-iter=6 --post-iter=6 --bottom-iter=100 --tolerance=0.01 --cmaddr %CMADDR%
Firing compile+run job for 64x64x64...
Compiling...
Job submitted for 64x64x64 - moving to next problem
Compile command: --arch=wse3 --fabric-dims=762,1172 --fabric-offsets=4,1 --params=width:128,height:128,MAX_ZDIM:128,LEVELS:7 --params=BLOCK_SIZE:128 --memcpy --channels=16 --width-west-buf=0 --width-east-buf=0 -o out_vcycle128 --llvm-option=--inline-threshold=256 --llvm-option=--unroll-threshold=256
Run command: cs_python run_gmg_vcycle.py -m=128 -n=128 -k=128 --latestlink out_vcycle128 --channels=16 --width-west-buf=0 --width-east-buf=0 --zDim=128 --run-only --levels=7 --max-ite=100 --blockSize=128 --pre-iter=6 --post-iter=6 --bottom-iter=100 --tolerance=0.01 --cmaddr %CMADDR%
Firing compile+run job for 128x128x128...
Job submitted for 128x128x128 - moving to next problem
Compiling...
Compile command: --arch=wse3 --fabric-dims=762,1172 --fabric-offsets=4,1 --params=width:256,height:256,MAX_ZDIM:256,LEVELS:8 --params=BLOCK_SIZE:256 --memcpy --channels=16 --width-west-buf=0 --width-east-buf=0 -o out_vcycle256 --llvm-option=--inline-threshold=256 --llvm-option=--unroll-threshold=256
Run command: cs_python run_gmg_vcycle.py -m=256 -n=256 -k=256 --latestlink out_vcycle256 --channels=16 --width-west-buf=0 --width-east-buf=0 --zDim=256 --run-only --levels=8 --max-ite=100 --blockSize=256 --pre-iter=6 --post-iter=6 --bottom-iter=100 --tolerance=0.01 --cmaddr %CMADDR%
Firing compile+run job for 256x256x256...
Compiling...
Job submitted for 256x256x256 - moving to next problem
Compile command: --arch=wse3 --fabric-dims=762,1172 --fabric-offsets=4,1 --params=width:512,height:512,MAX_ZDIM:512,LEVELS:9 --params=BLOCK_SIZE:256 --memcpy --channels=16 --width-west-buf=0 --width-east-buf=0 -o out_vcycle512 --llvm-option=--inline-threshold=256 --llvm-option=--unroll-threshold=256
Run command: cs_python run_gmg_vcycle.py -m=512 -n=512 -k=512 --latestlink out_vcycle512 --channels=16 --width-west-buf=0 --width-east-buf=0 --zDim=512 --run-only --levels=9 --max-ite=100 --blockSize=256 --pre-iter=6 --post-iter=6 --bottom-iter=100 --tolerance=0.01 --cmaddr %CMADDR%
Firing compile+run job for 512x512x512...
Job submitted for 512x512x512 - moving to next problem
Compiling...
Compile command: --arch=wse3 --fabric-dims=762,1172 --fabric-offsets=4,1 --params=width:4,height:4,MAX_ZDIM:4,LEVELS:2 --params=BLOCK_SIZE:4 --memcpy --channels=4 --width-west-buf=0 --width-east-buf=0 -o out_vcycle4 --llvm-option=--inline-threshold=256 --llvm-option=--unroll-threshold=256
Run command: cs_python run_gmg_vcycle.py -m=4 -n=4 -k=4 --latestlink out_vcycle4 --channels=4 --width-west-buf=0 --width-east-buf=0 --zDim=4 --run-only --levels=2 --max-ite=100 --blockSize=4 --pre-iter=4 --post-iter=4 --bottom-iter=100 --tolerance=0.01 --cmaddr %CMADDR%
Firing compile+run job for 4x4x4...
Job submitted for 4x4x4 - moving to next problem
Compiling...
Compile command: --arch=wse3 --fabric-dims=762,1172 --fabric-offsets=4,1 --params=width:8,height:8,MAX_ZDIM:8,LEVELS:3 --params=BLOCK_SIZE:8 --memcpy --channels=8 --width-west-buf=0 --width-east-buf=0 -o out_vcycle8 --llvm-option=--inline-threshold=256 --llvm-option=--unroll-threshold=256
Run command: cs_python run_gmg_vcycle.py -m=8 -n=8 -k=8 --latestlink out_vcycle8 --channels=8 --width-west-buf=0 --width-east-buf=0 --zDim=8 --run-only --levels=3 --max-ite=100 --blockSize=8 --pre-iter=4 --post-iter=4 --bottom-iter=100 --tolerance=0.01 --cmaddr %CMADDR%
Firing compile+run job for 8x8x8...
Job submitted for 8x8x8 - moving to next problem
Compiling...
Compile command: --arch=wse3 --fabric-dims=762,1172 --fabric-offsets=4,1 --params=width:16,height:16,MAX_ZDIM:16,LEVELS:4 --params=BLOCK_SIZE:16 --memcpy --channels=16 --width-west-buf=0 --width-east-buf=0 -o out_vcycle16 --llvm-option=--inline-threshold=256 --llvm-option=--unroll-threshold=256
Run command: cs_python run_gmg_vcycle.py -m=16 -n=16 -k=16 --latestlink out_vcycle16 --channels=16 --width-west-buf=0 --width-east-buf=0 --zDim=16 --run-only --levels=4 --max-ite=100 --blockSize=16 --pre-iter=4 --post-iter=4 --bottom-iter=100 --tolerance=0.01 --cmaddr %CMADDR%
Firing compile+run job for 16x16x16...
Compiling...
Job submitted for 16x16x16 - moving to next problem
Compile command: --arch=wse3 --fabric-dims=762,1172 --fabric-offsets=4,1 --params=width:32,height:32,MAX_ZDIM:32,LEVELS:5 --params=BLOCK_SIZE:32 --memcpy --channels=16 --width-west-buf=0 --width-east-buf=0 -o out_vcycle32 --llvm-option=--inline-threshold=256 --llvm-option=--unroll-threshold=256
Run command: cs_python run_gmg_vcycle.py -m=32 -n=32 -k=32 --latestlink out_vcycle32 --channels=16 --width-west-buf=0 --width-east-buf=0 --zDim=32 --run-only --levels=5 --max-ite=100 --blockSize=32 --pre-iter=4 --post-iter=4 --bottom-iter=100 --tolerance=0.01 --cmaddr %CMADDR%
Firing compile+run job for 32x32x32...
Job submitted for 32x32x32 - moving to next problem
Compiling...
Compile command: --arch=wse3 --fabric-dims=762,1172 --fabric-offsets=4,1 --params=width:64,height:64,MAX_ZDIM:64,LEVELS:6 --params=BLOCK_SIZE:64 --memcpy --channels=16 --width-west-buf=0 --width-east-buf=0 -o out_vcycle64 --llvm-option=--inline-threshold=256 --llvm-option=--unroll-threshold=256
Run command: cs_python run_gmg_vcycle.py -m=64 -n=64 -k=64 --latestlink out_vcycle64 --channels=16 --width-west-buf=0 --width-east-buf=0 --zDim=64 --run-only --levels=6 --max-ite=100 --blockSize=64 --pre-iter=4 --post-iter=4 --bottom-iter=100 --tolerance=0.01 --cmaddr %CMADDR%
Firing compile+run job for 64x64x64...
Compiling...
Job submitted for 64x64x64 - moving to next problem
Compile command: --arch=wse3 --fabric-dims=762,1172 --fabric-offsets=4,1 --params=width:128,height:128,MAX_ZDIM:128,LEVELS:7 --params=BLOCK_SIZE:128 --memcpy --channels=16 --width-west-buf=0 --width-east-buf=0 -o out_vcycle128 --llvm-option=--inline-threshold=256 --llvm-option=--unroll-threshold=256
Run command: cs_python run_gmg_vcycle.py -m=128 -n=128 -k=128 --latestlink out_vcycle128 --channels=16 --width-west-buf=0 --width-east-buf=0 --zDim=128 --run-only --levels=7 --max-ite=100 --blockSize=128 --pre-iter=4 --post-iter=4 --bottom-iter=100 --tolerance=0.01 --cmaddr %CMADDR%
Firing compile+run job for 128x128x128...
Compiling...
Job submitted for 128x128x128 - moving to next problem
Compile command: --arch=wse3 --fabric-dims=762,1172 --fabric-offsets=4,1 --params=width:256,height:256,MAX_ZDIM:256,LEVELS:8 --params=BLOCK_SIZE:256 --memcpy --channels=16 --width-west-buf=0 --width-east-buf=0 -o out_vcycle256 --llvm-option=--inline-threshold=256 --llvm-option=--unroll-threshold=256
Run command: cs_python run_gmg_vcycle.py -m=256 -n=256 -k=256 --latestlink out_vcycle256 --channels=16 --width-west-buf=0 --width-east-buf=0 --zDim=256 --run-only --levels=8 --max-ite=100 --blockSize=256 --pre-iter=4 --post-iter=4 --bottom-iter=100 --tolerance=0.01 --cmaddr %CMADDR%
Firing compile+run job for 256x256x256...
Job submitted for 256x256x256 - moving to next problem
Compiling...
Compile command: --arch=wse3 --fabric-dims=762,1172 --fabric-offsets=4,1 --params=width:512,height:512,MAX_ZDIM:512,LEVELS:9 --params=BLOCK_SIZE:256 --memcpy --channels=16 --width-west-buf=0 --width-east-buf=0 -o out_vcycle512 --llvm-option=--inline-threshold=256 --llvm-option=--unroll-threshold=256
Run command: cs_python run_gmg_vcycle.py -m=512 -n=512 -k=512 --latestlink out_vcycle512 --channels=16 --width-west-buf=0 --width-east-buf=0 --zDim=512 --run-only --levels=9 --max-ite=100 --blockSize=256 --pre-iter=4 --post-iter=4 --bottom-iter=100 --tolerance=0.01 --cmaddr %CMADDR%
Firing compile+run job for 512x512x512...
Compiling...
Job submitted for 512x512x512 - moving to next problem
Compile command: --arch=wse3 --fabric-dims=762,1172 --fabric-offsets=4,1 --params=width:4,height:4,MAX_ZDIM:4,LEVELS:2 --params=BLOCK_SIZE:4 --memcpy --channels=4 --width-west-buf=0 --width-east-buf=0 -o out_vcycle4 --llvm-option=--inline-threshold=256 --llvm-option=--unroll-threshold=256
Run command: cs_python run_gmg_vcycle.py -m=4 -n=4 -k=4 --latestlink out_vcycle4 --channels=4 --width-west-buf=0 --width-east-buf=0 --zDim=4 --run-only --levels=2 --max-ite=100 --blockSize=4 --pre-iter=4 --post-iter=4 --bottom-iter=6 --tolerance=0.01 --cmaddr %CMADDR%
Firing compile+run job for 4x4x4...
Compiling...
Job submitted for 4x4x4 - moving to next problem
Compile command: --arch=wse3 --fabric-dims=762,1172 --fabric-offsets=4,1 --params=width:8,height:8,MAX_ZDIM:8,LEVELS:3 --params=BLOCK_SIZE:8 --memcpy --channels=8 --width-west-buf=0 --width-east-buf=0 -o out_vcycle8 --llvm-option=--inline-threshold=256 --llvm-option=--unroll-threshold=256
Run command: cs_python run_gmg_vcycle.py -m=8 -n=8 -k=8 --latestlink out_vcycle8 --channels=8 --width-west-buf=0 --width-east-buf=0 --zDim=8 --run-only --levels=3 --max-ite=100 --blockSize=8 --pre-iter=4 --post-iter=4 --bottom-iter=6 --tolerance=0.01 --cmaddr %CMADDR%
Firing compile+run job for 8x8x8...
Job submitted for 8x8x8 - moving to next problem
Compiling...
Compile command: --arch=wse3 --fabric-dims=762,1172 --fabric-offsets=4,1 --params=width:16,height:16,MAX_ZDIM:16,LEVELS:4 --params=BLOCK_SIZE:16 --memcpy --channels=16 --width-west-buf=0 --width-east-buf=0 -o out_vcycle16 --llvm-option=--inline-threshold=256 --llvm-option=--unroll-threshold=256
Run command: cs_python run_gmg_vcycle.py -m=16 -n=16 -k=16 --latestlink out_vcycle16 --channels=16 --width-west-buf=0 --width-east-buf=0 --zDim=16 --run-only --levels=4 --max-ite=100 --blockSize=16 --pre-iter=4 --post-iter=4 --bottom-iter=6 --tolerance=0.01 --cmaddr %CMADDR%
Firing compile+run job for 16x16x16...
Compiling...
Job submitted for 16x16x16 - moving to next problem
Compile command: --arch=wse3 --fabric-dims=762,1172 --fabric-offsets=4,1 --params=width:32,height:32,MAX_ZDIM:32,LEVELS:5 --params=BLOCK_SIZE:32 --memcpy --channels=16 --width-west-buf=0 --width-east-buf=0 -o out_vcycle32 --llvm-option=--inline-threshold=256 --llvm-option=--unroll-threshold=256
Run command: cs_python run_gmg_vcycle.py -m=32 -n=32 -k=32 --latestlink out_vcycle32 --channels=16 --width-west-buf=0 --width-east-buf=0 --zDim=32 --run-only --levels=5 --max-ite=100 --blockSize=32 --pre-iter=4 --post-iter=4 --bottom-iter=6 --tolerance=0.01 --cmaddr %CMADDR%
Firing compile+run job for 32x32x32...
Compiling...
Job submitted for 32x32x32 - moving to next problem
Compile command: --arch=wse3 --fabric-dims=762,1172 --fabric-offsets=4,1 --params=width:64,height:64,MAX_ZDIM:64,LEVELS:6 --params=BLOCK_SIZE:64 --memcpy --channels=16 --width-west-buf=0 --width-east-buf=0 -o out_vcycle64 --llvm-option=--inline-threshold=256 --llvm-option=--unroll-threshold=256
Run command: cs_python run_gmg_vcycle.py -m=64 -n=64 -k=64 --latestlink out_vcycle64 --channels=16 --width-west-buf=0 --width-east-buf=0 --zDim=64 --run-only --levels=6 --max-ite=100 --blockSize=64 --pre-iter=4 --post-iter=4 --bottom-iter=6 --tolerance=0.01 --cmaddr %CMADDR%
Firing compile+run job for 64x64x64...
Compiling...
Job submitted for 64x64x64 - moving to next problem
Compile command: --arch=wse3 --fabric-dims=762,1172 --fabric-offsets=4,1 --params=width:128,height:128,MAX_ZDIM:128,LEVELS:7 --params=BLOCK_SIZE:128 --memcpy --channels=16 --width-west-buf=0 --width-east-buf=0 -o out_vcycle128 --llvm-option=--inline-threshold=256 --llvm-option=--unroll-threshold=256
Run command: cs_python run_gmg_vcycle.py -m=128 -n=128 -k=128 --latestlink out_vcycle128 --channels=16 --width-west-buf=0 --width-east-buf=0 --zDim=128 --run-only --levels=7 --max-ite=100 --blockSize=128 --pre-iter=4 --post-iter=4 --bottom-iter=6 --tolerance=0.01 --cmaddr %CMADDR%
Firing compile+run job for 128x128x128...
Compiling...
Job submitted for 128x128x128 - moving to next problem
Compile command: --arch=wse3 --fabric-dims=762,1172 --fabric-offsets=4,1 --params=width:256,height:256,MAX_ZDIM:256,LEVELS:8 --params=BLOCK_SIZE:256 --memcpy --channels=16 --width-west-buf=0 --width-east-buf=0 -o out_vcycle256 --llvm-option=--inline-threshold=256 --llvm-option=--unroll-threshold=256
Run command: cs_python run_gmg_vcycle.py -m=256 -n=256 -k=256 --latestlink out_vcycle256 --channels=16 --width-west-buf=0 --width-east-buf=0 --zDim=256 --run-only --levels=8 --max-ite=100 --blockSize=256 --pre-iter=4 --post-iter=4 --bottom-iter=6 --tolerance=0.01 --cmaddr %CMADDR%
Firing compile+run job for 256x256x256...
Job submitted for 256x256x256 - moving to next problem
Compiling...
Compile command: --arch=wse3 --fabric-dims=762,1172 --fabric-offsets=4,1 --params=width:512,height:512,MAX_ZDIM:512,LEVELS:9 --params=BLOCK_SIZE:256 --memcpy --channels=16 --width-west-buf=0 --width-east-buf=0 -o out_vcycle512 --llvm-option=--inline-threshold=256 --llvm-option=--unroll-threshold=256
Run command: cs_python run_gmg_vcycle.py -m=512 -n=512 -k=512 --latestlink out_vcycle512 --channels=16 --width-west-buf=0 --width-east-buf=0 --zDim=512 --run-only --levels=9 --max-ite=100 --blockSize=256 --pre-iter=4 --post-iter=4 --bottom-iter=6 --tolerance=0.01 --cmaddr %CMADDR%
Firing compile+run job for 512x512x512...
Compiling...
Job submitted for 512x512x512 - moving to next problem
Compile command: --arch=wse3 --fabric-dims=762,1172 --fabric-offsets=4,1 --params=width:4,height:4,MAX_ZDIM:4,LEVELS:2 --params=BLOCK_SIZE:4 --memcpy --channels=4 --width-west-buf=0 --width-east-buf=0 -o out_vcycle4 --llvm-option=--inline-threshold=256 --llvm-option=--unroll-threshold=256
Run command: cs_python run_gmg_vcycle.py -m=4 -n=4 -k=4 --latestlink out_vcycle4 --channels=4 --width-west-buf=0 --width-east-buf=0 --zDim=4 --run-only --levels=2 --max-ite=100 --blockSize=4 --pre-iter=6 --post-iter=6 --bottom-iter=6 --tolerance=0.01 --cmaddr %CMADDR%
Firing compile+run job for 4x4x4...
Job submitted for 4x4x4 - moving to next problem
Compiling...
Compile command: --arch=wse3 --fabric-dims=762,1172 --fabric-offsets=4,1 --params=width:8,height:8,MAX_ZDIM:8,LEVELS:3 --params=BLOCK_SIZE:8 --memcpy --channels=8 --width-west-buf=0 --width-east-buf=0 -o out_vcycle8 --llvm-option=--inline-threshold=256 --llvm-option=--unroll-threshold=256
Run command: cs_python run_gmg_vcycle.py -m=8 -n=8 -k=8 --latestlink out_vcycle8 --channels=8 --width-west-buf=0 --width-east-buf=0 --zDim=8 --run-only --levels=3 --max-ite=100 --blockSize=8 --pre-iter=6 --post-iter=6 --bottom-iter=6 --tolerance=0.01 --cmaddr %CMADDR%
Firing compile+run job for 8x8x8...
Job submitted for 8x8x8 - moving to next problem
Compiling...
Compile command: --arch=wse3 --fabric-dims=762,1172 --fabric-offsets=4,1 --params=width:16,height:16,MAX_ZDIM:16,LEVELS:4 --params=BLOCK_SIZE:16 --memcpy --channels=16 --width-west-buf=0 --width-east-buf=0 -o out_vcycle16 --llvm-option=--inline-threshold=256 --llvm-option=--unroll-threshold=256
Run command: cs_python run_gmg_vcycle.py -m=16 -n=16 -k=16 --latestlink out_vcycle16 --channels=16 --width-west-buf=0 --width-east-buf=0 --zDim=16 --run-only --levels=4 --max-ite=100 --blockSize=16 --pre-iter=6 --post-iter=6 --bottom-iter=6 --tolerance=0.01 --cmaddr %CMADDR%
Firing compile+run job for 16x16x16...
Compiling...
Job submitted for 16x16x16 - moving to next problem
Compile command: --arch=wse3 --fabric-dims=762,1172 --fabric-offsets=4,1 --params=width:32,height:32,MAX_ZDIM:32,LEVELS:5 --params=BLOCK_SIZE:32 --memcpy --channels=16 --width-west-buf=0 --width-east-buf=0 -o out_vcycle32 --llvm-option=--inline-threshold=256 --llvm-option=--unroll-threshold=256
Run command: cs_python run_gmg_vcycle.py -m=32 -n=32 -k=32 --latestlink out_vcycle32 --channels=16 --width-west-buf=0 --width-east-buf=0 --zDim=32 --run-only --levels=5 --max-ite=100 --blockSize=32 --pre-iter=6 --post-iter=6 --bottom-iter=6 --tolerance=0.01 --cmaddr %CMADDR%
Firing compile+run job for 32x32x32...
Compiling...
Job submitted for 32x32x32 - moving to next problem
Compile command: --arch=wse3 --fabric-dims=762,1172 --fabric-offsets=4,1 --params=width:64,height:64,MAX_ZDIM:64,LEVELS:6 --params=BLOCK_SIZE:64 --memcpy --channels=16 --width-west-buf=0 --width-east-buf=0 -o out_vcycle64 --llvm-option=--inline-threshold=256 --llvm-option=--unroll-threshold=256
Run command: cs_python run_gmg_vcycle.py -m=64 -n=64 -k=64 --latestlink out_vcycle64 --channels=16 --width-west-buf=0 --width-east-buf=0 --zDim=64 --run-only --levels=6 --max-ite=100 --blockSize=64 --pre-iter=6 --post-iter=6 --bottom-iter=6 --tolerance=0.01 --cmaddr %CMADDR%
Firing compile+run job for 64x64x64...
Job submitted for 64x64x64 - moving to next problem
Compiling...
Compile command: --arch=wse3 --fabric-dims=762,1172 --fabric-offsets=4,1 --params=width:128,height:128,MAX_ZDIM:128,LEVELS:7 --params=BLOCK_SIZE:128 --memcpy --channels=16 --width-west-buf=0 --width-east-buf=0 -o out_vcycle128 --llvm-option=--inline-threshold=256 --llvm-option=--unroll-threshold=256
Run command: cs_python run_gmg_vcycle.py -m=128 -n=128 -k=128 --latestlink out_vcycle128 --channels=16 --width-west-buf=0 --width-east-buf=0 --zDim=128 --run-only --levels=7 --max-ite=100 --blockSize=128 --pre-iter=6 --post-iter=6 --bottom-iter=6 --tolerance=0.01 --cmaddr %CMADDR%
Firing compile+run job for 128x128x128...
Compiling...
Job submitted for 128x128x128 - moving to next problem
Compile command: --arch=wse3 --fabric-dims=762,1172 --fabric-offsets=4,1 --params=width:256,height:256,MAX_ZDIM:256,LEVELS:8 --params=BLOCK_SIZE:256 --memcpy --channels=16 --width-west-buf=0 --width-east-buf=0 -o out_vcycle256 --llvm-option=--inline-threshold=256 --llvm-option=--unroll-threshold=256
Run command: cs_python run_gmg_vcycle.py -m=256 -n=256 -k=256 --latestlink out_vcycle256 --channels=16 --width-west-buf=0 --width-east-buf=0 --zDim=256 --run-only --levels=8 --max-ite=100 --blockSize=256 --pre-iter=6 --post-iter=6 --bottom-iter=6 --tolerance=0.01 --cmaddr %CMADDR%
Firing compile+run job for 256x256x256...
Job submitted for 256x256x256 - moving to next problem
Compiling...
Compile command: --arch=wse3 --fabric-dims=762,1172 --fabric-offsets=4,1 --params=width:512,height:512,MAX_ZDIM:512,LEVELS:9 --params=BLOCK_SIZE:256 --memcpy --channels=16 --width-west-buf=0 --width-east-buf=0 -o out_vcycle512 --llvm-option=--inline-threshold=256 --llvm-option=--unroll-threshold=256
Run command: cs_python run_gmg_vcycle.py -m=512 -n=512 -k=512 --latestlink out_vcycle512 --channels=16 --width-west-buf=0 --width-east-buf=0 --zDim=512 --run-only --levels=9 --max-ite=100 --blockSize=256 --pre-iter=6 --post-iter=6 --bottom-iter=6 --tolerance=0.01 --cmaddr %CMADDR%
Firing compile+run job for 512x512x512...
Compiling...
Job submitted for 512x512x512 - moving to next problem
Compile command: --arch=wse3 --fabric-dims=762,1172 --fabric-offsets=4,1 --params=width:16,height:16,MAX_ZDIM:16,LEVELS:2 --params=BLOCK_SIZE:16 --memcpy --channels=16 --width-west-buf=0 --width-east-buf=0 -o out_vcycle16 --llvm-option=--inline-threshold=256 --llvm-option=--unroll-threshold=256
Run command: cs_python run_gmg_vcycle.py -m=16 -n=16 -k=16 --latestlink out_vcycle16 --channels=16 --width-west-buf=0 --width-east-buf=0 --zDim=16 --run-only --levels=2 --max-ite=100 --blockSize=16 --pre-iter=6 --post-iter=6 --bottom-iter=6 --tolerance=0.01 --cmaddr %CMADDR%
Firing compile+run job for 16x16x16...
Compiling...
Job submitted for 16x16x16 - moving to next problem
Compile command: --arch=wse3 --fabric-dims=762,1172 --fabric-offsets=4,1 --params=width:32,height:32,MAX_ZDIM:32,LEVELS:3 --params=BLOCK_SIZE:32 --memcpy --channels=16 --width-west-buf=0 --width-east-buf=0 -o out_vcycle32 --llvm-option=--inline-threshold=256 --llvm-option=--unroll-threshold=256
Run command: cs_python run_gmg_vcycle.py -m=32 -n=32 -k=32 --latestlink out_vcycle32 --channels=16 --width-west-buf=0 --width-east-buf=0 --zDim=32 --run-only --levels=3 --max-ite=100 --blockSize=32 --pre-iter=6 --post-iter=6 --bottom-iter=6 --tolerance=0.01 --cmaddr %CMADDR%
Firing compile+run job for 32x32x32...
Job submitted for 32x32x32 - moving to next problem
Compiling...
Compile command: --arch=wse3 --fabric-dims=762,1172 --fabric-offsets=4,1 --params=width:64,height:64,MAX_ZDIM:64,LEVELS:4 --params=BLOCK_SIZE:64 --memcpy --channels=16 --width-west-buf=0 --width-east-buf=0 -o out_vcycle64 --llvm-option=--inline-threshold=256 --llvm-option=--unroll-threshold=256
Run command: cs_python run_gmg_vcycle.py -m=64 -n=64 -k=64 --latestlink out_vcycle64 --channels=16 --width-west-buf=0 --width-east-buf=0 --zDim=64 --run-only --levels=4 --max-ite=100 --blockSize=64 --pre-iter=6 --post-iter=6 --bottom-iter=6 --tolerance=0.01 --cmaddr %CMADDR%
Firing compile+run job for 64x64x64...
Compiling...
Job submitted for 64x64x64 - moving to next problem
Compile command: --arch=wse3 --fabric-dims=762,1172 --fabric-offsets=4,1 --params=width:128,height:128,MAX_ZDIM:128,LEVELS:5 --params=BLOCK_SIZE:128 --memcpy --channels=16 --width-west-buf=0 --width-east-buf=0 -o out_vcycle128 --llvm-option=--inline-threshold=256 --llvm-option=--unroll-threshold=256
Run command: cs_python run_gmg_vcycle.py -m=128 -n=128 -k=128 --latestlink out_vcycle128 --channels=16 --width-west-buf=0 --width-east-buf=0 --zDim=128 --run-only --levels=5 --max-ite=100 --blockSize=128 --pre-iter=6 --post-iter=6 --bottom-iter=6 --tolerance=0.01 --cmaddr %CMADDR%
Firing compile+run job for 128x128x128...
Compiling...
Job submitted for 128x128x128 - moving to next problem
Compile command: --arch=wse3 --fabric-dims=762,1172 --fabric-offsets=4,1 --params=width:256,height:256,MAX_ZDIM:256,LEVELS:6 --params=BLOCK_SIZE:256 --memcpy --channels=16 --width-west-buf=0 --width-east-buf=0 -o out_vcycle256 --llvm-option=--inline-threshold=256 --llvm-option=--unroll-threshold=256
Run command: cs_python run_gmg_vcycle.py -m=256 -n=256 -k=256 --latestlink out_vcycle256 --channels=16 --width-west-buf=0 --width-east-buf=0 --zDim=256 --run-only --levels=6 --max-ite=100 --blockSize=256 --pre-iter=6 --post-iter=6 --bottom-iter=6 --tolerance=0.01 --cmaddr %CMADDR%
Firing compile+run job for 256x256x256...
Job submitted for 256x256x256 - moving to next problem
Compiling...
Compile command: --arch=wse3 --fabric-dims=762,1172 --fabric-offsets=4,1 --params=width:512,height:512,MAX_ZDIM:512,LEVELS:7 --params=BLOCK_SIZE:256 --memcpy --channels=16 --width-west-buf=0 --width-east-buf=0 -o out_vcycle512 --llvm-option=--inline-threshold=256 --llvm-option=--unroll-threshold=256
Run command: cs_python run_gmg_vcycle.py -m=512 -n=512 -k=512 --latestlink out_vcycle512 --channels=16 --width-west-buf=0 --width-east-buf=0 --zDim=512 --run-only --levels=7 --max-ite=100 --blockSize=256 --pre-iter=6 --post-iter=6 --bottom-iter=6 --tolerance=0.01 --cmaddr %CMADDR%
Firing compile+run job for 512x512x512...
Compiling...
Job submitted for 512x512x512 - moving to next problem
  build/out_dir_S4x_L2_M100_P6_P6_B100: no .tar.gz found, skip
  build/out_dir_S8x_L3_M100_P6_P6_B100: no .tar.gz found, skip
  build/out_dir_S16x_L4_M100_P6_P6_B100: no .tar.gz found, skip
  build/out_dir_S32x_L5_M100_P6_P6_B100: no .tar.gz found, skip
  build/out_dir_S64x_L6_M100_P6_P6_B100: no .tar.gz found, skip
  build/out_dir_S128x_L7_M100_P6_P6_B100: no .tar.gz found, skip
  build/out_dir_S256x_L8_M100_P6_P6_B100: no .tar.gz found, skip
  build/out_dir_S512x_L9_M100_P6_P6_B100: no .tar.gz found, skip
  build/out_dir_S4x_L2_M100_P4_P4_B100: no .tar.gz found, skip
  build/out_dir_S8x_L3_M100_P4_P4_B100: no .tar.gz found, skip
  build/out_dir_S16x_L4_M100_P4_P4_B100: no .tar.gz found, skip
  build/out_dir_S32x_L5_M100_P4_P4_B100: no .tar.gz found, skip
  build/out_dir_S64x_L6_M100_P4_P4_B100: no .tar.gz found, skip
  build/out_dir_S128x_L7_M100_P4_P4_B100: no .tar.gz found, skip
  build/out_dir_S256x_L8_M100_P4_P4_B100: no .tar.gz found, skip
  build/out_dir_S512x_L9_M100_P4_P4_B100: no .tar.gz found, skip
  build/out_dir_S4x_L2_M100_P4_P4_B6: no .tar.gz found, skip
  build/out_dir_S8x_L3_M100_P4_P4_B6: no .tar.gz found, skip
  build/out_dir_S16x_L4_M100_P4_P4_B6: no .tar.gz found, skip
  build/out_dir_S32x_L5_M100_P4_P4_B6: no .tar.gz found, skip
  build/out_dir_S64x_L6_M100_P4_P4_B6: no .tar.gz found, skip
  build/out_dir_S128x_L7_M100_P4_P4_B6: no .tar.gz found, skip
  build/out_dir_S256x_L8_M100_P4_P4_B6: no .tar.gz found, skip
  build/out_dir_S512x_L9_M100_P4_P4_B6: no .tar.gz found, skip
  build/out_dir_S4x_L2_M100_P6_P6_B6: no .tar.gz found, skip
  build/out_dir_S8x_L3_M100_P6_P6_B6: no .tar.gz found, skip
  build/out_dir_S16x_L4_M100_P6_P6_B6: no .tar.gz found, skip
  build/out_dir_S32x_L5_M100_P6_P6_B6: no .tar.gz found, skip
  build/out_dir_S64x_L6_M100_P6_P6_B6: no .tar.gz found, skip
  build/out_dir_S128x_L7_M100_P6_P6_B6: no .tar.gz found, skip
  build/out_dir_S256x_L8_M100_P6_P6_B6: no .tar.gz found, skip
  build/out_dir_S512x_L9_M100_P6_P6_B6: no .tar.gz found, skip
  build/out_dir_S16x_L2_M100_P6_P6_B6: no .tar.gz found, skip
  build/out_dir_S32x_L3_M100_P6_P6_B6: no .tar.gz found, skip
  build/out_dir_S64x_L4_M100_P6_P6_B6: no .tar.gz found, skip
  build/out_dir_S128x_L5_M100_P6_P6_B6: no .tar.gz found, skip
  build/out_dir_S256x_L6_M100_P6_P6_B6: no .tar.gz found, skip
  build/out_dir_S512x_L7_M100_P6_P6_B6: no .tar.gz found, skip
Event 2026-04-08 08:57:07 +0000 UTC reason=InconsistentVersion wsjob=wsjob-aw7hszfqbaoahae9vnkhzx message='Warning: job image version 2.9.0-202512242343-6-e2e12a41 is inconsistent with cluster server version 3.1.0-202511212135-400-1f941dc2+1f941dc2ab, there's a risk job could fail due to inconsistent setup.'
Event 2026-04-08 08:57:07 +0000 UTC reason=InconsistentVersion wsjob=wsjob-g98e7rmgrsfum6vxqe6jzk message='Warning: job image version 2.9.0-202512242343-6-e2e12a41 is inconsistent with cluster server version 3.1.0-202511212135-400-1f941dc2+1f941dc2ab, there's a risk job could fail due to inconsistent setup.'
Event 2026-04-08 08:57:07 +0000 UTC reason=InconsistentVersion wsjob=wsjob-ez4uyhxxzlpndxjaumyk3s message='Warning: job image version 2.9.0-202512242343-6-e2e12a41 is inconsistent with cluster server version 3.1.0-202511212135-400-1f941dc2+1f941dc2ab, there's a risk job could fail due to inconsistent setup.'
Event 2026-04-08 08:57:10 +0000 UTC reason=InconsistentVersion wsjob=wsjob-gzjq2xgmrphyqvdqg4hvhe message='Warning: job image version 2.9.0-202512242343-6-e2e12a41 is inconsistent with cluster server version 3.1.0-202511212135-400-1f941dc2+1f941dc2ab, there's a risk job could fail due to inconsistent setup.'
2026-04-08 08:57:41,943 INFO     CSL compiler output:
	CSL compiler produced no messages. Compilation successful.
2026-04-08 08:57:42,735 INFO     CSL compiler output:
	CSL compiler produced no messages. Compilation successful.
2026-04-08 08:57:46,703 INFO     CSL compiler output:
	CSL compiler produced no messages. Compilation successful.
Event 2026-04-08 08:57:46 +0000 UTC reason=InconsistentVersion wsjob=wsjob-urrpd7vzglwahcgfiznrjs message='Warning: job image version 2.9.0-202512242343-6-e2e12a41 is inconsistent with cluster server version 3.1.0-202511212135-400-1f941dc2+1f941dc2ab, there's a risk job could fail due to inconsistent setup.'
Event 2026-04-08 08:57:44 +0000 UTC reason=InconsistentVersion wsjob=wsjob-9ifgb6vdpr99wagsdumcpj message='Warning: job image version 2.9.0-202512242343-6-e2e12a41 is inconsistent with cluster server version 3.1.0-202511212135-400-1f941dc2+1f941dc2ab, there's a risk job could fail due to inconsistent setup.'
2026-04-08 08:57:56,672 INFO     CSL compiler output:
	CSL compiler produced no messages. Compilation successful.
Event 2026-04-08 08:57:46 +0000 UTC reason=InconsistentVersion wsjob=wsjob-dr6wy3huq2x5w9yjphxrfn message='Warning: job image version 2.9.0-202512242343-6-e2e12a41 is inconsistent with cluster server version 3.1.0-202511212135-400-1f941dc2+1f941dc2ab, there's a risk job could fail due to inconsistent setup.'
Event 2026-04-08 08:57:49 +0000 UTC reason=InconsistentVersion wsjob=wsjob-co9yzne2jbeswpwqibdfy5 message='Warning: job image version 2.9.0-202512242343-6-e2e12a41 is inconsistent with cluster server version 3.1.0-202511212135-400-1f941dc2+1f941dc2ab, there's a risk job could fail due to inconsistent setup.'
Event 2026-04-08 08:57:48 +0000 UTC reason=InconsistentVersion wsjob=wsjob-u5vyhyj4ezhsrgxgdxbpqr message='Warning: job image version 2.9.0-202512242343-6-e2e12a41 is inconsistent with cluster server version 3.1.0-202511212135-400-1f941dc2+1f941dc2ab, there's a risk job could fail due to inconsistent setup.'
Event 2026-04-08 08:58:00 +0000 UTC reason=InconsistentVersion wsjob=wsjob-hfau76gu9bvtlcslwrvvs7 message='Warning: job image version 2.9.0-202512242343-6-e2e12a41 is inconsistent with cluster server version 3.1.0-202511212135-400-1f941dc2+1f941dc2ab, there's a risk job could fail due to inconsistent setup.'
Event 2026-04-08 08:57:56 +0000 UTC reason=InconsistentVersion wsjob=wsjob-ncthqpnwqnk4jyuexmlefn message='Warning: job image version 2.9.0-202512242343-6-e2e12a41 is inconsistent with cluster server version 3.1.0-202511212135-400-1f941dc2+1f941dc2ab, there's a risk job could fail due to inconsistent setup.'
Event 2026-04-08 08:58:00 +0000 UTC reason=InconsistentVersion wsjob=wsjob-cdcvnhpnaeqd3zus9jsms6 message='Warning: job image version 2.9.0-202512242343-6-e2e12a41 is inconsistent with cluster server version 3.1.0-202511212135-400-1f941dc2+1f941dc2ab, there's a risk job could fail due to inconsistent setup.'
2026-04-08 08:58:26,836 INFO     CSL compiler output:
	CSL compiler produced no messages. Compilation successful.
2026-04-08 08:58:29,514 INFO     CSL compiler output:
	CSL compiler produced no messages. Compilation successful.
2026-04-08 08:58:37,306 INFO     CSL compiler output:
	CSL compiler produced no messages. Compilation successful.
Event 2026-04-08 08:58:30 +0000 UTC reason=InconsistentVersion wsjob=wsjob-jfb4nautvllpjjhbe4qnd8 message='Warning: job image version 2.9.0-202512242343-6-e2e12a41 is inconsistent with cluster server version 3.1.0-202511212135-400-1f941dc2+1f941dc2ab, there's a risk job could fail due to inconsistent setup.'
Event 2026-04-08 08:58:33 +0000 UTC reason=InconsistentVersion wsjob=wsjob-xylsbobyzi3mxggpqajkn7 message='Warning: job image version 2.9.0-202512242343-6-e2e12a41 is inconsistent with cluster server version 3.1.0-202511212135-400-1f941dc2+1f941dc2ab, there's a risk job could fail due to inconsistent setup.'
Event 2026-04-08 08:58:40 +0000 UTC reason=InconsistentVersion wsjob=wsjob-nqf5pjjxixru5s5tvst7sw message='Warning: job image version 2.9.0-202512242343-6-e2e12a41 is inconsistent with cluster server version 3.1.0-202511212135-400-1f941dc2+1f941dc2ab, there's a risk job could fail due to inconsistent setup.'
2026-04-08 08:59:37,655 INFO     CSL compiler output:
	CSL compiler produced no messages. Compilation successful.
2026-04-08 08:59:40,862 INFO     CSL compiler output:
	CSL compiler produced no messages. Compilation successful.
Event 2026-04-08 08:59:44 +0000 UTC reason=InconsistentVersion wsjob=wsjob-4zapgfeghohpjjwta84kfv message='Warning: job image version 2.9.0-202512242343-6-e2e12a41 is inconsistent with cluster server version 3.1.0-202511212135-400-1f941dc2+1f941dc2ab, there's a risk job could fail due to inconsistent setup.'
Event 2026-04-08 08:59:40 +0000 UTC reason=InconsistentVersion wsjob=wsjob-45iml6jo825nqkdcszsbac message='Warning: job image version 2.9.0-202512242343-6-e2e12a41 is inconsistent with cluster server version 3.1.0-202511212135-400-1f941dc2+1f941dc2ab, there's a risk job could fail due to inconsistent setup.'
Event 2026-04-08 08:59:58 +0000 UTC reason=InconsistentVersion wsjob=wsjob-avrizcu3yagp5plp46h887 message='Warning: job image version 2.9.0-202512242343-6-e2e12a41 is inconsistent with cluster server version 3.1.0-202511212135-400-1f941dc2+1f941dc2ab, there's a risk job could fail due to inconsistent setup.'
2026-04-08 09:00:13,119 INFO     CSL compiler output:
	CSL compiler produced no messages. Compilation successful.
Event 2026-04-08 09:00:18 +0000 UTC reason=InconsistentVersion wsjob=wsjob-73kekkg65q5brv9ulwuys2 message='Warning: job image version 2.9.0-202512242343-6-e2e12a41 is inconsistent with cluster server version 3.1.0-202511212135-400-1f941dc2+1f941dc2ab, there's a risk job could fail due to inconsistent setup.'
2026-04-08 09:00:41,629 INFO     CSL compiler output:
	CSL compiler produced no messages. Compilation successful.
Event 2026-04-08 09:00:37 +0000 UTC reason=InconsistentVersion wsjob=wsjob-mcejamd9mbuznbfmljifsu message='Warning: job image version 2.9.0-202512242343-6-e2e12a41 is inconsistent with cluster server version 3.1.0-202511212135-400-1f941dc2+1f941dc2ab, there's a risk job could fail due to inconsistent setup.'
2026-04-08 09:00:43,611 INFO     CSL compiler output:
	CSL compiler produced no messages. Compilation successful.
2026-04-08 09:00:50,976 INFO     CSL compiler output:
	CSL compiler produced no messages. Compilation successful.
Event 2026-04-08 09:00:46 +0000 UTC reason=InconsistentVersion wsjob=wsjob-ahxhoprgczk4x4puvvuf2v message='Warning: job image version 2.9.0-202512242343-6-e2e12a41 is inconsistent with cluster server version 3.1.0-202511212135-400-1f941dc2+1f941dc2ab, there's a risk job could fail due to inconsistent setup.'
Event 2026-04-08 09:00:53 +0000 UTC reason=InconsistentVersion wsjob=wsjob-bb6cwpotmeetczz6mrq7um message='Warning: job image version 2.9.0-202512242343-6-e2e12a41 is inconsistent with cluster server version 3.1.0-202511212135-400-1f941dc2+1f941dc2ab, there's a risk job could fail due to inconsistent setup.'
Event 2026-04-08 09:00:53 +0000 UTC reason=InconsistentVersion wsjob=wsjob-cvqqxqjlfews4wrhaaspsm message='Warning: job image version 2.9.0-202512242343-6-e2e12a41 is inconsistent with cluster server version 3.1.0-202511212135-400-1f941dc2+1f941dc2ab, there's a risk job could fail due to inconsistent setup.'
2026-04-08 09:01:08,019 INFO     CSL compiler output:
	CSL compiler produced no messages. Compilation successful.
Event 2026-04-08 09:01:13 +0000 UTC reason=InconsistentVersion wsjob=wsjob-exvqx3ganz8wvbdbm5rdm6 message='Warning: job image version 2.9.0-202512242343-6-e2e12a41 is inconsistent with cluster server version 3.1.0-202511212135-400-1f941dc2+1f941dc2ab, there's a risk job could fail due to inconsistent setup.'
2026-04-08 09:01:40,676 INFO     CSL compiler output:
	CSL compiler produced no messages. Compilation successful.
Event 2026-04-08 09:01:34 +0000 UTC reason=InconsistentVersion wsjob=wsjob-lzhpctn4w4mumiyck88fli message='Warning: job image version 2.9.0-202512242343-6-e2e12a41 is inconsistent with cluster server version 3.1.0-202511212135-400-1f941dc2+1f941dc2ab, there's a risk job could fail due to inconsistent setup.'
Event 2026-04-08 09:01:43 +0000 UTC reason=InconsistentVersion wsjob=wsjob-frq7pbpgguyh6fxpvex5on message='Warning: job image version 2.9.0-202512242343-6-e2e12a41 is inconsistent with cluster server version 3.1.0-202511212135-400-1f941dc2+1f941dc2ab, there's a risk job could fail due to inconsistent setup.'
2026-04-08 09:02:01,920 INFO     CSL compiler output:
	CSL compiler produced no messages. Compilation successful.
Event 2026-04-08 09:02:05 +0000 UTC reason=InconsistentVersion wsjob=wsjob-gvqsq7ubtay6goc3ksh4p7 message='Warning: job image version 2.9.0-202512242343-6-e2e12a41 is inconsistent with cluster server version 3.1.0-202511212135-400-1f941dc2+1f941dc2ab, there's a risk job could fail due to inconsistent setup.'
Event 2026-04-08 09:02:09 +0000 UTC reason=InconsistentVersion wsjob=wsjob-cwuwibaflgk9tbrgftzptv message='Warning: job image version 2.9.0-202512242343-6-e2e12a41 is inconsistent with cluster server version 3.1.0-202511212135-400-1f941dc2+1f941dc2ab, there's a risk job could fail due to inconsistent setup.'
2026-04-08 09:02:35,306 INFO     CSL compiler output:
	CSL compiler produced no messages. Compilation successful.
Event 2026-04-08 09:02:23 +0000 UTC reason=InconsistentVersion wsjob=wsjob-gqbrl8qvarsgswsw8cdyka message='Warning: job image version 2.9.0-202512242343-6-e2e12a41 is inconsistent with cluster server version 3.1.0-202511212135-400-1f941dc2+1f941dc2ab, there's a risk job could fail due to inconsistent setup.'
2026-04-08 09:02:42,998 INFO     CSL compiler output:
	CSL compiler produced no messages. Compilation successful.
Event 2026-04-08 09:02:45 +0000 UTC reason=InconsistentVersion wsjob=wsjob-izg6sztwsq49nqaxxvwuza message='Warning: job image version 2.9.0-202512242343-6-e2e12a41 is inconsistent with cluster server version 3.1.0-202511212135-400-1f941dc2+1f941dc2ab, there's a risk job could fail due to inconsistent setup.'
Event 2026-04-08 09:02:38 +0000 UTC reason=InconsistentVersion wsjob=wsjob-ijwjruga2opv3244bzfmkc message='Warning: job image version 2.9.0-202512242343-6-e2e12a41 is inconsistent with cluster server version 3.1.0-202511212135-400-1f941dc2+1f941dc2ab, there's a risk job could fail due to inconsistent setup.'
2026-04-08 09:03:31,083 INFO     CSL compiler output:
	CSL compiler produced no messages. Compilation successful.
Event 2026-04-08 09:03:19 +0000 UTC reason=InconsistentVersion wsjob=wsjob-kgxazgpyyraewqj8nhda8j message='Warning: job image version 2.9.0-202512242343-6-e2e12a41 is inconsistent with cluster server version 3.1.0-202511212135-400-1f941dc2+1f941dc2ab, there's a risk job could fail due to inconsistent setup.'
2026-04-08 09:03:41,517 INFO     CSL compiler output:
	CSL compiler produced no messages. Compilation successful.
Event 2026-04-08 09:03:33 +0000 UTC reason=InconsistentVersion wsjob=wsjob-jsnta7mm58umepmxuujjvt message='Warning: job image version 2.9.0-202512242343-6-e2e12a41 is inconsistent with cluster server version 3.1.0-202511212135-400-1f941dc2+1f941dc2ab, there's a risk job could fail due to inconsistent setup.'
Event 2026-04-08 09:03:44 +0000 UTC reason=InconsistentVersion wsjob=wsjob-odnwwt6iax2zpecjezndnk message='Warning: job image version 2.9.0-202512242343-6-e2e12a41 is inconsistent with cluster server version 3.1.0-202511212135-400-1f941dc2+1f941dc2ab, there's a risk job could fail due to inconsistent setup.'
2026-04-08 09:03:54,897 INFO     CSL compiler output:
	CSL compiler produced no messages. Compilation successful.
2026-04-08 09:03:56,238 INFO     CSL compiler output:
	CSL compiler produced no messages. Compilation successful.
Event 2026-04-08 09:03:54 +0000 UTC reason=InconsistentVersion wsjob=wsjob-twp2ycrtqhqipqyboxt7er message='Warning: job image version 2.9.0-202512242343-6-e2e12a41 is inconsistent with cluster server version 3.1.0-202511212135-400-1f941dc2+1f941dc2ab, there's a risk job could fail due to inconsistent setup.'
Event 2026-04-08 09:04:06 +0000 UTC reason=InconsistentVersion wsjob=wsjob-pzy5xcxsucghdjpegywf9d message='Warning: job image version 2.9.0-202512242343-6-e2e12a41 is inconsistent with cluster server version 3.1.0-202511212135-400-1f941dc2+1f941dc2ab, there's a risk job could fail due to inconsistent setup.'
Event 2026-04-08 09:04:08 +0000 UTC reason=InconsistentVersion wsjob=wsjob-wfjfcxv4mydrowd7xjcvja message='Warning: job image version 2.9.0-202512242343-6-e2e12a41 is inconsistent with cluster server version 3.1.0-202511212135-400-1f941dc2+1f941dc2ab, there's a risk job could fail due to inconsistent setup.'
Event 2026-04-08 09:04:19 +0000 UTC reason=InconsistentVersion wsjob=wsjob-jcgvwjqu8qqhubfhzrtndv message='Warning: job image version 2.9.0-202512242343-6-e2e12a41 is inconsistent with cluster server version 3.1.0-202511212135-400-1f941dc2+1f941dc2ab, there's a risk job could fail due to inconsistent setup.'
2026-04-08 09:04:42,166 INFO     CSL compiler output:
	CSL compiler produced no messages. Compilation successful.
2026-04-08 09:04:42,749 INFO     CSL compiler output:
	CSL compiler produced no messages. Compilation successful.
2026-04-08 09:04:45,380 INFO     CSL compiler output:
	CSL compiler produced no messages. Compilation successful.
Event 2026-04-08 09:04:46 +0000 UTC reason=InconsistentVersion wsjob=wsjob-ws7uqegn2pkmeqahaznbw5 message='Warning: job image version 2.9.0-202512242343-6-e2e12a41 is inconsistent with cluster server version 3.1.0-202511212135-400-1f941dc2+1f941dc2ab, there's a risk job could fail due to inconsistent setup.'
Event 2026-04-08 09:04:46 +0000 UTC reason=InconsistentVersion wsjob=wsjob-7g89bxhigaawdnyadq3jnm message='Warning: job image version 2.9.0-202512242343-6-e2e12a41 is inconsistent with cluster server version 3.1.0-202511212135-400-1f941dc2+1f941dc2ab, there's a risk job could fail due to inconsistent setup.'
2026-04-08 09:05:06,768 INFO     CSL compiler output:
	CSL compiler produced no messages. Compilation successful.
Event 2026-04-08 09:04:49 +0000 UTC reason=InconsistentVersion wsjob=wsjob-9fqmn5gd6rdqjqbcdpcpks message='Warning: job image version 2.9.0-202512242343-6-e2e12a41 is inconsistent with cluster server version 3.1.0-202511212135-400-1f941dc2+1f941dc2ab, there's a risk job could fail due to inconsistent setup.'
Event 2026-04-08 09:05:23 +0000 UTC reason=InconsistentVersion wsjob=wsjob-khwehhtsqdzk3wcdiavj4e message='Warning: job image version 2.9.0-202512242343-6-e2e12a41 is inconsistent with cluster server version 3.1.0-202511212135-400-1f941dc2+1f941dc2ab, there's a risk job could fail due to inconsistent setup.'
Event 2026-04-08 09:05:12 +0000 UTC reason=InconsistentVersion wsjob=wsjob-aatzcfj8t6wod96nz8krde message='Warning: job image version 2.9.0-202512242343-6-e2e12a41 is inconsistent with cluster server version 3.1.0-202511212135-400-1f941dc2+1f941dc2ab, there's a risk job could fail due to inconsistent setup.'
2026-04-08 09:05:31,740 INFO     CSL compiler output:
	CSL compiler produced no messages. Compilation successful.
Event 2026-04-08 09:05:34 +0000 UTC reason=InconsistentVersion wsjob=wsjob-kjugvcsupvzhommuy2fkh4 message='Warning: job image version 2.9.0-202512242343-6-e2e12a41 is inconsistent with cluster server version 3.1.0-202511212135-400-1f941dc2+1f941dc2ab, there's a risk job could fail due to inconsistent setup.'
2026-04-08 09:05:46,690 INFO     CSL compiler output:
	CSL compiler produced no messages. Compilation successful.
2026-04-08 09:05:53,848 INFO     CSL compiler output:
	CSL compiler produced no messages. Compilation successful.
2026-04-08 09:05:54,648 INFO     CSL compiler output:
	CSL compiler produced no messages. Compilation successful.
Event 2026-04-08 09:05:50 +0000 UTC reason=InconsistentVersion wsjob=wsjob-mnfumwyqaoeiyhd6sndnxl message='Warning: job image version 2.9.0-202512242343-6-e2e12a41 is inconsistent with cluster server version 3.1.0-202511212135-400-1f941dc2+1f941dc2ab, there's a risk job could fail due to inconsistent setup.'
Event 2026-04-08 09:05:57 +0000 UTC reason=InconsistentVersion wsjob=wsjob-u3cqwbsa4aorcjopdmqiza message='Warning: job image version 2.9.0-202512242343-6-e2e12a41 is inconsistent with cluster server version 3.1.0-202511212135-400-1f941dc2+1f941dc2ab, there's a risk job could fail due to inconsistent setup.'
Event 2026-04-08 09:05:58 +0000 UTC reason=InconsistentVersion wsjob=wsjob-bbezu6wvkbruw5ajkaljj9 message='Warning: job image version 2.9.0-202512242343-6-e2e12a41 is inconsistent with cluster server version 3.1.0-202511212135-400-1f941dc2+1f941dc2ab, there's a risk job could fail due to inconsistent setup.'
2026-04-08 09:06:33,605 INFO     CSL compiler output:
	CSL compiler produced no messages. Compilation successful.
Event 2026-04-08 09:06:21 +0000 UTC reason=InconsistentVersion wsjob=wsjob-lnnlpkmnynfs4zcctcpac2 message='Warning: job image version 2.9.0-202512242343-6-e2e12a41 is inconsistent with cluster server version 3.1.0-202511212135-400-1f941dc2+1f941dc2ab, there's a risk job could fail due to inconsistent setup.'
Event 2026-04-08 09:06:36 +0000 UTC reason=InconsistentVersion wsjob=wsjob-j9qfdwyojy8pvoihsrhk73 message='Warning: job image version 2.9.0-202512242343-6-e2e12a41 is inconsistent with cluster server version 3.1.0-202511212135-400-1f941dc2+1f941dc2ab, there's a risk job could fail due to inconsistent setup.'
2026-04-08 09:07:17,635 INFO     CSL compiler output:
	CSL compiler produced no messages. Compilation successful.
Event 2026-04-08 09:07:12 +0000 UTC reason=InconsistentVersion wsjob=wsjob-c2rdbusdt4qy8wnpwxpvcp message='Warning: job image version 2.9.0-202512242343-6-e2e12a41 is inconsistent with cluster server version 3.1.0-202511212135-400-1f941dc2+1f941dc2ab, there's a risk job could fail due to inconsistent setup.'
2026-04-08 09:07:37,736 INFO     CSL compiler output:
	CSL compiler produced no messages. Compilation successful.
Event 2026-04-08 09:07:23 +0000 UTC reason=InconsistentVersion wsjob=wsjob-kklke5hwlkcxd8zdbpwyty message='Warning: job image version 2.9.0-202512242343-6-e2e12a41 is inconsistent with cluster server version 3.1.0-202511212135-400-1f941dc2+1f941dc2ab, there's a risk job could fail due to inconsistent setup.'
Event 2026-04-08 09:07:41 +0000 UTC reason=InconsistentVersion wsjob=wsjob-nzhttnzynuw7m2ucgvtkqv message='Warning: job image version 2.9.0-202512242343-6-e2e12a41 is inconsistent with cluster server version 3.1.0-202511212135-400-1f941dc2+1f941dc2ab, there's a risk job could fail due to inconsistent setup.'
Event 2026-04-08 09:08:04 +0000 UTC reason=InconsistentVersion wsjob=wsjob-kgghqvcqrjvnhmj6v7qaqp message='Warning: job image version 2.9.0-202512242343-6-e2e12a41 is inconsistent with cluster server version 3.1.0-202511212135-400-1f941dc2+1f941dc2ab, there's a risk job could fail due to inconsistent setup.'
2026-04-08 09:08:45,121 INFO     CSL compiler output:
	CSL compiler produced no messages. Compilation successful.
2026-04-08 09:08:46,332 INFO     CSL compiler output:
	CSL compiler produced no messages. Compilation successful.
2026-04-08 09:08:54,384 INFO     CSL compiler output:
	CSL compiler produced no messages. Compilation successful.
2026-04-08 09:09:01,054 INFO     CSL compiler output:
	CSL compiler produced no messages. Compilation successful.
Event 2026-04-08 09:08:51 +0000 UTC reason=InconsistentVersion wsjob=wsjob-qbj7jtqwicvuhqdpxhkku6 message='Warning: job image version 2.9.0-202512242343-6-e2e12a41 is inconsistent with cluster server version 3.1.0-202511212135-400-1f941dc2+1f941dc2ab, there's a risk job could fail due to inconsistent setup.'
Event 2026-04-08 09:09:19 +0000 UTC reason=InconsistentVersion wsjob=wsjob-6jkm76szd26ozjw6mlk8ke message='Warning: job image version 2.9.0-202512242343-6-e2e12a41 is inconsistent with cluster server version 3.1.0-202511212135-400-1f941dc2+1f941dc2ab, there's a risk job could fail due to inconsistent setup.'
2026-04-08 09:10:18,876 INFO     CSL compiler output:
	CSL compiler produced no messages. Compilation successful.
Event 2026-04-08 09:10:51 +0000 UTC reason=InconsistentVersion wsjob=wsjob-2jknuqqsxigm5dnkqbyhg6 message='Warning: job image version 2.9.0-202512242343-6-e2e12a41 is inconsistent with cluster server version 3.1.0-202511212135-400-1f941dc2+1f941dc2ab, there's a risk job could fail due to inconsistent setup.'
Event 2026-04-08 09:10:49 +0000 UTC reason=InconsistentVersion wsjob=wsjob-zmqauiyrf2ukera7rtmypk message='Warning: job image version 2.9.0-202512242343-6-e2e12a41 is inconsistent with cluster server version 3.1.0-202511212135-400-1f941dc2+1f941dc2ab, there's a risk job could fail due to inconsistent setup.'
Event 2026-04-08 09:11:37 +0000 UTC reason=InconsistentVersion wsjob=wsjob-mjylcboyv6qhsmvmgztz6w message='Warning: job image version 2.9.0-202512242343-6-e2e12a41 is inconsistent with cluster server version 3.1.0-202511212135-400-1f941dc2+1f941dc2ab, there's a risk job could fail due to inconsistent setup.'
Event 2026-04-08 09:12:47 +0000 UTC reason=InconsistentVersion wsjob=wsjob-nerparkm5wt7v3kpnc35nb message='Warning: job image version 2.9.0-202512242343-6-e2e12a41 is inconsistent with cluster server version 3.1.0-202511212135-400-1f941dc2+1f941dc2ab, there's a risk job could fail due to inconsistent setup.'
Event 2026-04-08 09:13:13 +0000 UTC reason=InconsistentVersion wsjob=wsjob-f8q72ajarcnusnaqbpwxw5 message='Warning: job image version 2.9.0-202512242343-6-e2e12a41 is inconsistent with cluster server version 3.1.0-202511212135-400-1f941dc2+1f941dc2ab, there's a risk job could fail due to inconsistent setup.'
Event 2026-04-08 09:13:31 +0000 UTC reason=InconsistentVersion wsjob=wsjob-dhrb4rh2orrtk6dfb4dezu message='Warning: job image version 2.9.0-202512242343-6-e2e12a41 is inconsistent with cluster server version 3.1.0-202511212135-400-1f941dc2+1f941dc2ab, there's a risk job could fail due to inconsistent setup.'
Event 2026-04-08 09:14:01 +0000 UTC reason=InconsistentVersion wsjob=wsjob-nwhz6gcymqvw98z63uaipg message='Warning: job image version 2.9.0-202512242343-6-e2e12a41 is inconsistent with cluster server version 3.1.0-202511212135-400-1f941dc2+1f941dc2ab, there's a risk job could fail due to inconsistent setup.'
Event 2026-04-08 09:16:26 +0000 UTC reason=InconsistentVersion wsjob=wsjob-zqersptfg4re6jmphynqfu message='Warning: job image version 2.9.0-202512242343-6-e2e12a41 is inconsistent with cluster server version 3.1.0-202511212135-400-1f941dc2+1f941dc2ab, there's a risk job could fail due to inconsistent setup.'
Event 2026-04-08 09:16:40 +0000 UTC reason=InconsistentVersion wsjob=wsjob-mqzejy7upqsqxaifw6qgfb message='Warning: job image version 2.9.0-202512242343-6-e2e12a41 is inconsistent with cluster server version 3.1.0-202511212135-400-1f941dc2+1f941dc2ab, there's a risk job could fail due to inconsistent setup.'
Event 2026-04-08 09:19:38 +0000 UTC reason=InconsistentVersion wsjob=wsjob-kjdovdthuu22wa3pu7mu32 message='Warning: job image version 2.9.0-202512242343-6-e2e12a41 is inconsistent with cluster server version 3.1.0-202511212135-400-1f941dc2+1f941dc2ab, there's a risk job could fail due to inconsistent setup.'
Event 2026-04-08 09:20:42 +0000 UTC reason=InconsistentVersion wsjob=wsjob-fusembq5mxomoqz2qn7dgs message='Warning: job image version 2.9.0-202512242343-6-e2e12a41 is inconsistent with cluster server version 3.1.0-202511212135-400-1f941dc2+1f941dc2ab, there's a risk job could fail due to inconsistent setup.'
Event 2026-04-08 09:21:41 +0000 UTC reason=InconsistentVersion wsjob=wsjob-m3seuycqrud5nwkxn7qn99 message='Warning: job image version 2.9.0-202512242343-6-e2e12a41 is inconsistent with cluster server version 3.1.0-202511212135-400-1f941dc2+1f941dc2ab, there's a risk job could fail due to inconsistent setup.'
Event 2026-04-08 09:21:53 +0000 UTC reason=InconsistentVersion wsjob=wsjob-oth3mtfe9prqgip6wtmnte message='Warning: job image version 2.9.0-202512242343-6-e2e12a41 is inconsistent with cluster server version 3.1.0-202511212135-400-1f941dc2+1f941dc2ab, there's a risk job could fail due to inconsistent setup.'
Event 2026-04-08 09:22:15 +0000 UTC reason=InconsistentVersion wsjob=wsjob-2253yjwm8g2ffcwjsuhyfn message='Warning: job image version 2.9.0-202512242343-6-e2e12a41 is inconsistent with cluster server version 3.1.0-202511212135-400-1f941dc2+1f941dc2ab, there's a risk job could fail due to inconsistent setup.'
Event 2026-04-08 09:23:52 +0000 UTC reason=InconsistentVersion wsjob=wsjob-hfempedet72qnxa5wwig6c message='Warning: job image version 2.9.0-202512242343-6-e2e12a41 is inconsistent with cluster server version 3.1.0-202511212135-400-1f941dc2+1f941dc2ab, there's a risk job could fail due to inconsistent setup.'
Event 2026-04-08 09:24:32 +0000 UTC reason=InconsistentVersion wsjob=wsjob-xmi4bu9kvi8ef97a3ybmye message='Warning: job image version 2.9.0-202512242343-6-e2e12a41 is inconsistent with cluster server version 3.1.0-202511212135-400-1f941dc2+1f941dc2ab, there's a risk job could fail due to inconsistent setup.'
Event 2026-04-08 09:24:37 +0000 UTC reason=InconsistentVersion wsjob=wsjob-y3bfwy2qucedn9z7myz7pb message='Warning: job image version 2.9.0-202512242343-6-e2e12a41 is inconsistent with cluster server version 3.1.0-202511212135-400-1f941dc2+1f941dc2ab, there's a risk job could fail due to inconsistent setup.'
Event 2026-04-08 09:24:36 +0000 UTC reason=InconsistentVersion wsjob=wsjob-8sxwux3waaveuk5fztfrwe message='Warning: job image version 2.9.0-202512242343-6-e2e12a41 is inconsistent with cluster server version 3.1.0-202511212135-400-1f941dc2+1f941dc2ab, there's a risk job could fail due to inconsistent setup.'
Event 2026-04-08 09:27:26 +0000 UTC reason=InconsistentVersion wsjob=wsjob-mvxmzznvbchqcuaf4vhawd message='Warning: job image version 2.9.0-202512242343-6-e2e12a41 is inconsistent with cluster server version 3.1.0-202511212135-400-1f941dc2+1f941dc2ab, there's a risk job could fail due to inconsistent setup.'
Event 2026-04-08 09:27:28 +0000 UTC reason=InconsistentVersion wsjob=wsjob-edv5reghq8k3huudhytcnh message='Warning: job image version 2.9.0-202512242343-6-e2e12a41 is inconsistent with cluster server version 3.1.0-202511212135-400-1f941dc2+1f941dc2ab, there's a risk job could fail due to inconsistent setup.'
Event 2026-04-08 09:27:38 +0000 UTC reason=InconsistentVersion wsjob=wsjob-r6q2xpkvxpkux99aezzqe5 message='Warning: job image version 2.9.0-202512242343-6-e2e12a41 is inconsistent with cluster server version 3.1.0-202511212135-400-1f941dc2+1f941dc2ab, there's a risk job could fail due to inconsistent setup.'
